[2026-07-08 01:19:34] cycle 1
[2026-07-08 01:23:39] cycle 1 (Grok ai.x.grok)
[2026-07-08 01:23:40] waiting for new Grok response (agent block)...
[2026-07-08 01:38:41] timeout 900s waiting for Grok reply with CMD/WRITE_FILE/TASK_COMPLETE
[2026-07-08 01:38:46] cycle 2 (Grok ai.x.grok)
[2026-07-08 01:39:30] waiting for new Grok response (agent block)...
[2026-07-08 01:43:26] Broccoli loop started (Termux may stay background; Grok brought forward automatically)
[2026-07-08 01:43:26] Broccoli loop started (Termux may stay background; Grok brought forward automatically)
[2026-07-08 01:43:26] cycle 1
[2026-07-08 01:43:26] cycle 1
Events injected: 1
[2026-07-08 01:44:45] Grok launched + outbox sent; polling Copy chip until new agent reply...
[2026-07-08 01:44:45] Grok launched + outbox sent; polling Copy chip until new agent reply...
Traceback (most recent call last):
  File "/data/data/com.termux/files/home/broccoli/broccoli_chat_loop.py", line 49, in <module>
    raise SystemExit(main())
                     ~~~~^^
  File "/data/data/com.termux/files/home/broccoli/broccoli_chat_loop.py", line 41, in main
    st = one_cycle(args.wait_sec, args.poll)
  File "/data/data/com.termux/files/home/broccoli/broccoli_chat_loop.py", line 21, in one_cycle
    r = chat_scraper.wait_for_new_response(wait_sec, poll)
  File "/data/data/com.termux/files/home/broccoli/chat_scraper.py", line 98, in wait_for_new_response
    r = scrape_once()
  File "/data/data/com.termux/files/home/broccoli/chat_scraper.py", line 79, in scrape_once
    last, err = fetch_via_copy_chip()
                ~~~~~~~~~~~~~~~~~~~^^
  File "/data/data/com.termux/files/home/broccoli/chat_scraper.py", line 56, in fetch_via_copy_chip
    proc = subprocess.run(
        ["bash", str(BROCCOLI_DIR / "chat_copy_fetch.sh")],
        capture_output=True, text=True, timeout=120, cwd=str(BROCCOLI_DIR),
    )
  File "/data/data/com.termux/files/usr/lib/python3.13/subprocess.py", line 556, in run
    stdout, stderr = process.communicate(input, timeout=timeout)
                     ~~~~~~~~~~~~~~~~~~~^^^^^^^^^^^^^^^^^^^^^^^^
  File "/data/data/com.termux/files/usr/lib/python3.13/subprocess.py", line 1222, in communicate
    stdout, stderr = self._communicate(input, endtime, timeout)
                     ~~~~~~~~~~~~~~~~~^^^^^^^^^^^^^^^^^^^^^^^^^
  File "/data/data/com.termux/files/usr/lib/python3.13/subprocess.py", line 2153, in _communicate
    self._check_timeout(endtime, orig_timeout, stdout, stderr)
    ~~~~~~~~~~~~~~~~~~~^^^^^^^^^^^^^^^^^^^^^^^^^^^^^^^^^^^^^^^
  File "/data/data/com.termux/files/usr/lib/python3.13/subprocess.py", line 1269, in _check_timeout
    raise TimeoutExpired(
    ...<2 lines>...
            stderr=b''.join(stderr_seq) if stderr_seq else None)
subprocess.TimeoutExpired: Command '['bash', '/data/data/com.termux/files/home/broccoli/chat_copy_fetch.sh']' timed out after 120 seconds
[2026-07-08 01:52:26] inbox_response.txt written from Grok UI scrape
[2026-07-08 01:52:27] execute inbox rc=2
[2026-07-08 01:52:27] cycle 3 (Grok ai.x.grok)
[2026-07-08 01:53:40] waiting for new Grok response (agent block)...
[2026-07-08 01:57:52] inbox_response.txt written from Grok UI scrape
/data/data/com.termux/files/home/broccoli/outbox_context.txt
=== Daemon Started: 2026-07-18T00:54:42-04:00 ===
Request timeout. The connection between the current app (com.termux) and Shizuku app may be blocked by your system. Please disable all battery optimization features for both current app (com.termux) and Shizuku app.
=== Broccoli Daemon + Auto Send (984,1381) 2026-07-18T01:02:01-04:00 ===
[01:02:01] tick
Traceback (most recent call last):
  File "<stdin>", line 3, in <module>
ModuleNotFoundError: No module named 'lib.foreground_detect'
harvest err
Traceback (most recent call last):
  File "<stdin>", line 1, in <module>
ModuleNotFoundError: No module named 'lib.auto_governor'
governor err
[01:02:38] tick
Traceback (most recent call last):
  File "<stdin>", line 3, in <module>
ModuleNotFoundError: No module named 'lib.foreground_detect'
harvest err
Traceback (most recent call last):
  File "<stdin>", line 1, in <module>
ModuleNotFoundError: No module named 'lib.auto_governor'
governor err
[01:03:12] tick
Traceback (most recent call last):
  File "<stdin>", line 3, in <module>
ModuleNotFoundError: No module named 'lib.foreground_detect'
harvest err
Traceback (most recent call last):
  File "<stdin>", line 1, in <module>
ModuleNotFoundError: No module named 'lib.auto_governor'
governor err
[01:03:48] tick
Traceback (most recent call last):
  File "<stdin>", line 3, in <module>
ModuleNotFoundError: No module named 'lib.foreground_detect'
harvest err
Traceback (most recent call last):
  File "<stdin>", line 1, in <module>
ModuleNotFoundError: No module named 'lib.auto_governor'
governor err
=== Broccoli Daemon + Auto Send (984,1381) 2026-07-18T01:04:01-04:00 ===
[01:04:01] tick
Traceback (most recent call last):
  File "<stdin>", line 3, in <module>
ModuleNotFoundError: No module named 'lib.foreground_detect'
harvest err
Traceback (most recent call last):
  File "<stdin>", line 1, in <module>
ModuleNotFoundError: No module named 'lib.auto_governor'
governor err
[01:04:41] tick
Traceback (most recent call last):
  File "<stdin>", line 3, in <module>
ModuleNotFoundError: No module named 'lib.foreground_detect'
harvest err
Traceback (most recent call last):
  File "<stdin>", line 1, in <module>
ModuleNotFoundError: No module named 'lib.auto_governor'
governor err
[01:05:17] tick
Traceback (most recent call last):
  File "<stdin>", line 3, in <module>
ModuleNotFoundError: No module named 'lib.foreground_detect'
harvest err
Traceback (most recent call last):
  File "<stdin>", line 1, in <module>
ModuleNotFoundError: No module named 'lib.auto_governor'
governor err
[01:05:50] tick
Traceback (most recent call last):
  File "<stdin>", line 3, in <module>
ModuleNotFoundError: No module named 'lib.foreground_detect'
harvest err
Traceback (most recent call last):
  File "<stdin>", line 1, in <module>
ModuleNotFoundError: No module named 'lib.auto_governor'
governor err
=== Broccoli Daemon + Google Drive Sync + Auto Send (984,1381) 2026-07-18T01:06:22-04:00 ===
[01:06:22] tick
Traceback (most recent call last):
  File "<stdin>", line 3, in <module>
ModuleNotFoundError: No module named 'lib.foreground_detect'
harvest err
Traceback (most recent call last):
  File "<stdin>", line 1, in <module>
ModuleNotFoundError: No module named 'lib.auto_governor'
governor err
[2026-07-18 01:06:31] Starting Broccoli workspace backup sync...
[01:06:57] tick
Traceback (most recent call last):
  File "<stdin>", line 3, in <module>
ModuleNotFoundError: No module named 'lib.foreground_detect'
harvest err
Traceback (most recent call last):
  File "<stdin>", line 1, in <module>
ModuleNotFoundError: No module named 'lib.auto_governor'
governor err
[2026-07-18 01:07:11] Starting Broccoli workspace backup sync...
[01:07:36] tick
Traceback (most recent call last):
  File "<stdin>", line 3, in <module>
ModuleNotFoundError: No module named 'lib.foreground_detect'
harvest err
Traceback (most recent call last):
  File "<stdin>", line 1, in <module>
ModuleNotFoundError: No module named 'lib.auto_governor'
governor err
[2026-07-18 01:07:55] Starting Broccoli workspace backup sync...
[01:08:21] tick
Traceback (most recent call last):
  File "<stdin>", line 3, in <module>
ModuleNotFoundError: No module named 'lib.foreground_detect'
harvest err
Traceback (most recent call last):
  File "<stdin>", line 1, in <module>
ModuleNotFoundError: No module named 'lib.auto_governor'
governor err
[2026-07-18 01:08:34] Starting Broccoli workspace backup sync...
=== Broccoli Daemon + Google Drive Sync + Auto Send (984,1381) 2026-07-18T01:08:55-04:00 ===
[01:08:55] tick
/data/data/com.termux/files/home/~/broccoli/~/broccoli/~/broccoli/~/broccoli/lib/foreground_detect.py:9: SyntaxWarning: "\~" is an invalid escape sequence. Such sequences will not work in the future. Did you mean "\\~"? A raw string is also an option.
  ui = Path(root or "\~/broccoli") / "ui"
Traceback (most recent call last):
  File "<stdin>", line 4, in <module>
ImportError: cannot import name 'harvest_payload' from 'modules.chat_store' (/data/data/com.termux/files/home/broccoli/modules/chat_store.py)
harvest err
Governor: ok sleep 25 task harvest
[2026-07-18 01:09:06] Starting Broccoli workspace backup sync...
[01:09:32] tick
Traceback (most recent call last):
  File "<stdin>", line 4, in <module>
ImportError: cannot import name 'harvest_payload' from 'modules.chat_store' (/data/data/com.termux/files/home/broccoli/modules/chat_store.py)
harvest err
Governor: ok sleep 25 task harvest
[2026-07-18 01:09:43] Starting Broccoli workspace backup sync...
[01:10:08] tick
Traceback (most recent call last):
  File "<stdin>", line 4, in <module>
ImportError: cannot import name 'harvest_payload' from 'modules.chat_store' (/data/data/com.termux/files/home/broccoli/modules/chat_store.py)
harvest err
Governor: ok sleep 25 task harvest
[2026-07-18 01:10:16] Starting Broccoli workspace backup sync...
[01:10:42] tick
Traceback (most recent call last):
  File "<stdin>", line 4, in <module>
ImportError: cannot import name 'harvest_payload' from 'modules.chat_store' (/data/data/com.termux/files/home/broccoli/modules/chat_store.py)
harvest err
Governor: ok sleep 25 task harvest
[2026-07-18 01:10:50] Starting Broccoli workspace backup sync...
[01:11:15] tick
Traceback (most recent call last):
  File "<stdin>", line 4, in <module>
ImportError: cannot import name 'harvest_payload' from 'modules.chat_store' (/data/data/com.termux/files/home/broccoli/modules/chat_store.py)
harvest err
Governor: ok sleep 25 task harvest
[2026-07-18 01:11:23] Starting Broccoli workspace backup sync...
[01:11:49] tick
Traceback (most recent call last):
  File "<stdin>", line 4, in <module>
ImportError: cannot import name 'harvest_payload' from 'modules.chat_store' (/data/data/com.termux/files/home/broccoli/modules/chat_store.py)
harvest err
Governor: ok sleep 25 task harvest
[2026-07-18 01:11:56] Starting Broccoli workspace backup sync...
[01:12:21] tick
Traceback (most recent call last):
  File "<stdin>", line 4, in <module>
ImportError: cannot import name 'harvest_payload' from 'modules.chat_store' (/data/data/com.termux/files/home/broccoli/modules/chat_store.py)
harvest err
Governor: ok sleep 25 task harvest
[2026-07-18 01:12:28] Starting Broccoli workspace backup sync...
[01:12:53] tick
Traceback (most recent call last):
  File "<stdin>", line 4, in <module>
ImportError: cannot import name 'harvest_payload' from 'modules.chat_store' (/data/data/com.termux/files/home/broccoli/modules/chat_store.py)
harvest err
Governor: ok sleep 25 task harvest
[2026-07-18 01:13:00] Starting Broccoli workspace backup sync...
[01:13:26] tick
Traceback (most recent call last):
  File "<stdin>", line 4, in <module>
ImportError: cannot import name 'harvest_payload' from 'modules.chat_store' (/data/data/com.termux/files/home/broccoli/modules/chat_store.py)
harvest err
Governor: ok sleep 25 task harvest
[2026-07-18 01:13:41] Starting Broccoli workspace backup sync...
[01:14:07] tick
=== Broccoli Daemon + Google Drive Sync + Auto Send (984,1381) 2026-07-18T01:14:20-04:00 ===
[01:14:20] tick
/data/data/com.termux/files/home/~/broccoli/lib/foreground_detect.py:8: SyntaxWarning: "\~" is an invalid escape sequence. Such sequences will not work in the future. Did you mean "\\~"? A raw string is also an option.
  ui = Path(str(root or "\~/broccoli").replace("\~", str(Path.home()))) / "ui"
/data/data/com.termux/files/home/~/broccoli/lib/foreground_detect.py:8: SyntaxWarning: "\~" is an invalid escape sequence. Such sequences will not work in the future. Did you mean "\\~"? A raw string is also an option.
  ui = Path(str(root or "\~/broccoli").replace("\~", str(Path.home()))) / "ui"
Traceback (most recent call last):
  File "<stdin>", line 4, in <module>
ImportError: cannot import name 'harvest_payload' from 'modules.chat_store' (/data/data/com.termux/files/home/broccoli/modules/chat_store.py)
harvest err
Governor: ok sleep 25 task harvest
[2026-07-18 01:14:35] Starting Broccoli workspace backup sync...
[01:15:01] tick
Traceback (most recent call last):
  File "<stdin>", line 4, in <module>
ImportError: cannot import name 'harvest_payload' from 'modules.chat_store' (/data/data/com.termux/files/home/broccoli/modules/chat_store.py)
harvest err
Governor: ok sleep 25 task harvest
[2026-07-18 01:15:11] Starting Broccoli workspace backup sync...
[01:15:37] tick
Traceback (most recent call last):
  File "<stdin>", line 4, in <module>
ImportError: cannot import name 'harvest_payload' from 'modules.chat_store' (/data/data/com.termux/files/home/broccoli/modules/chat_store.py)
harvest err
Governor: ok sleep 25 task harvest
[2026-07-18 01:15:50] Starting Broccoli workspace backup sync...
[01:16:16] tick
Traceback (most recent call last):
  File "<stdin>", line 4, in <module>
ImportError: cannot import name 'harvest_payload' from 'modules.chat_store' (/data/data/com.termux/files/home/broccoli/modules/chat_store.py)
harvest err
Governor: ok sleep 25 task harvest
[2026-07-18 01:16:30] Starting Broccoli workspace backup sync...
=== Broccoli Daemon + Auto Send (984,1381) 2026-07-18T01:16:52-04:00 ===
[01:16:52] tick
Traceback (most recent call last):
  File "<stdin>", line 3, in <module>
ModuleNotFoundError: No module named 'lib.foreground_detect'
harvest err
Traceback (most recent call last):
  File "<stdin>", line 1, in <module>
ModuleNotFoundError: No module named 'lib.auto_governor'
governor err
[01:17:26] tick
Traceback (most recent call last):
  File "<stdin>", line 3, in <module>
ModuleNotFoundError: No module named 'lib.foreground_detect'
harvest err
Traceback (most recent call last):
  File "<stdin>", line 1, in <module>
ModuleNotFoundError: No module named 'lib.auto_governor'
governor err
[01:18:02] tick
=== Broccoli Daemon + Google Drive Sync + Auto Send (984,1381) 2026-07-18T01:18:02-04:00 ===
[01:18:02] tick
Traceback (most recent call last):
  File "<stdin>", line 4, in <module>
ImportError: cannot import name 'harvest_payload' from 'modules.chat_store' (/data/data/com.termux/files/home/broccoli/modules/chat_store.py)
harvest err
Governor: ok sleep 25 task harvest
[2026-07-18 01:18:18] Starting Broccoli workspace backup sync...
[01:18:44] tick
Traceback (most recent call last):
  File "<stdin>", line 4, in <module>
ImportError: cannot import name 'harvest_payload' from 'modules.chat_store' (/data/data/com.termux/files/home/broccoli/modules/chat_store.py)
harvest err
Governor: ok sleep 25 task harvest
[2026-07-18 01:18:54] Starting Broccoli workspace backup sync...
[01:19:20] tick
Traceback (most recent call last):
  File "<stdin>", line 4, in <module>
ImportError: cannot import name 'harvest_payload' from 'modules.chat_store' (/data/data/com.termux/files/home/broccoli/modules/chat_store.py)
harvest err
Governor: ok sleep 25 task harvest
[2026-07-18 01:19:29] Starting Broccoli workspace backup sync...
=== Broccoli Daemon + Google Drive Sync + Auto Send (984,1381) 2026-07-18T01:19:38-04:00 ===
[01:19:39] tick
Traceback (most recent call last):
  File "<stdin>", line 4, in <module>
ImportError: cannot import name 'harvest_payload' from 'modules.chat_store' (/data/data/com.termux/files/home/broccoli/modules/chat_store.py)
harvest err
Governor: ok sleep 25 task harvest
[2026-07-18 01:19:53] Starting Broccoli workspace backup sync...
[01:19:55] tick
Traceback (most recent call last):
  File "<stdin>", line 4, in <module>
ImportError: cannot import name 'harvest_payload' from 'modules.chat_store' (/data/data/com.termux/files/home/broccoli/modules/chat_store.py)
harvest err
Governor: ok sleep 25 task harvest
[2026-07-18 01:20:04] Starting Broccoli workspace backup sync...
[01:20:19] tick
Traceback (most recent call last):
  File "<stdin>", line 4, in <module>
ImportError: cannot import name 'harvest_payload' from 'modules.chat_store' (/data/data/com.termux/files/home/broccoli/modules/chat_store.py)
harvest err
Governor: ok sleep 25 task harvest
[2026-07-18 01:20:28] Starting Broccoli workspace backup sync...
[01:20:30] tick
Traceback (most recent call last):
  File "<stdin>", line 4, in <module>
ImportError: cannot import name 'harvest_payload' from 'modules.chat_store' (/data/data/com.termux/files/home/broccoli/modules/chat_store.py)
harvest err
Governor: ok sleep 25 task harvest
[2026-07-18 01:20:40] Starting Broccoli workspace backup sync...
[01:20:53] tick
[01:21:06] tick
Traceback (most recent call last):
  File "<stdin>", line 4, in <module>
ImportError: cannot import name 'harvest_payload' from 'modules.chat_store' (/data/data/com.termux/files/home/broccoli/modules/chat_store.py)
harvest err
Governor: ok sleep 25 task harvest
[2026-07-18 01:21:11] Starting Broccoli workspace backup sync...
Traceback (most recent call last):
  File "<stdin>", line 4, in <module>
ImportError: cannot import name 'harvest_payload' from 'modules.chat_store' (/data/data/com.termux/files/home/broccoli/modules/chat_store.py)
harvest err
Governor: ok sleep 25 task harvest
[2026-07-18 01:21:32] Starting Broccoli workspace backup sync...
[01:21:38] tick
[01:21:59] tick
Traceback (most recent call last):
  File "<stdin>", line 4, in <module>
ImportError: cannot import name 'harvest_payload' from 'modules.chat_store' (/data/data/com.termux/files/home/broccoli/modules/chat_store.py)
harvest err
Governor: ok sleep 25 task harvest
[2026-07-18 01:22:02] Starting Broccoli workspace backup sync...
Traceback (most recent call last):
  File "<stdin>", line 4, in <module>
ImportError: cannot import name 'harvest_payload' from 'modules.chat_store' (/data/data/com.termux/files/home/broccoli/modules/chat_store.py)
harvest err
Governor: ok sleep 25 task harvest
[2026-07-18 01:22:17] Starting Broccoli workspace backup sync...
[01:22:28] tick
[01:22:43] tick
Traceback (most recent call last):
  File "<stdin>", line 4, in <module>
ImportError: cannot import name 'harvest_payload' from 'modules.chat_store' (/data/data/com.termux/files/home/broccoli/modules/chat_store.py)
harvest err
Governor: ok sleep 25 task harvest
[2026-07-18 01:22:50] Starting Broccoli workspace backup sync...
Traceback (most recent call last):
  File "<stdin>", line 4, in <module>
ImportError: cannot import name 'harvest_payload' from 'modules.chat_store' (/data/data/com.termux/files/home/broccoli/modules/chat_store.py)
harvest err
Governor: ok sleep 25 task harvest
[2026-07-18 01:23:00] Starting Broccoli workspace backup sync...
[01:23:17] tick
=== Broccoli Daemon Start 2026-07-18T01:37:05-04:00 ===
[01:37:05] tick
<stdin>:2: SyntaxWarning: "\~" is an invalid escape sequence. Such sequences will not work in the future. Did you mean "\\~"? A raw string is also an option.
<stdin>:7: SyntaxWarning: "\~" is an invalid escape sequence. Such sequences will not work in the future. Did you mean "\\~"? A raw string is also an option.
/data/data/com.termux/files/home/~/broccoli/lib/foreground_detect.py:11: SyntaxWarning: "\~" is an invalid escape sequence. Such sequences will not work in the future. Did you mean "\\~"? A raw string is also an option.
  base = Path(os.path.expanduser(root or "\~/broccoli"))
Traceback (most recent call last):
  File "<stdin>", line 4, in <module>
ImportError: cannot import name 'harvest_payload' from 'modules.chat_store' (/data/data/com.termux/files/home/broccoli/modules/chat_store.py)
harvest err
<stdin>:2: SyntaxWarning: "\~" is an invalid escape sequence. Such sequences will not work in the future. Did you mean "\\~"? A raw string is also an option.
Governor: ok sleep 25 task harvest
[2026-07-18 01:37:16] Starting Broccoli workspace backup sync...
[01:37:42] tick
<stdin>:2: SyntaxWarning: "\~" is an invalid escape sequence. Such sequences will not work in the future. Did you mean "\\~"? A raw string is also an option.
<stdin>:7: SyntaxWarning: "\~" is an invalid escape sequence. Such sequences will not work in the future. Did you mean "\\~"? A raw string is also an option.
Traceback (most recent call last):
  File "<stdin>", line 4, in <module>
ImportError: cannot import name 'harvest_payload' from 'modules.chat_store' (/data/data/com.termux/files/home/broccoli/modules/chat_store.py)
harvest err
<stdin>:2: SyntaxWarning: "\~" is an invalid escape sequence. Such sequences will not work in the future. Did you mean "\\~"? A raw string is also an option.
Governor: ok sleep 25 task harvest
[2026-07-18 01:37:51] Starting Broccoli workspace backup sync...
[01:38:16] tick
<stdin>:2: SyntaxWarning: "\~" is an invalid escape sequence. Such sequences will not work in the future. Did you mean "\\~"? A raw string is also an option.
<stdin>:7: SyntaxWarning: "\~" is an invalid escape sequence. Such sequences will not work in the future. Did you mean "\\~"? A raw string is also an option.
Traceback (most recent call last):
  File "<stdin>", line 4, in <module>
ImportError: cannot import name 'harvest_payload' from 'modules.chat_store' (/data/data/com.termux/files/home/broccoli/modules/chat_store.py)
harvest err
<stdin>:2: SyntaxWarning: "\~" is an invalid escape sequence. Such sequences will not work in the future. Did you mean "\\~"? A raw string is also an option.
Governor: ok sleep 25 task harvest
[2026-07-18 01:38:23] Starting Broccoli workspace backup sync...
[01:38:48] tick
<stdin>:2: SyntaxWarning: "\~" is an invalid escape sequence. Such sequences will not work in the future. Did you mean "\\~"? A raw string is also an option.
<stdin>:7: SyntaxWarning: "\~" is an invalid escape sequence. Such sequences will not work in the future. Did you mean "\\~"? A raw string is also an option.
Traceback (most recent call last):
  File "<stdin>", line 4, in <module>
ImportError: cannot import name 'harvest_payload' from 'modules.chat_store' (/data/data/com.termux/files/home/broccoli/modules/chat_store.py)
harvest err
<stdin>:2: SyntaxWarning: "\~" is an invalid escape sequence. Such sequences will not work in the future. Did you mean "\\~"? A raw string is also an option.
Governor: ok sleep 25 task harvest
[2026-07-18 01:38:56] Starting Broccoli workspace backup sync...
=== Broccoli Daemon Start 2026-07-18T01:39:12-04:00 ===
[01:39:12] tick
<stdin>:2: SyntaxWarning: "\~" is an invalid escape sequence. Such sequences will not work in the future. Did you mean "\\~"? A raw string is also an option.
<stdin>:7: SyntaxWarning: "\~" is an invalid escape sequence. Such sequences will not work in the future. Did you mean "\\~"? A raw string is also an option.
Traceback (most recent call last):
  File "<stdin>", line 4, in <module>
ImportError: cannot import name 'harvest_payload' from 'modules.chat_store' (/data/data/com.termux/files/home/broccoli/modules/chat_store.py)
harvest err
<stdin>:2: SyntaxWarning: "\~" is an invalid escape sequence. Such sequences will not work in the future. Did you mean "\\~"? A raw string is also an option.
Governor: ok sleep 25 task harvest
[2026-07-18 01:39:19] Starting Broccoli workspace backup sync...
[01:39:21] tick
<stdin>:2: SyntaxWarning: "\~" is an invalid escape sequence. Such sequences will not work in the future. Did you mean "\\~"? A raw string is also an option.
<stdin>:7: SyntaxWarning: "\~" is an invalid escape sequence. Such sequences will not work in the future. Did you mean "\\~"? A raw string is also an option.
Traceback (most recent call last):
  File "<stdin>", line 4, in <module>
ImportError: cannot import name 'harvest_payload' from 'modules.chat_store' (/data/data/com.termux/files/home/broccoli/modules/chat_store.py)
harvest err
<stdin>:2: SyntaxWarning: "\~" is an invalid escape sequence. Such sequences will not work in the future. Did you mean "\\~"? A raw string is also an option.
Governor: ok sleep 25 task harvest
[2026-07-18 01:39:34] Starting Broccoli workspace backup sync...
[01:39:45] tick
<stdin>:2: SyntaxWarning: "\~" is an invalid escape sequence. Such sequences will not work in the future. Did you mean "\\~"? A raw string is also an option.
<stdin>:7: SyntaxWarning: "\~" is an invalid escape sequence. Such sequences will not work in the future. Did you mean "\\~"? A raw string is also an option.
Traceback (most recent call last):
  File "<stdin>", line 4, in <module>
ImportError: cannot import name 'harvest_payload' from 'modules.chat_store' (/data/data/com.termux/files/home/broccoli/modules/chat_store.py)
harvest err
<stdin>:2: SyntaxWarning: "\~" is an invalid escape sequence. Such sequences will not work in the future. Did you mean "\\~"? A raw string is also an option.
Governor: ok sleep 25 task harvest
[2026-07-18 01:39:52] Starting Broccoli workspace backup sync...
[01:40:00] tick
<stdin>:2: SyntaxWarning: "\~" is an invalid escape sequence. Such sequences will not work in the future. Did you mean "\\~"? A raw string is also an option.
<stdin>:7: SyntaxWarning: "\~" is an invalid escape sequence. Such sequences will not work in the future. Did you mean "\\~"? A raw string is also an option.
Traceback (most recent call last):
  File "<stdin>", line 4, in <module>
ImportError: cannot import name 'harvest_payload' from 'modules.chat_store' (/data/data/com.termux/files/home/broccoli/modules/chat_store.py)
harvest err
<stdin>:2: SyntaxWarning: "\~" is an invalid escape sequence. Such sequences will not work in the future. Did you mean "\\~"? A raw string is also an option.
Governor: ok sleep 25 task harvest
[2026-07-18 01:40:07] Starting Broccoli workspace backup sync...
[01:40:18] tick
<stdin>:2: SyntaxWarning: "\~" is an invalid escape sequence. Such sequences will not work in the future. Did you mean "\\~"? A raw string is also an option.
<stdin>:7: SyntaxWarning: "\~" is an invalid escape sequence. Such sequences will not work in the future. Did you mean "\\~"? A raw string is also an option.
Traceback (most recent call last):
  File "<stdin>", line 4, in <module>
ImportError: cannot import name 'harvest_payload' from 'modules.chat_store' (/data/data/com.termux/files/home/broccoli/modules/chat_store.py)
harvest err
<stdin>:2: SyntaxWarning: "\~" is an invalid escape sequence. Such sequences will not work in the future. Did you mean "\\~"? A raw string is also an option.
Governor: ok sleep 25 task harvest
[2026-07-18 01:40:25] Starting Broccoli workspace backup sync...
[01:40:32] tick
<stdin>:2: SyntaxWarning: "\~" is an invalid escape sequence. Such sequences will not work in the future. Did you mean "\\~"? A raw string is also an option.
<stdin>:7: SyntaxWarning: "\~" is an invalid escape sequence. Such sequences will not work in the future. Did you mean "\\~"? A raw string is also an option.
Traceback (most recent call last):
  File "<stdin>", line 4, in <module>
ImportError: cannot import name 'harvest_payload' from 'modules.chat_store' (/data/data/com.termux/files/home/broccoli/modules/chat_store.py)
harvest err
<stdin>:2: SyntaxWarning: "\~" is an invalid escape sequence. Such sequences will not work in the future. Did you mean "\\~"? A raw string is also an option.
Governor: ok sleep 25 task harvest
[2026-07-18 01:40:40] Starting Broccoli workspace backup sync...
[01:40:51] tick
<stdin>:2: SyntaxWarning: "\~" is an invalid escape sequence. Such sequences will not work in the future. Did you mean "\\~"? A raw string is also an option.
<stdin>:7: SyntaxWarning: "\~" is an invalid escape sequence. Such sequences will not work in the future. Did you mean "\\~"? A raw string is also an option.
Traceback (most recent call last):
  File "<stdin>", line 4, in <module>
ImportError: cannot import name 'harvest_payload' from 'modules.chat_store' (/data/data/com.termux/files/home/broccoli/modules/chat_store.py)
harvest err
<stdin>:2: SyntaxWarning: "\~" is an invalid escape sequence. Such sequences will not work in the future. Did you mean "\\~"? A raw string is also an option.
Governor: ok sleep 25 task harvest
[2026-07-18 01:41:01] Starting Broccoli workspace backup sync...
[01:41:06] tick
<stdin>:2: SyntaxWarning: "\~" is an invalid escape sequence. Such sequences will not work in the future. Did you mean "\\~"? A raw string is also an option.
<stdin>:7: SyntaxWarning: "\~" is an invalid escape sequence. Such sequences will not work in the future. Did you mean "\\~"? A raw string is also an option.
Traceback (most recent call last):
  File "<stdin>", line 4, in <module>
ImportError: cannot import name 'harvest_payload' from 'modules.chat_store' (/data/data/com.termux/files/home/broccoli/modules/chat_store.py)
harvest err
<stdin>:2: SyntaxWarning: "\~" is an invalid escape sequence. Such sequences will not work in the future. Did you mean "\\~"? A raw string is also an option.
Governor: ok sleep 25 task harvest
[2026-07-18 01:41:14] Starting Broccoli workspace backup sync...
[01:41:26] tick
<stdin>:2: SyntaxWarning: "\~" is an invalid escape sequence. Such sequences will not work in the future. Did you mean "\\~"? A raw string is also an option.
<stdin>:7: SyntaxWarning: "\~" is an invalid escape sequence. Such sequences will not work in the future. Did you mean "\\~"? A raw string is also an option.
Traceback (most recent call last):
  File "<stdin>", line 4, in <module>
ImportError: cannot import name 'harvest_payload' from 'modules.chat_store' (/data/data/com.termux/files/home/broccoli/modules/chat_store.py)
harvest err
<stdin>:2: SyntaxWarning: "\~" is an invalid escape sequence. Such sequences will not work in the future. Did you mean "\\~"? A raw string is also an option.
Governor: ok sleep 25 task harvest
[2026-07-18 01:41:35] Starting Broccoli workspace backup sync...
[01:41:40] tick
<stdin>:2: SyntaxWarning: "\~" is an invalid escape sequence. Such sequences will not work in the future. Did you mean "\\~"? A raw string is also an option.
<stdin>:7: SyntaxWarning: "\~" is an invalid escape sequence. Such sequences will not work in the future. Did you mean "\\~"? A raw string is also an option.
Traceback (most recent call last):
  File "<stdin>", line 4, in <module>
ImportError: cannot import name 'harvest_payload' from 'modules.chat_store' (/data/data/com.termux/files/home/broccoli/modules/chat_store.py)
harvest err
<stdin>:2: SyntaxWarning: "\~" is an invalid escape sequence. Such sequences will not work in the future. Did you mean "\\~"? A raw string is also an option.
Governor: ok sleep 25 task harvest
[2026-07-18 01:41:51] Starting Broccoli workspace backup sync...
[01:42:00] tick
<stdin>:2: SyntaxWarning: "\~" is an invalid escape sequence. Such sequences will not work in the future. Did you mean "\\~"? A raw string is also an option.
<stdin>:7: SyntaxWarning: "\~" is an invalid escape sequence. Such sequences will not work in the future. Did you mean "\\~"? A raw string is also an option.
Traceback (most recent call last):
  File "<stdin>", line 4, in <module>
ImportError: cannot import name 'harvest_payload' from 'modules.chat_store' (/data/data/com.termux/files/home/broccoli/modules/chat_store.py)
harvest err
<stdin>:2: SyntaxWarning: "\~" is an invalid escape sequence. Such sequences will not work in the future. Did you mean "\\~"? A raw string is also an option.
Governor: ok sleep 25 task harvest
[2026-07-18 01:42:10] Starting Broccoli workspace backup sync...
[01:42:16] tick
<stdin>:2: SyntaxWarning: "\~" is an invalid escape sequence. Such sequences will not work in the future. Did you mean "\\~"? A raw string is also an option.
<stdin>:7: SyntaxWarning: "\~" is an invalid escape sequence. Such sequences will not work in the future. Did you mean "\\~"? A raw string is also an option.
Traceback (most recent call last):
  File "<stdin>", line 4, in <module>
ImportError: cannot import name 'harvest_payload' from 'modules.chat_store' (/data/data/com.termux/files/home/broccoli/modules/chat_store.py)
harvest err
<stdin>:2: SyntaxWarning: "\~" is an invalid escape sequence. Such sequences will not work in the future. Did you mean "\\~"? A raw string is also an option.
Governor: ok sleep 25 task harvest
[2026-07-18 01:42:25] Starting Broccoli workspace backup sync...
[01:42:35] tick
<stdin>:2: SyntaxWarning: "\~" is an invalid escape sequence. Such sequences will not work in the future. Did you mean "\\~"? A raw string is also an option.
<stdin>:7: SyntaxWarning: "\~" is an invalid escape sequence. Such sequences will not work in the future. Did you mean "\\~"? A raw string is also an option.
Traceback (most recent call last):
  File "<stdin>", line 4, in <module>
ImportError: cannot import name 'harvest_payload' from 'modules.chat_store' (/data/data/com.termux/files/home/broccoli/modules/chat_store.py)
harvest err
<stdin>:2: SyntaxWarning: "\~" is an invalid escape sequence. Such sequences will not work in the future. Did you mean "\\~"? A raw string is also an option.
Governor: ok sleep 25 task harvest
[2026-07-18 01:42:45] Starting Broccoli workspace backup sync...
[01:42:50] tick
<stdin>:2: SyntaxWarning: "\~" is an invalid escape sequence. Such sequences will not work in the future. Did you mean "\\~"? A raw string is also an option.
<stdin>:7: SyntaxWarning: "\~" is an invalid escape sequence. Such sequences will not work in the future. Did you mean "\\~"? A raw string is also an option.
Traceback (most recent call last):
  File "<stdin>", line 4, in <module>
ImportError: cannot import name 'harvest_payload' from 'modules.chat_store' (/data/data/com.termux/files/home/broccoli/modules/chat_store.py)
harvest err
<stdin>:2: SyntaxWarning: "\~" is an invalid escape sequence. Such sequences will not work in the future. Did you mean "\\~"? A raw string is also an option.
Governor: ok sleep 25 task harvest
[2026-07-18 01:43:04] Starting Broccoli workspace backup sync...
[01:43:12] tick
<stdin>:2: SyntaxWarning: "\~" is an invalid escape sequence. Such sequences will not work in the future. Did you mean "\\~"? A raw string is also an option.
<stdin>:7: SyntaxWarning: "\~" is an invalid escape sequence. Such sequences will not work in the future. Did you mean "\\~"? A raw string is also an option.
Traceback (most recent call last):
  File "<stdin>", line 4, in <module>
ImportError: cannot import name 'harvest_payload' from 'modules.chat_store' (/data/data/com.termux/files/home/broccoli/modules/chat_store.py)
harvest err
<stdin>:2: SyntaxWarning: "\~" is an invalid escape sequence. Such sequences will not work in the future. Did you mean "\\~"? A raw string is also an option.
Governor: ok sleep 25 task harvest
[2026-07-18 01:43:20] Starting Broccoli workspace backup sync...
[01:43:29] tick
=== Broccoli PRODUCTION Baseline 2026-07-18T01:43:34-04:00 ===
[01:43:34] tick
<stdin>:2: SyntaxWarning: "\~" is an invalid escape sequence. Such sequences will not work in the future. Did you mean "\\~"? A raw string is also an option.
<stdin>:7: SyntaxWarning: "\~" is an invalid escape sequence. Such sequences will not work in the future. Did you mean "\\~"? A raw string is also an option.
Traceback (most recent call last):
  File "<stdin>", line 3, in <module>
ModuleNotFoundError: No module named 'lib.foreground_detect'
harvest err
<stdin>:2: SyntaxWarning: "\~" is an invalid escape sequence. Such sequences will not work in the future. Did you mean "\\~"? A raw string is also an option.
Traceback (most recent call last):
  File "<stdin>", line 3, in <module>
ModuleNotFoundError: No module named 'lib.auto_governor'
governor err
[2026-07-18 01:43:46] Starting Broccoli workspace backup sync...
=== Broccoli PRODUCTION Baseline 2026-07-18T01:43:50-04:00 ===
[01:43:50] tick
<stdin>:2: SyntaxWarning: "\~" is an invalid escape sequence. Such sequences will not work in the future. Did you mean "\\~"? A raw string is also an option.
<stdin>:7: SyntaxWarning: "\~" is an invalid escape sequence. Such sequences will not work in the future. Did you mean "\\~"? A raw string is also an option.
Traceback (most recent call last):
  File "<stdin>", line 3, in <module>
ModuleNotFoundError: No module named 'lib.foreground_detect'
harvest err
<stdin>:2: SyntaxWarning: "\~" is an invalid escape sequence. Such sequences will not work in the future. Did you mean "\\~"? A raw string is also an option.
Traceback (most recent call last):
  File "<stdin>", line 3, in <module>
ModuleNotFoundError: No module named 'lib.auto_governor'
governor err
[2026-07-18 01:43:58] Starting Broccoli workspace backup sync...
[01:44:23] tick
<stdin>:2: SyntaxWarning: "\~" is an invalid escape sequence. Such sequences will not work in the future. Did you mean "\\~"? A raw string is also an option.
<stdin>:7: SyntaxWarning: "\~" is an invalid escape sequence. Such sequences will not work in the future. Did you mean "\\~"? A raw string is also an option.
Traceback (most recent call last):
  File "<stdin>", line 3, in <module>
ModuleNotFoundError: No module named 'lib.foreground_detect'
harvest err
<stdin>:2: SyntaxWarning: "\~" is an invalid escape sequence. Such sequences will not work in the future. Did you mean "\\~"? A raw string is also an option.
Traceback (most recent call last):
  File "<stdin>", line 3, in <module>
ModuleNotFoundError: No module named 'lib.auto_governor'
governor err
[2026-07-18 01:44:42] Starting Broccoli workspace backup sync...
[01:45:09] tick
<stdin>:2: SyntaxWarning: "\~" is an invalid escape sequence. Such sequences will not work in the future. Did you mean "\\~"? A raw string is also an option.
<stdin>:7: SyntaxWarning: "\~" is an invalid escape sequence. Such sequences will not work in the future. Did you mean "\\~"? A raw string is also an option.
Traceback (most recent call last):
  File "<stdin>", line 3, in <module>
ModuleNotFoundError: No module named 'lib.foreground_detect'
harvest err
<stdin>:2: SyntaxWarning: "\~" is an invalid escape sequence. Such sequences will not work in the future. Did you mean "\\~"? A raw string is also an option.
Traceback (most recent call last):
  File "<stdin>", line 3, in <module>
ModuleNotFoundError: No module named 'lib.auto_governor'
governor err
[2026-07-18 01:45:18] Starting Broccoli workspace backup sync...
[01:45:44] tick
<stdin>:2: SyntaxWarning: "\~" is an invalid escape sequence. Such sequences will not work in the future. Did you mean "\\~"? A raw string is also an option.
<stdin>:7: SyntaxWarning: "\~" is an invalid escape sequence. Such sequences will not work in the future. Did you mean "\\~"? A raw string is also an option.
Traceback (most recent call last):
  File "<stdin>", line 3, in <module>
ModuleNotFoundError: No module named 'lib.foreground_detect'
harvest err
<stdin>:2: SyntaxWarning: "\~" is an invalid escape sequence. Such sequences will not work in the future. Did you mean "\\~"? A raw string is also an option.
Traceback (most recent call last):
  File "<stdin>", line 3, in <module>
ModuleNotFoundError: No module named 'lib.auto_governor'
governor err
[2026-07-18 01:45:53] Starting Broccoli workspace backup sync...
[01:46:18] tick
<stdin>:2: SyntaxWarning: "\~" is an invalid escape sequence. Such sequences will not work in the future. Did you mean "\\~"? A raw string is also an option.
<stdin>:7: SyntaxWarning: "\~" is an invalid escape sequence. Such sequences will not work in the future. Did you mean "\\~"? A raw string is also an option.
Traceback (most recent call last):
  File "<stdin>", line 3, in <module>
ModuleNotFoundError: No module named 'lib.foreground_detect'
=== Broccoli PRODUCTION Baseline 2026-07-18T01:46:36-04:00 ===
[01:46:36] tick
<stdin>:2: SyntaxWarning: "\~" is an invalid escape sequence. Such sequences will not work in the future. Did you mean "\\~"? A raw string is also an option.
<stdin>:7: SyntaxWarning: "\~" is an invalid escape sequence. Such sequences will not work in the future. Did you mean "\\~"? A raw string is also an option.
/data/data/com.termux/files/home/~/broccoli/~/broccoli/~/broccoli/~/broccoli/lib/foreground_detect.py:10: SyntaxWarning: "\~" is an invalid escape sequence. Such sequences will not work in the future. Did you mean "\\~"? A raw string is also an option.
  base = Path(os.path.expanduser(root or "\~/broccoli"))
Traceback (most recent call last):
  File "<stdin>", line 4, in <module>
ImportError: cannot import name 'harvest_payload' from 'modules.chat_store' (/data/data/com.termux/files/home/broccoli/modules/chat_store.py)
harvest err
<stdin>:2: SyntaxWarning: "\~" is an invalid escape sequence. Such sequences will not work in the future. Did you mean "\\~"? A raw string is also an option.
Governor: ok sleep 25 task harvest
[2026-07-18 01:46:47] Starting Broccoli workspace backup sync...
[01:47:12] tick
<stdin>:2: SyntaxWarning: "\~" is an invalid escape sequence. Such sequences will not work in the future. Did you mean "\\~"? A raw string is also an option.
<stdin>:7: SyntaxWarning: "\~" is an invalid escape sequence. Such sequences will not work in the future. Did you mean "\\~"? A raw string is also an option.
Traceback (most recent call last):
  File "<stdin>", line 4, in <module>
ImportError: cannot import name 'harvest_payload' from 'modules.chat_store' (/data/data/com.termux/files/home/broccoli/modules/chat_store.py)
harvest err
<stdin>:2: SyntaxWarning: "\~" is an invalid escape sequence. Such sequences will not work in the future. Did you mean "\\~"? A raw string is also an option.
Governor: ok sleep 25 task harvest
[2026-07-18 01:47:26] Starting Broccoli workspace backup sync...
[01:47:52] tick
<stdin>:2: SyntaxWarning: "\~" is an invalid escape sequence. Such sequences will not work in the future. Did you mean "\\~"? A raw string is also an option.
<stdin>:7: SyntaxWarning: "\~" is an invalid escape sequence. Such sequences will not work in the future. Did you mean "\\~"? A raw string is also an option.
Traceback (most recent call last):
  File "<stdin>", line 4, in <module>
ImportError: cannot import name 'harvest_payload' from 'modules.chat_store' (/data/data/com.termux/files/home/broccoli/modules/chat_store.py)
harvest err
<stdin>:2: SyntaxWarning: "\~" is an invalid escape sequence. Such sequences will not work in the future. Did you mean "\\~"? A raw string is also an option.
Governor: ok sleep 25 task harvest
[2026-07-18 01:48:14] Starting Broccoli workspace backup sync...
[01:48:40] tick
=== Broccoli PRODUCTION Baseline 2026-07-18T01:48:49-04:00 ===
[01:48:49] tick
<stdin>:2: SyntaxWarning: "\~" is an invalid escape sequence. Such sequences will not work in the future. Did you mean "\\~"? A raw string is also an option.
<stdin>:7: SyntaxWarning: "\~" is an invalid escape sequence. Such sequences will not work in the future. Did you mean "\\~"? A raw string is also an option.
Traceback (most recent call last):
  File "<stdin>", line 4, in <module>
ImportError: cannot import name 'harvest_payload' from 'modules.chat_store' (/data/data/com.termux/files/home/broccoli/modules/chat_store.py)
harvest err
<stdin>:2: SyntaxWarning: "\~" is an invalid escape sequence. Such sequences will not work in the future. Did you mean "\\~"? A raw string is also an option.
Governor: ok sleep 25 task harvest
[2026-07-18 01:49:00] Starting Broccoli workspace backup sync...
[01:49:25] tick
<stdin>:2: SyntaxWarning: "\~" is an invalid escape sequence. Such sequences will not work in the future. Did you mean "\\~"? A raw string is also an option.
<stdin>:7: SyntaxWarning: "\~" is an invalid escape sequence. Such sequences will not work in the future. Did you mean "\\~"? A raw string is also an option.
Traceback (most recent call last):
  File "<stdin>", line 4, in <module>
ImportError: cannot import name 'harvest_payload' from 'modules.chat_store' (/data/data/com.termux/files/home/broccoli/modules/chat_store.py)
harvest err
<stdin>:2: SyntaxWarning: "\~" is an invalid escape sequence. Such sequences will not work in the future. Did you mean "\\~"? A raw string is also an option.
Governor: ok sleep 25 task harvest
[2026-07-18 01:49:35] Starting Broccoli workspace backup sync...
[01:50:01] tick
<stdin>:2: SyntaxWarning: "\~" is an invalid escape sequence. Such sequences will not work in the future. Did you mean "\\~"? A raw string is also an option.
<stdin>:7: SyntaxWarning: "\~" is an invalid escape sequence. Such sequences will not work in the future. Did you mean "\\~"? A raw string is also an option.
Traceback (most recent call last):
  File "<stdin>", line 4, in <module>
ImportError: cannot import name 'harvest_payload' from 'modules.chat_store' (/data/data/com.termux/files/home/broccoli/modules/chat_store.py)
harvest err
<stdin>:2: SyntaxWarning: "\~" is an invalid escape sequence. Such sequences will not work in the future. Did you mean "\\~"? A raw string is also an option.
Governor: ok sleep 25 task harvest
[2026-07-18 01:50:15] Starting Broccoli workspace backup sync...
[01:50:40] tick
<stdin>:2: SyntaxWarning: "\~" is an invalid escape sequence. Such sequences will not work in the future. Did you mean "\\~"? A raw string is also an option.
<stdin>:7: SyntaxWarning: "\~" is an invalid escape sequence. Such sequences will not work in the future. Did you mean "\\~"? A raw string is also an option.
Traceback (most recent call last):
  File "<stdin>", line 4, in <module>
ImportError: cannot import name 'harvest_payload' from 'modules.chat_store' (/data/data/com.termux/files/home/broccoli/modules/chat_store.py)
harvest err
<stdin>:2: SyntaxWarning: "\~" is an invalid escape sequence. Such sequences will not work in the future. Did you mean "\\~"? A raw string is also an option.
Governor: ok sleep 25 task harvest
[2026-07-18 01:50:49] Starting Broccoli workspace backup sync...
[01:51:15] tick
<stdin>:2: SyntaxWarning: "\~" is an invalid escape sequence. Such sequences will not work in the future. Did you mean "\\~"? A raw string is also an option.
<stdin>:7: SyntaxWarning: "\~" is an invalid escape sequence. Such sequences will not work in the future. Did you mean "\\~"? A raw string is also an option.
Traceback (most recent call last):
  File "<stdin>", line 4, in <module>
ImportError: cannot import name 'harvest_payload' from 'modules.chat_store' (/data/data/com.termux/files/home/broccoli/modules/chat_store.py)
harvest err
<stdin>:2: SyntaxWarning: "\~" is an invalid escape sequence. Such sequences will not work in the future. Did you mean "\\~"? A raw string is also an option.
Governor: ok sleep 25 task harvest
[2026-07-18 01:51:23] Starting Broccoli workspace backup sync...
=== Broccoli Daemon Start 2026-07-18T01:51:42-04:00 ===
[01:51:42] tick
<stdin>:2: SyntaxWarning: "\~" is an invalid escape sequence. Such sequences will not work in the future. Did you mean "\\~"? A raw string is also an option.
<stdin>:7: SyntaxWarning: "\~" is an invalid escape sequence. Such sequences will not work in the future. Did you mean "\\~"? A raw string is also an option.
Traceback (most recent call last):
  File "<stdin>", line 4, in <module>
ImportError: cannot import name 'harvest_payload' from 'modules.chat_store' (/data/data/com.termux/files/home/broccoli/modules/chat_store.py)
harvest err
<stdin>:2: SyntaxWarning: "\~" is an invalid escape sequence. Such sequences will not work in the future. Did you mean "\\~"? A raw string is also an option.
Governor: ok sleep 25 task harvest
[2026-07-18 01:51:49] Starting Broccoli workspace backup sync...
[01:52:14] tick
<stdin>:2: SyntaxWarning: "\~" is an invalid escape sequence. Such sequences will not work in the future. Did you mean "\\~"? A raw string is also an option.
<stdin>:7: SyntaxWarning: "\~" is an invalid escape sequence. Such sequences will not work in the future. Did you mean "\\~"? A raw string is also an option.
Traceback (most recent call last):
  File "<stdin>", line 4, in <module>
ImportError: cannot import name 'harvest_payload' from 'modules.chat_store' (/data/data/com.termux/files/home/broccoli/modules/chat_store.py)
harvest err
<stdin>:2: SyntaxWarning: "\~" is an invalid escape sequence. Such sequences will not work in the future. Did you mean "\\~"? A raw string is also an option.
Governor: ok sleep 25 task harvest
[2026-07-18 01:52:31] Starting Broccoli workspace backup sync...
=== Clean restart init Sat Jul 18 01:52:43 EDT 2026 ===
=== Daemon Started: 2026-07-18T01:52:43-04:00 ===
=== Daemon Started: 2026-07-18T01:56:30-04:00 ===
=== Broccoli PRODUCTION + Dynamic Send 2026-07-18T01:59:33-04:00 ===
[01:59:33] tick
<stdin>:2: SyntaxWarning: "\~" is an invalid escape sequence. Such sequences will not work in the future. Did you mean "\\~"? A raw string is also an option.
<stdin>:7: SyntaxWarning: "\~" is an invalid escape sequence. Such sequences will not work in the future. Did you mean "\\~"? A raw string is also an option.
Traceback (most recent call last):
  File "<stdin>", line 3, in <module>
ModuleNotFoundError: No module named 'lib.foreground_detect'
harvest err
<stdin>:2: SyntaxWarning: "\~" is an invalid escape sequence. Such sequences will not work in the future. Did you mean "\\~"? A raw string is also an option.
Traceback (most recent call last):
  File "<stdin>", line 3, in <module>
ModuleNotFoundError: No module named 'lib.auto_governor'
governor err
[2026-07-18 01:59:41] Starting Broccoli workspace backup sync...
[02:00:07] tick
<stdin>:2: SyntaxWarning: "\~" is an invalid escape sequence. Such sequences will not work in the future. Did you mean "\\~"? A raw string is also an option.
<stdin>:7: SyntaxWarning: "\~" is an invalid escape sequence. Such sequences will not work in the future. Did you mean "\\~"? A raw string is also an option.
Traceback (most recent call last):
  File "<stdin>", line 3, in <module>
ModuleNotFoundError: No module named 'lib.foreground_detect'
harvest err
<stdin>:2: SyntaxWarning: "\~" is an invalid escape sequence. Such sequences will not work in the future. Did you mean "\\~"? A raw string is also an option.
Traceback (most recent call last):
  File "<stdin>", line 3, in <module>
ModuleNotFoundError: No module named 'lib.auto_governor'
governor err
[2026-07-18 02:00:14] Starting Broccoli workspace backup sync...
[02:00:39] tick
<stdin>:2: SyntaxWarning: "\~" is an invalid escape sequence. Such sequences will not work in the future. Did you mean "\\~"? A raw string is also an option.
<stdin>:7: SyntaxWarning: "\~" is an invalid escape sequence. Such sequences will not work in the future. Did you mean "\\~"? A raw string is also an option.
Traceback (most recent call last):
  File "<stdin>", line 3, in <module>
ModuleNotFoundError: No module named 'lib.foreground_detect'
harvest err
<stdin>:2: SyntaxWarning: "\~" is an invalid escape sequence. Such sequences will not work in the future. Did you mean "\\~"? A raw string is also an option.
Traceback (most recent call last):
  File "<stdin>", line 3, in <module>
ModuleNotFoundError: No module named 'lib.auto_governor'
governor err
[2026-07-18 02:00:49] Starting Broccoli workspace backup sync...
[02:01:15] tick
<stdin>:2: SyntaxWarning: "\~" is an invalid escape sequence. Such sequences will not work in the future. Did you mean "\\~"? A raw string is also an option.
<stdin>:7: SyntaxWarning: "\~" is an invalid escape sequence. Such sequences will not work in the future. Did you mean "\\~"? A raw string is also an option.
Traceback (most recent call last):
  File "<stdin>", line 3, in <module>
ModuleNotFoundError: No module named 'lib.foreground_detect'
harvest err
<stdin>:2: SyntaxWarning: "\~" is an invalid escape sequence. Such sequences will not work in the future. Did you mean "\\~"? A raw string is also an option.
Traceback (most recent call last):
  File "<stdin>", line 3, in <module>
ModuleNotFoundError: No module named 'lib.auto_governor'
governor err
[2026-07-18 02:01:22] Starting Broccoli workspace backup sync...
[02:01:47] tick
<stdin>:2: SyntaxWarning: "\~" is an invalid escape sequence. Such sequences will not work in the future. Did you mean "\\~"? A raw string is also an option.
<stdin>:7: SyntaxWarning: "\~" is an invalid escape sequence. Such sequences will not work in the future. Did you mean "\\~"? A raw string is also an option.
Traceback (most recent call last):
  File "<stdin>", line 3, in <module>
ModuleNotFoundError: No module named 'lib.foreground_detect'
harvest err
<stdin>:2: SyntaxWarning: "\~" is an invalid escape sequence. Such sequences will not work in the future. Did you mean "\\~"? A raw string is also an option.
Traceback (most recent call last):
  File "<stdin>", line 3, in <module>
ModuleNotFoundError: No module named 'lib.auto_governor'
governor err
[2026-07-18 02:01:53] Starting Broccoli workspace backup sync...
[02:02:18] tick
<stdin>:2: SyntaxWarning: "\~" is an invalid escape sequence. Such sequences will not work in the future. Did you mean "\\~"? A raw string is also an option.
<stdin>:7: SyntaxWarning: "\~" is an invalid escape sequence. Such sequences will not work in the future. Did you mean "\\~"? A raw string is also an option.
Traceback (most recent call last):
  File "<stdin>", line 3, in <module>
ModuleNotFoundError: No module named 'lib.foreground_detect'
harvest err
<stdin>:2: SyntaxWarning: "\~" is an invalid escape sequence. Such sequences will not work in the future. Did you mean "\\~"? A raw string is also an option.
Traceback (most recent call last):
  File "<stdin>", line 3, in <module>
ModuleNotFoundError: No module named 'lib.auto_governor'
governor err
[2026-07-18 02:02:28] Starting Broccoli workspace backup sync...
[02:02:53] tick
<stdin>:2: SyntaxWarning: "\~" is an invalid escape sequence. Such sequences will not work in the future. Did you mean "\\~"? A raw string is also an option.
<stdin>:7: SyntaxWarning: "\~" is an invalid escape sequence. Such sequences will not work in the future. Did you mean "\\~"? A raw string is also an option.
Traceback (most recent call last):
  File "<stdin>", line 3, in <module>
ModuleNotFoundError: No module named 'lib.foreground_detect'
harvest err
<stdin>:2: SyntaxWarning: "\~" is an invalid escape sequence. Such sequences will not work in the future. Did you mean "\\~"? A raw string is also an option.
Traceback (most recent call last):
  File "<stdin>", line 3, in <module>
ModuleNotFoundError: No module named 'lib.auto_governor'
governor err
[2026-07-18 02:02:59] Starting Broccoli workspace backup sync...
[02:03:24] tick
<stdin>:2: SyntaxWarning: "\~" is an invalid escape sequence. Such sequences will not work in the future. Did you mean "\\~"? A raw string is also an option.
<stdin>:7: SyntaxWarning: "\~" is an invalid escape sequence. Such sequences will not work in the future. Did you mean "\\~"? A raw string is also an option.
Traceback (most recent call last):
  File "<stdin>", line 3, in <module>
ModuleNotFoundError: No module named 'lib.foreground_detect'
harvest err
<stdin>:2: SyntaxWarning: "\~" is an invalid escape sequence. Such sequences will not work in the future. Did you mean "\\~"? A raw string is also an option.
Traceback (most recent call last):
  File "<stdin>", line 3, in <module>
ModuleNotFoundError: No module named 'lib.auto_governor'
governor err
[2026-07-18 02:03:31] Starting Broccoli workspace backup sync...
[02:03:56] tick
=== God Mode PRODUCTION 2026-07-18T02:03:57-04:00 ===
[02:03:57] tick
<stdin>:2: SyntaxWarning: "\~" is an invalid escape sequence. Such sequences will not work in the future. Did you mean "\\~"? A raw string is also an option.
<stdin>:7: SyntaxWarning: "\~" is an invalid escape sequence. Such sequences will not work in the future. Did you mean "\\~"? A raw string is also an option.
Traceback (most recent call last):
  File "<stdin>", line 3, in <module>
ModuleNotFoundError: No module named 'lib.foreground_detect'
harvest err
<stdin>:2: SyntaxWarning: "\~" is an invalid escape sequence. Such sequences will not work in the future. Did you mean "\\~"? A raw string is also an option.
Traceback (most recent call last):
  File "<stdin>", line 3, in <module>
ModuleNotFoundError: No module named 'lib.auto_governor'
governor err
[2026-07-18 02:04:04] Starting Broccoli workspace backup sync...
<stdin>:2: SyntaxWarning: "\~" is an invalid escape sequence. Such sequences will not work in the future. Did you mean "\\~"? A raw string is also an option.
<stdin>:7: SyntaxWarning: "\~" is an invalid escape sequence. Such sequences will not work in the future. Did you mean "\\~"? A raw string is also an option.
Traceback (most recent call last):
  File "<stdin>", line 3, in <module>
ModuleNotFoundError: No module named 'lib.foreground_detect'
harvest err
<stdin>:2: SyntaxWarning: "\~" is an invalid escape sequence. Such sequences will not work in the future. Did you mean "\\~"? A raw string is also an option.
Traceback (most recent call last):
  File "<stdin>", line 3, in <module>
ModuleNotFoundError: No module named 'lib.auto_governor'
governor err
[2026-07-18 02:04:05] Starting Broccoli workspace backup sync...
=== God Mode PRODUCTION 2026-07-18T02:04:22-04:00 ===
[02:04:22] tick
<stdin>:2: SyntaxWarning: "\~" is an invalid escape sequence. Such sequences will not work in the future. Did you mean "\\~"? A raw string is also an option.
<stdin>:7: SyntaxWarning: "\~" is an invalid escape sequence. Such sequences will not work in the future. Did you mean "\\~"? A raw string is also an option.
Traceback (most recent call last):
  File "<stdin>", line 3, in <module>
ModuleNotFoundError: No module named 'lib.foreground_detect'
harvest err
<stdin>:2: SyntaxWarning: "\~" is an invalid escape sequence. Such sequences will not work in the future. Did you mean "\\~"? A raw string is also an option.
Traceback (most recent call last):
  File "<stdin>", line 3, in <module>
ModuleNotFoundError: No module named 'lib.auto_governor'
governor err
[2026-07-18 02:04:30] Starting Broccoli workspace backup sync...
[02:04:30] tick
[02:04:30] tick
<stdin>:2: SyntaxWarning: "\~" is an invalid escape sequence. Such sequences will not work in the future. Did you mean "\\~"? A raw string is also an option.
<stdin>:7: SyntaxWarning: "\~" is an invalid escape sequence. Such sequences will not work in the future. Did you mean "\\~"? A raw string is also an option.
Traceback (most recent call last):
  File "<stdin>", line 3, in <module>
ModuleNotFoundError: No module named 'lib.foreground_detect'
harvest err
<stdin>:2: SyntaxWarning: "\~" is an invalid escape sequence. Such sequences will not work in the future. Did you mean "\\~"? A raw string is also an option.
Traceback (most recent call last):
  File "<stdin>", line 3, in <module>
ModuleNotFoundError: No module named 'lib.auto_governor'
governor err
[2026-07-18 02:04:37] Starting Broccoli workspace backup sync...
<stdin>:2: SyntaxWarning: "\~" is an invalid escape sequence. Such sequences will not work in the future. Did you mean "\\~"? A raw string is also an option.
<stdin>:7: SyntaxWarning: "\~" is an invalid escape sequence. Such sequences will not work in the future. Did you mean "\\~"? A raw string is also an option.
Traceback (most recent call last):
  File "<stdin>", line 3, in <module>
ModuleNotFoundError: No module named 'lib.foreground_detect'
harvest err
<stdin>:2: SyntaxWarning: "\~" is an invalid escape sequence. Such sequences will not work in the future. Did you mean "\\~"? A raw string is also an option.
Traceback (most recent call last):
  File "<stdin>", line 3, in <module>
ModuleNotFoundError: No module named 'lib.auto_governor'
governor err
[2026-07-18 02:04:38] Starting Broccoli workspace backup sync...
[02:04:55] tick
[02:05:02] tick
[02:05:03] tick
<stdin>:2: SyntaxWarning: "\~" is an invalid escape sequence. Such sequences will not work in the future. Did you mean "\\~"? A raw string is also an option.
<stdin>:7: SyntaxWarning: "\~" is an invalid escape sequence. Such sequences will not work in the future. Did you mean "\\~"? A raw string is also an option.
Traceback (most recent call last):
  File "<stdin>", line 3, in <module>
ModuleNotFoundError: No module named 'lib.foreground_detect'
harvest err
<stdin>:2: SyntaxWarning: "\~" is an invalid escape sequence. Such sequences will not work in the future. Did you mean "\\~"? A raw string is also an option.
Traceback (most recent call last):
  File "<stdin>", line 3, in <module>
ModuleNotFoundError: No module named 'lib.auto_governor'
governor err
[2026-07-18 02:05:07] Starting Broccoli workspace backup sync...
<stdin>:2: SyntaxWarning: "\~" is an invalid escape sequence. Such sequences will not work in the future. Did you mean "\\~"? A raw string is also an option.
<stdin>:7: SyntaxWarning: "\~" is an invalid escape sequence. Such sequences will not work in the future. Did you mean "\\~"? A raw string is also an option.
Traceback (most recent call last):
  File "<stdin>", line 3, in <module>
ModuleNotFoundError: No module named 'lib.foreground_detect'
harvest err
<stdin>:2: SyntaxWarning: "\~" is an invalid escape sequence. Such sequences will not work in the future. Did you mean "\\~"? A raw string is also an option.
Traceback (most recent call last):
  File "<stdin>", line 3, in <module>
ModuleNotFoundError: No module named 'lib.auto_governor'
governor err
[2026-07-18 02:05:12] Starting Broccoli workspace backup sync...
<stdin>:2: SyntaxWarning: "\~" is an invalid escape sequence. Such sequences will not work in the future. Did you mean "\\~"? A raw string is also an option.
<stdin>:7: SyntaxWarning: "\~" is an invalid escape sequence. Such sequences will not work in the future. Did you mean "\\~"? A raw string is also an option.
Traceback (most recent call last):
  File "<stdin>", line 3, in <module>
ModuleNotFoundError: No module named 'lib.foreground_detect'
harvest err
<stdin>:2: SyntaxWarning: "\~" is an invalid escape sequence. Such sequences will not work in the future. Did you mean "\\~"? A raw string is also an option.
Traceback (most recent call last):
  File "<stdin>", line 3, in <module>
ModuleNotFoundError: No module named 'lib.auto_governor'
governor err
[2026-07-18 02:05:13] Starting Broccoli workspace backup sync...
[02:05:33] tick
[02:05:37] tick
[02:05:38] tick
<stdin>:2: SyntaxWarning: "\~" is an invalid escape sequence. Such sequences will not work in the future. Did you mean "\\~"? A raw string is also an option.
<stdin>:7: SyntaxWarning: "\~" is an invalid escape sequence. Such sequences will not work in the future. Did you mean "\\~"? A raw string is also an option.
Traceback (most recent call last):
  File "<stdin>", line 3, in <module>
ModuleNotFoundError: No module named 'lib.foreground_detect'
harvest err
<stdin>:2: SyntaxWarning: "\~" is an invalid escape sequence. Such sequences will not work in the future. Did you mean "\\~"? A raw string is also an option.
<stdin>:2: SyntaxWarning: "\~" is an invalid escape sequence. Such sequences will not work in the future. Did you mean "\\~"? A raw string is also an option.
<stdin>:7: SyntaxWarning: "\~" is an invalid escape sequence. Such sequences will not work in the future. Did you mean "\\~"? A raw string is also an option.
Traceback (most recent call last):
  File "<stdin>", line 3, in <module>
ModuleNotFoundError: No module named 'lib.auto_governor'
governor err
Traceback (most recent call last):
  File "<stdin>", line 3, in <module>
ModuleNotFoundError: No module named 'lib.foreground_detect'
harvest err
[2026-07-18 02:05:50] Starting Broccoli workspace backup sync...
<stdin>:2: SyntaxWarning: "\~" is an invalid escape sequence. Such sequences will not work in the future. Did you mean "\\~"? A raw string is also an option.
Traceback (most recent call last):
  File "<stdin>", line 3, in <module>
ModuleNotFoundError: No module named 'lib.auto_governor'
governor err
[2026-07-18 02:05:50] Starting Broccoli workspace backup sync...
<stdin>:2: SyntaxWarning: "\~" is an invalid escape sequence. Such sequences will not work in the future. Did you mean "\\~"? A raw string is also an option.
<stdin>:7: SyntaxWarning: "\~" is an invalid escape sequence. Such sequences will not work in the future. Did you mean "\\~"? A raw string is also an option.
Traceback (most recent call last):
  File "<stdin>", line 3, in <module>
ModuleNotFoundError: No module named 'lib.foreground_detect'
harvest err
<stdin>:2: SyntaxWarning: "\~" is an invalid escape sequence. Such sequences will not work in the future. Did you mean "\\~"? A raw string is also an option.
Traceback (most recent call last):
  File "<stdin>", line 3, in <module>
ModuleNotFoundError: No module named 'lib.auto_governor'
governor err
[2026-07-18 02:05:58] Starting Broccoli workspace backup sync...
[02:06:16] tick
[02:06:16] tick
[02:06:23] tick
<stdin>:2: SyntaxWarning: "\~" is an invalid escape sequence. Such sequences will not work in the future. Did you mean "\\~"? A raw string is also an option.
<stdin>:7: SyntaxWarning: "\~" is an invalid escape sequence. Such sequences will not work in the future. Did you mean "\\~"? A raw string is also an option.
Traceback (most recent call last):
  File "<stdin>", line 3, in <module>
ModuleNotFoundError: No module named 'lib.foreground_detect'
harvest err
<stdin>:2: SyntaxWarning: "\~" is an invalid escape sequence. Such sequences will not work in the future. Did you mean "\\~"? A raw string is also an option.
Traceback (most recent call last):
  File "<stdin>", line 3, in <module>
ModuleNotFoundError: No module named 'lib.auto_governor'
governor err
[2026-07-18 02:06:25] Starting Broccoli workspace backup sync...
<stdin>:2: SyntaxWarning: "\~" is an invalid escape sequence. Such sequences will not work in the future. Did you mean "\\~"? A raw string is also an option.
<stdin>:7: SyntaxWarning: "\~" is an invalid escape sequence. Such sequences will not work in the future. Did you mean "\\~"? A raw string is also an option.
Traceback (most recent call last):
  File "<stdin>", line 3, in <module>
ModuleNotFoundError: No module named 'lib.foreground_detect'
harvest err
<stdin>:2: SyntaxWarning: "\~" is an invalid escape sequence. Such sequences will not work in the future. Did you mean "\\~"? A raw string is also an option.
Traceback (most recent call last):
  File "<stdin>", line 3, in <module>
ModuleNotFoundError: No module named 'lib.auto_governor'
governor err
[2026-07-18 02:06:27] Starting Broccoli workspace backup sync...
=== God Mode PRODUCTION Sat Jul 18 02:06:30 EDT 2026 ===
[02:06:30] tick
<string>:3: SyntaxWarning: "\~" is an invalid escape sequence. Such sequences will not work in the future. Did you mean "\\~"? A raw string is also an option.
Traceback (most recent call last):
  File "<string>", line 4, in <module>
    from lib.foreground_detect import detect_foreground
ModuleNotFoundError: No module named 'lib.foreground_detect'
harvest err
[02:07:06] tick
<string>:3: SyntaxWarning: "\~" is an invalid escape sequence. Such sequences will not work in the future. Did you mean "\\~"? A raw string is also an option.
Traceback (most recent call last):
  File "<string>", line 4, in <module>
    from lib.foreground_detect import detect_foreground
ModuleNotFoundError: No module named 'lib.foreground_detect'
harvest err
[02:07:36] tick
<string>:3: SyntaxWarning: "\~" is an invalid escape sequence. Such sequences will not work in the future. Did you mean "\\~"? A raw string is also an option.
Traceback (most recent call last):
  File "<string>", line 4, in <module>
    from lib.foreground_detect import detect_foreground
ModuleNotFoundError: No module named 'lib.foreground_detect'
harvest err
[02:08:10] tick
<string>:3: SyntaxWarning: "\~" is an invalid escape sequence. Such sequences will not work in the future. Did you mean "\\~"? A raw string is also an option.
Traceback (most recent call last):
  File "<string>", line 4, in <module>
    from lib.foreground_detect import detect_foreground
ModuleNotFoundError: No module named 'lib.foreground_detect'
harvest err
=== God Mode PRODUCTION Sat Jul 18 02:08:34 EDT 2026 ===
[02:08:34] tick
<string>:3: SyntaxWarning: "\~" is an invalid escape sequence. Such sequences will not work in the future. Did you mean "\\~"? A raw string is also an option.
Traceback (most recent call last):
  File "<string>", line 4, in <module>
    from lib.foreground_detect import detect_foreground
ModuleNotFoundError: No module named 'lib.foreground_detect'
harvest err
[02:09:05] tick
<string>:3: SyntaxWarning: "\~" is an invalid escape sequence. Such sequences will not work in the future. Did you mean "\\~"? A raw string is also an option.
Traceback (most recent call last):
  File "<string>", line 4, in <module>
    from lib.foreground_detect import detect_foreground
ModuleNotFoundError: No module named 'lib.foreground_detect'
harvest err
[02:09:39] tick
<string>:3: SyntaxWarning: "\~" is an invalid escape sequence. Such sequences will not work in the future. Did you mean "\\~"? A raw string is also an option.
Traceback (most recent call last):
  File "<string>", line 4, in <module>
    from lib.foreground_detect import detect_foreground
ModuleNotFoundError: No module named 'lib.foreground_detect'
harvest err
[02:10:14] tick
<string>:3: SyntaxWarning: "\~" is an invalid escape sequence. Such sequences will not work in the future. Did you mean "\\~"? A raw string is also an option.
Traceback (most recent call last):
  File "<string>", line 4, in <module>
    from lib.foreground_detect import detect_foreground
ModuleNotFoundError: No module named 'lib.foreground_detect'
harvest err
[02:10:43] tick
<string>:3: SyntaxWarning: "\~" is an invalid escape sequence. Such sequences will not work in the future. Did you mean "\\~"? A raw string is also an option.
Traceback (most recent call last):
  File "<string>", line 4, in <module>
    from lib.foreground_detect import detect_foreground
ModuleNotFoundError: No module named 'lib.foreground_detect'
harvest err
[02:11:12] tick
<string>:3: SyntaxWarning: "\~" is an invalid escape sequence. Such sequences will not work in the future. Did you mean "\\~"? A raw string is also an option.
Traceback (most recent call last):
  File "<string>", line 4, in <module>
    from lib.foreground_detect import detect_foreground
ModuleNotFoundError: No module named 'lib.foreground_detect'
harvest err
[02:11:41] tick
<string>:3: SyntaxWarning: "\~" is an invalid escape sequence. Such sequences will not work in the future. Did you mean "\\~"? A raw string is also an option.
Traceback (most recent call last):
  File "<string>", line 4, in <module>
    from lib.foreground_detect import detect_foreground
ModuleNotFoundError: No module named 'lib.foreground_detect'
harvest err
[02:12:10] tick
<string>:3: SyntaxWarning: "\~" is an invalid escape sequence. Such sequences will not work in the future. Did you mean "\\~"? A raw string is also an option.
Traceback (most recent call last):
  File "<string>", line 4, in <module>
    from lib.foreground_detect import detect_foreground
ModuleNotFoundError: No module named 'lib.foreground_detect'
harvest err
[02:12:43] tick
<string>:3: SyntaxWarning: "\~" is an invalid escape sequence. Such sequences will not work in the future. Did you mean "\\~"? A raw string is also an option.
Traceback (most recent call last):
  File "<string>", line 4, in <module>
    from lib.foreground_detect import detect_foreground
ModuleNotFoundError: No module named 'lib.foreground_detect'
harvest err
[02:13:13] tick
<string>:3: SyntaxWarning: "\~" is an invalid escape sequence. Such sequences will not work in the future. Did you mean "\\~"? A raw string is also an option.
Traceback (most recent call last):
  File "<string>", line 4, in <module>
    from lib.foreground_detect import detect_foreground
ModuleNotFoundError: No module named 'lib.foreground_detect'
harvest err
[02:13:42] tick
<string>:3: SyntaxWarning: "\~" is an invalid escape sequence. Such sequences will not work in the future. Did you mean "\\~"? A raw string is also an option.
Traceback (most recent call last):
  File "<string>", line 4, in <module>
    from lib.foreground_detect import detect_foreground
ModuleNotFoundError: No module named 'lib.foreground_detect'
harvest err
[02:14:15] tick
<string>:3: SyntaxWarning: "\~" is an invalid escape sequence. Such sequences will not work in the future. Did you mean "\\~"? A raw string is also an option.
Traceback (most recent call last):
  File "<string>", line 4, in <module>
    from lib.foreground_detect import detect_foreground
ModuleNotFoundError: No module named 'lib.foreground_detect'
harvest err
[02:14:44] tick
<string>:3: SyntaxWarning: "\~" is an invalid escape sequence. Such sequences will not work in the future. Did you mean "\\~"? A raw string is also an option.
Traceback (most recent call last):
  File "<string>", line 4, in <module>
    from lib.foreground_detect import detect_foreground
ModuleNotFoundError: No module named 'lib.foreground_detect'
harvest err
[02:15:14] tick
<string>:3: SyntaxWarning: "\~" is an invalid escape sequence. Such sequences will not work in the future. Did you mean "\\~"? A raw string is also an option.
Traceback (most recent call last):
  File "<string>", line 4, in <module>
    from lib.foreground_detect import detect_foreground
ModuleNotFoundError: No module named 'lib.foreground_detect'
harvest err
[02:15:43] tick
<string>:3: SyntaxWarning: "\~" is an invalid escape sequence. Such sequences will not work in the future. Did you mean "\\~"? A raw string is also an option.
Traceback (most recent call last):
  File "<string>", line 4, in <module>
    from lib.foreground_detect import detect_foreground
ModuleNotFoundError: No module named 'lib.foreground_detect'
harvest err
[02:16:12] tick
<string>:3: SyntaxWarning: "\~" is an invalid escape sequence. Such sequences will not work in the future. Did you mean "\\~"? A raw string is also an option.
Traceback (most recent call last):
  File "<string>", line 4, in <module>
    from lib.foreground_detect import detect_foreground
ModuleNotFoundError: No module named 'lib.foreground_detect'
harvest err
[02:16:41] tick
<string>:3: SyntaxWarning: "\~" is an invalid escape sequence. Such sequences will not work in the future. Did you mean "\\~"? A raw string is also an option.
Traceback (most recent call last):
  File "<string>", line 4, in <module>
    from lib.foreground_detect import detect_foreground
ModuleNotFoundError: No module named 'lib.foreground_detect'
harvest err
[02:17:10] tick
<string>:3: SyntaxWarning: "\~" is an invalid escape sequence. Such sequences will not work in the future. Did you mean "\\~"? A raw string is also an option.
Traceback (most recent call last):
  File "<string>", line 4, in <module>
    from lib.foreground_detect import detect_foreground
ModuleNotFoundError: No module named 'lib.foreground_detect'
harvest err
[02:17:39] tick
<string>:3: SyntaxWarning: "\~" is an invalid escape sequence. Such sequences will not work in the future. Did you mean "\\~"? A raw string is also an option.
Traceback (most recent call last):
  File "<string>", line 4, in <module>
    from lib.foreground_detect import detect_foreground
ModuleNotFoundError: No module named 'lib.foreground_detect'
harvest err
[02:18:08] tick
<string>:3: SyntaxWarning: "\~" is an invalid escape sequence. Such sequences will not work in the future. Did you mean "\\~"? A raw string is also an option.
Traceback (most recent call last):
  File "<string>", line 4, in <module>
    from lib.foreground_detect import detect_foreground
ModuleNotFoundError: No module named 'lib.foreground_detect'
harvest err
[02:18:38] tick
<string>:3: SyntaxWarning: "\~" is an invalid escape sequence. Such sequences will not work in the future. Did you mean "\\~"? A raw string is also an option.
Traceback (most recent call last):
  File "<string>", line 4, in <module>
    from lib.foreground_detect import detect_foreground
ModuleNotFoundError: No module named 'lib.foreground_detect'
harvest err
[02:19:09] tick
<string>:3: SyntaxWarning: "\~" is an invalid escape sequence. Such sequences will not work in the future. Did you mean "\\~"? A raw string is also an option.
Traceback (most recent call last):
  File "<string>", line 4, in <module>
    from lib.foreground_detect import detect_foreground
ModuleNotFoundError: No module named 'lib.foreground_detect'
harvest err
[02:19:40] tick
<string>:3: SyntaxWarning: "\~" is an invalid escape sequence. Such sequences will not work in the future. Did you mean "\\~"? A raw string is also an option.
Traceback (most recent call last):
  File "<string>", line 4, in <module>
    from lib.foreground_detect import detect_foreground
ModuleNotFoundError: No module named 'lib.foreground_detect'
harvest err
[02:20:10] tick
<string>:3: SyntaxWarning: "\~" is an invalid escape sequence. Such sequences will not work in the future. Did you mean "\\~"? A raw string is also an option.
Traceback (most recent call last):
  File "<string>", line 4, in <module>
    from lib.foreground_detect import detect_foreground
ModuleNotFoundError: No module named 'lib.foreground_detect'
harvest err
[02:20:39] tick
<string>:3: SyntaxWarning: "\~" is an invalid escape sequence. Such sequences will not work in the future. Did you mean "\\~"? A raw string is also an option.
Traceback (most recent call last):
  File "<string>", line 4, in <module>
    from lib.foreground_detect import detect_foreground
ModuleNotFoundError: No module named 'lib.foreground_detect'
harvest err
[02:21:12] tick
<string>:3: SyntaxWarning: "\~" is an invalid escape sequence. Such sequences will not work in the future. Did you mean "\\~"? A raw string is also an option.
Traceback (most recent call last):
  File "<string>", line 4, in <module>
    from lib.foreground_detect import detect_foreground
ModuleNotFoundError: No module named 'lib.foreground_detect'
harvest err
[02:21:53] tick
<string>:3: SyntaxWarning: "\~" is an invalid escape sequence. Such sequences will not work in the future. Did you mean "\\~"? A raw string is also an option.
Traceback (most recent call last):
  File "<string>", line 4, in <module>
    from lib.foreground_detect import detect_foreground
ModuleNotFoundError: No module named 'lib.foreground_detect'
harvest err
[02:22:28] tick
<string>:3: SyntaxWarning: "\~" is an invalid escape sequence. Such sequences will not work in the future. Did you mean "\\~"? A raw string is also an option.
Traceback (most recent call last):
  File "<string>", line 4, in <module>
    from lib.foreground_detect import detect_foreground
ModuleNotFoundError: No module named 'lib.foreground_detect'
harvest err
[02:23:04] tick
<string>:3: SyntaxWarning: "\~" is an invalid escape sequence. Such sequences will not work in the future. Did you mean "\\~"? A raw string is also an option.
Traceback (most recent call last):
  File "<string>", line 4, in <module>
    from lib.foreground_detect import detect_foreground
ModuleNotFoundError: No module named 'lib.foreground_detect'
harvest err
[02:23:37] tick
<string>:3: SyntaxWarning: "\~" is an invalid escape sequence. Such sequences will not work in the future. Did you mean "\\~"? A raw string is also an option.
Traceback (most recent call last):
  File "<string>", line 4, in <module>
    from lib.foreground_detect import detect_foreground
ModuleNotFoundError: No module named 'lib.foreground_detect'
harvest err
[02:24:17] tick
<string>:3: SyntaxWarning: "\~" is an invalid escape sequence. Such sequences will not work in the future. Did you mean "\\~"? A raw string is also an option.
Traceback (most recent call last):
  File "<string>", line 4, in <module>
    from lib.foreground_detect import detect_foreground
ModuleNotFoundError: No module named 'lib.foreground_detect'
harvest err
[02:24:54] tick
<string>:3: SyntaxWarning: "\~" is an invalid escape sequence. Such sequences will not work in the future. Did you mean "\\~"? A raw string is also an option.
Traceback (most recent call last):
  File "<string>", line 4, in <module>
    from lib.foreground_detect import detect_foreground
ModuleNotFoundError: No module named 'lib.foreground_detect'
harvest err
[02:25:37] tick
<string>:3: SyntaxWarning: "\~" is an invalid escape sequence. Such sequences will not work in the future. Did you mean "\\~"? A raw string is also an option.
Traceback (most recent call last):
  File "<string>", line 4, in <module>
    from lib.foreground_detect import detect_foreground
ModuleNotFoundError: No module named 'lib.foreground_detect'
harvest err
[02:26:09] tick
<string>:3: SyntaxWarning: "\~" is an invalid escape sequence. Such sequences will not work in the future. Did you mean "\\~"? A raw string is also an option.
Traceback (most recent call last):
  File "<string>", line 4, in <module>
    from lib.foreground_detect import detect_foreground
ModuleNotFoundError: No module named 'lib.foreground_detect'
harvest err
[02:26:42] tick
<string>:3: SyntaxWarning: "\~" is an invalid escape sequence. Such sequences will not work in the future. Did you mean "\\~"? A raw string is also an option.
Traceback (most recent call last):
  File "<string>", line 4, in <module>
    from lib.foreground_detect import detect_foreground
ModuleNotFoundError: No module named 'lib.foreground_detect'
harvest err
[02:27:18] tick
<string>:3: SyntaxWarning: "\~" is an invalid escape sequence. Such sequences will not work in the future. Did you mean "\\~"? A raw string is also an option.
Traceback (most recent call last):
  File "<string>", line 4, in <module>
    from lib.foreground_detect import detect_foreground
ModuleNotFoundError: No module named 'lib.foreground_detect'
harvest err
[02:27:50] tick
<string>:3: SyntaxWarning: "\~" is an invalid escape sequence. Such sequences will not work in the future. Did you mean "\\~"? A raw string is also an option.
Traceback (most recent call last):
  File "<string>", line 4, in <module>
    from lib.foreground_detect import detect_foreground
ModuleNotFoundError: No module named 'lib.foreground_detect'
harvest err
=== God Mode PRODUCTION Sat Jul 18 02:28:13 EDT 2026 ===
[02:28:13] tick
<string>:3: SyntaxWarning: "\~" is an invalid escape sequence. Such sequences will not work in the future. Did you mean "\\~"? A raw string is also an option.
Traceback (most recent call last):
  File "<string>", line 4, in <module>
    from lib.foreground_detect import detect_foreground
ModuleNotFoundError: No module named 'lib.foreground_detect'
harvest err
[02:28:44] tick
<string>:3: SyntaxWarning: "\~" is an invalid escape sequence. Such sequences will not work in the future. Did you mean "\\~"? A raw string is also an option.
Traceback (most recent call last):
  File "<string>", line 4, in <module>
    from lib.foreground_detect import detect_foreground
ModuleNotFoundError: No module named 'lib.foreground_detect'
harvest err
[02:29:19] tick
<string>:3: SyntaxWarning: "\~" is an invalid escape sequence. Such sequences will not work in the future. Did you mean "\\~"? A raw string is also an option.
Traceback (most recent call last):
  File "<string>", line 4, in <module>
    from lib.foreground_detect import detect_foreground
ModuleNotFoundError: No module named 'lib.foreground_detect'
harvest err
=== FINAL PRODUCTION Sat Jul 18 02:29:40 EDT 2026 ===
[02:29:40] tick
<string>:3: SyntaxWarning: "\~" is an invalid escape sequence. Such sequences will not work in the future. Did you mean "\\~"? A raw string is also an option.
Traceback (most recent call last):
  File "<string>", line 4, in <module>
    from lib.foreground_detect import detect_foreground
ModuleNotFoundError: No module named 'lib.foreground_detect'
harvest err
[2026-07-18 02:29:47] Starting Broccoli workspace backup sync...
[02:30:13] tick
<string>:3: SyntaxWarning: "\~" is an invalid escape sequence. Such sequences will not work in the future. Did you mean "\\~"? A raw string is also an option.
Traceback (most recent call last):
  File "<string>", line 4, in <module>
    from lib.foreground_detect import detect_foreground
ModuleNotFoundError: No module named 'lib.foreground_detect'
harvest err
[2026-07-18 02:30:18] Starting Broccoli workspace backup sync...
[02:30:44] tick
<string>:3: SyntaxWarning: "\~" is an invalid escape sequence. Such sequences will not work in the future. Did you mean "\\~"? A raw string is also an option.
Traceback (most recent call last):
  File "<string>", line 4, in <module>
    from lib.foreground_detect import detect_foreground
ModuleNotFoundError: No module named 'lib.foreground_detect'
harvest err
[2026-07-18 02:30:59] Starting Broccoli workspace backup sync...
[02:31:26] tick
<string>:3: SyntaxWarning: "\~" is an invalid escape sequence. Such sequences will not work in the future. Did you mean "\\~"? A raw string is also an option.
Traceback (most recent call last):
  File "<string>", line 4, in <module>
    from lib.foreground_detect import detect_foreground
ModuleNotFoundError: No module named 'lib.foreground_detect'
harvest err
[2026-07-18 02:31:38] Starting Broccoli workspace backup sync...
[02:32:03] tick
<string>:3: SyntaxWarning: "\~" is an invalid escape sequence. Such sequences will not work in the future. Did you mean "\\~"? A raw string is also an option.
Traceback (most recent call last):
  File "<string>", line 4, in <module>
    from lib.foreground_detect import detect_foreground
ModuleNotFoundError: No module named 'lib.foreground_detect'
harvest err
[2026-07-18 02:32:12] Starting Broccoli workspace backup sync...
[02:32:37] tick
<string>:3: SyntaxWarning: "\~" is an invalid escape sequence. Such sequences will not work in the future. Did you mean "\\~"? A raw string is also an option.
Traceback (most recent call last):
  File "<string>", line 4, in <module>
    from lib.foreground_detect import detect_foreground
ModuleNotFoundError: No module named 'lib.foreground_detect'
harvest err
[2026-07-18 02:32:53] Starting Broccoli workspace backup sync...
[02:33:18] tick
<string>:3: SyntaxWarning: "\~" is an invalid escape sequence. Such sequences will not work in the future. Did you mean "\\~"? A raw string is also an option.
Traceback (most recent call last):
  File "<string>", line 4, in <module>
    from lib.foreground_detect import detect_foreground
ModuleNotFoundError: No module named 'lib.foreground_detect'
harvest err
[2026-07-18 02:33:36] Starting Broccoli workspace backup sync...
=== STORAGE AWARE GOD MODE Sat Jul 18 02:34:04 EDT 2026 ===
[02:34:04] tick
[2026-07-18 02:34:10] Starting Broccoli workspace backup sync...
[02:34:36] tick
[2026-07-18 02:34:43] Starting Broccoli workspace backup sync...
[02:35:08] tick
[2026-07-18 02:35:17] Starting Broccoli workspace backup sync...
[02:35:42] tick
[2026-07-18 02:35:53] Starting Broccoli workspace backup sync...
[02:36:19] tick
[2026-07-18 02:36:25] Starting Broccoli workspace backup sync...
[02:36:51] tick
[2026-07-18 02:37:04] Starting Broccoli workspace backup sync...
[02:37:30] tick
[2026-07-18 02:37:36] Starting Broccoli workspace backup sync...
[02:38:02] tick
[2026-07-18 02:38:13] Starting Broccoli workspace backup sync...
[02:38:39] tick
[2026-07-18 02:38:44] Starting Broccoli workspace backup sync...
[02:39:09] tick
[2026-07-18 02:39:13] Starting Broccoli workspace backup sync...
[02:39:38] tick
[2026-07-18 02:39:43] Starting Broccoli workspace backup sync...
[02:40:08] tick
[2026-07-18 02:40:14] Starting Broccoli workspace backup sync...
[02:40:39] tick
[2026-07-18 02:40:56] Starting Broccoli workspace backup sync...
[02:41:22] tick
[2026-07-18 02:41:29] Starting Broccoli workspace backup sync...
[02:41:55] tick
[2026-07-18 02:42:02] Starting Broccoli workspace backup sync...
[02:42:28] tick
[2026-07-18 02:42:36] Starting Broccoli workspace backup sync...
[02:43:02] tick
[2026-07-18 02:43:08] Starting Broccoli workspace backup sync...
[02:43:34] tick
[2026-07-18 02:43:39] Starting Broccoli workspace backup sync...
[02:44:05] tick
[2026-07-18 02:44:12] Starting Broccoli workspace backup sync...
[02:44:38] tick
[2026-07-18 02:44:42] Starting Broccoli workspace backup sync...
[02:45:07] tick
[2026-07-18 02:45:11] Starting Broccoli workspace backup sync...
[02:45:36] tick
[2026-07-18 02:45:40] Starting Broccoli workspace backup sync...
[02:46:05] tick
[2026-07-18 02:46:11] Starting Broccoli workspace backup sync...
[02:46:37] tick
[2026-07-18 02:46:53] Starting Broccoli workspace backup sync...
[02:47:20] tick
[2026-07-18 02:47:33] Starting Broccoli workspace backup sync...
[02:47:59] tick
[2026-07-18 02:48:06] Starting Broccoli workspace backup sync...
[02:48:32] tick
[2026-07-18 02:48:39] Starting Broccoli workspace backup sync...
[02:49:06] tick
[2026-07-18 02:49:10] Starting Broccoli workspace backup sync...
[02:49:36] tick
[2026-07-18 02:49:40] Starting Broccoli workspace backup sync...
[02:50:05] tick
[2026-07-18 02:50:09] Starting Broccoli workspace backup sync...
[02:50:34] tick
[2026-07-18 02:50:38] Starting Broccoli workspace backup sync...
[02:51:03] tick
[2026-07-18 02:51:12] Starting Broccoli workspace backup sync...
✅ Backup successfully synced to Google Drive via rclone.
[03:15:28] tick
[2026-07-18 03:15:37] Starting Broccoli workspace backup sync...
✅ Backup successfully synced to Google Drive via rclone.
[03:16:07] tick
[2026-07-18 03:16:16] Starting Broccoli workspace backup sync...
✅ Backup successfully synced to Google Drive via rclone.
[03:16:54] tick
[2026-07-18 03:17:01] Starting Broccoli workspace backup sync...
✅ Backup successfully synced to Google Drive via rclone.
[03:18:04] tick
[2026-07-18 03:18:17] Starting Broccoli workspace backup sync...
✅ Backup successfully synced to Google Drive via rclone.
[03:18:57] tick
[2026-07-18 03:19:09] Starting Broccoli workspace backup sync...
✅ Backup successfully synced to Google Drive via rclone.
[03:19:57] tick
[2026-07-18 03:20:10] Starting Broccoli workspace backup sync...
✅ Backup successfully synced to Google Drive via rclone.
[03:20:57] tick
[2026-07-18 03:21:03] Starting Broccoli workspace backup sync...
✅ Backup successfully synced to Google Drive via rclone.
[03:22:05] tick
[2026-07-18 03:22:14] Starting Broccoli workspace backup sync...
✅ Backup successfully synced to Google Drive via rclone.
[03:22:54] tick
[2026-07-18 03:23:12] Starting Broccoli workspace backup sync...
✅ Backup successfully synced to Google Drive via rclone.
[03:24:03] tick
[2026-07-18 03:24:23] Starting Broccoli workspace backup sync...
✅ Backup successfully synced to Google Drive via rclone.
[03:24:56] tick
[2026-07-18 03:25:17] Starting Broccoli workspace backup sync...
✅ Backup successfully synced to Google Drive via rclone.
[03:25:58] tick
[2026-07-18 03:26:12] Starting Broccoli workspace backup sync...
