[2026-07-08T02:20:18-04:00] ensure try 1/5
    topResumedActivity=ActivityRecord{3fc81b2 u0 com.termux/.app.TermuxActivity t1791}
[2026-07-08T02:20:25-04:00] resume ai.x.grok/.main.GrokActivity
Starting: Intent { flg=0x20000000 cmp=ai.x.grok/.main.GrokActivity }

[2026-07-08T02:20:39-04:00] monkey fallback
Request timeout. The connection between the current app (com.termux) and Shizuku app may be blocked by your system. Please disable all battery optimization features for both current app (com.termux) and Shizuku app.
[2026-07-08T02:24:31-04:00] ensure try 1/5
    topResumedActivity=ActivityRecord{3fc81b2 u0 com.termux/.app.TermuxActivity t1791}
[2026-07-08T02:24:33-04:00] resume ai.x.grok/.main.GrokActivity
Starting: Intent { flg=0x20000000 cmp=ai.x.grok/.main.GrokActivity }
    topResumedActivity=ActivityRecord{a527bad u0 ai.x.grok/.main.GrokActivity t1804}
[2026-07-08T02:24:47-04:00] wrong window: ? — relaunch
[2026-07-08T02:24:49-04:00] ensure try 2/5

[2026-07-08T02:24:51-04:00] resume ai.x.grok/.main.GrokActivity
Starting: Intent { flg=0x20000000 cmp=ai.x.grok/.main.GrokActivity }
    topResumedActivity=ActivityRecord{a527bad u0 ai.x.grok/.main.GrokActivity t1804}
[2026-07-08T02:25:05-04:00] wrong window: ? — relaunch
[2026-07-08T02:25:07-04:00] ensure try 3/5
    topResumedActivity=ActivityRecord{a527bad u0 ai.x.grok/.main.GrokActivity t1804}
[2026-07-08T02:25:18-04:00] wrong window: ? — relaunch
[2026-07-08T02:25:20-04:00] ensure try 4/5
    topResumedActivity=ActivityRecord{a527bad u0 ai.x.grok/.main.GrokActivity t1804}
[2026-07-08T02:25:29-04:00] FAIL not foreground
[2026-07-08T02:25:30-04:00] ensure try 5/5
    topResumedActivity=ActivityRecord{a527bad u0 ai.x.grok/.main.GrokActivity t1804}
[2026-07-08T02:25:49-04:00] wrong window: ? — relaunch
[2026-07-08T02:25:52-04:00] FAIL ensure_grok_window after 5 tries
[2026-07-08T02:28:03-04:00] ensure try 1/5
    topResumedActivity=ActivityRecord{3fc81b2 u0 com.termux/.app.TermuxActivity t1791}
[2026-07-08T02:28:04-04:00] resume ai.x.grok/.main.GrokActivity
Starting: Intent { flg=0x20000000 cmp=ai.x.grok/.main.GrokActivity }
    topResumedActivity=ActivityRecord{a527bad u0 ai.x.grok/.main.GrokActivity t1804}
[2026-07-08T02:28:14-04:00] FAIL not foreground
[2026-07-08T02:28:15-04:00] ensure try 2/5
    topResumedActivity=ActivityRecord{a527bad u0 ai.x.grok/.main.GrokActivity t1804}
[2026-07-08T02:28:23-04:00] FAIL not foreground
[2026-07-08T02:28:25-04:00] ensure try 3/5
    topResumedActivity=ActivityRecord{a527bad u0 ai.x.grok/.main.GrokActivity t1804}
[2026-07-08T02:28:39-04:00] wrong window: ? — relaunch
[2026-07-08T02:28:41-04:00] ensure try 4/5

[2026-07-08T02:28:50-04:00] resume ai.x.grok/.main.GrokActivity
Request timeout. The connection between the current app (com.termux) and Shizuku app may be blocked by your system. Please disable all battery optimization features for both current app (com.termux) and Shizuku app.
Starting: Intent { cmp=ai.x.grok/.main.GrokActivity }
    topResumedActivity=ActivityRecord{a527bad u0 ai.x.grok/.main.GrokActivity t1804}
[2026-07-08T02:29:13-04:00] FAIL not foreground
[2026-07-08T02:29:14-04:00] ensure try 5/5
    topResumedActivity=ActivityRecord{3fc81b2 u0 com.termux/.app.TermuxActivity t1791}
[2026-07-08T02:29:16-04:00] resume ai.x.grok/.main.GrokActivity
Starting: Intent { flg=0x20000000 cmp=ai.x.grok/.main.GrokActivity }
    topResumedActivity=ActivityRecord{a527bad u0 ai.x.grok/.main.GrokActivity t1804}
[2026-07-08T02:29:33-04:00] wrong window: ? — relaunch
[2026-07-08T02:29:35-04:00] FAIL ensure_grok_window after 5 tries
[2026-07-08T02:29:36-04:00] ensure try 1/5
    topResumedActivity=ActivityRecord{a527bad u0 ai.x.grok/.main.GrokActivity t1804}
[2026-07-08T02:29:49-04:00] wrong window: ? — relaunch
[2026-07-08T02:29:51-04:00] ensure try 2/5

[2026-07-08T02:29:59-04:00] resume ai.x.grok/.main.GrokActivity
Starting: Intent { flg=0x20000000 cmp=ai.x.grok/.main.GrokActivity }

[2026-07-08T02:30:16-04:00] monkey fallback
  bash arg: -p
  bash arg: ai.x.grok
  bash arg: -c
  bash arg: android.intent.category.LAUNCHER
  bash arg: 1
Events injected: 1
## Network stats: elapsed time=72ms (0ms mobile, 0ms wifi, 72ms not connected)
[2026-07-08T02:30:30-04:00] FAIL not foreground
[2026-07-08T02:30:32-04:00] ensure try 3/5

[2026-07-08T02:30:35-04:00] resume ai.x.grok/.main.GrokActivity
Starting: Intent { flg=0x20000000 cmp=ai.x.grok/.main.GrokActivity }

[2026-07-08T02:30:41-04:00] monkey fallback
  bash arg: -p
  bash arg: ai.x.grok
  bash arg: -c
  bash arg: android.intent.category.LAUNCHER
  bash arg: 1
Events injected: 1
## Network stats: elapsed time=40ms (0ms mobile, 0ms wifi, 40ms not connected)
[2026-07-08T02:30:51-04:00] FAIL not foreground
[2026-07-08T02:30:52-04:00] ensure try 4/5

[2026-07-08T02:30:54-04:00] resume ai.x.grok/.main.GrokActivity
Starting: Intent { flg=0x20000000 cmp=ai.x.grok/.main.GrokActivity }
[2026-07-08T02:30:58-04:00] ensure try 1/5

[2026-07-08T02:31:00-04:00] monkey fallback
    topResumedActivity=ActivityRecord{a527bad u0 ai.x.grok/.main.GrokActivity t1804}
  bash arg: -p
  bash arg: ai.x.grok
  bash arg: -c
  bash arg: android.intent.category.LAUNCHER
  bash arg: 1
Events injected: 1
## Network stats: elapsed time=19ms (0ms mobile, 0ms wifi, 19ms not connected)
[2026-07-08T02:31:12-04:00] wrong window: ? — relaunch
[2026-07-08T02:31:16-04:00] ensure try 2/5
[2026-07-08T02:31:16-04:00] wrong window: ? — relaunch
    topResumedActivity=ActivityRecord{a527bad u0 ai.x.grok/.main.GrokActivity t1804}
[2026-07-08T02:31:19-04:00] ensure try 5/5
    topResumedActivity=ActivityRecord{a527bad u0 ai.x.grok/.main.GrokActivity t1804}
[2026-07-08T02:31:25-04:00] FAIL not foreground
[2026-07-08T02:31:26-04:00] ensure try 3/5
    topResumedActivity=ActivityRecord{a527bad u0 ai.x.grok/.main.GrokActivity t1804}
[2026-07-08T02:31:35-04:00] wrong window: ? — relaunch
[2026-07-08T02:31:38-04:00] FAIL ensure_grok_window after 5 tries
[2026-07-08T02:31:42-04:00] wrong window: ? — relaunch
[2026-07-08T02:31:45-04:00] ensure try 4/5
[2026-07-08T02:31:48-04:00] ensure try 1/5
    topResumedActivity=ActivityRecord{a527bad u0 ai.x.grok/.main.GrokActivity t1804}
    topResumedActivity=ActivityRecord{a527bad u0 ai.x.grok/.main.GrokActivity t1804}
[2026-07-08T02:32:02-04:00] wrong window: ? — relaunch
[2026-07-08T02:32:04-04:00] wrong window: ? — relaunch
[2026-07-08T02:32:05-04:00] ensure try 5/5
[2026-07-08T02:32:09-04:00] ensure try 2/5

[2026-07-08T02:32:15-04:00] resume ai.x.grok/.main.GrokActivity

[2026-07-08T02:32:17-04:00] resume ai.x.grok/.main.GrokActivity
Request timeout. The connection between the current app (com.termux) and Shizuku app may be blocked by your system. Please disable all battery optimization features for both current app (com.termux) and Shizuku app.
Request timeout. The connection between the current app (com.termux) and Shizuku app may be blocked by your system. Please disable all battery optimization features for both current app (com.termux) and Shizuku app.
Starting: Intent { cmp=ai.x.grok/.main.GrokActivity }
Request timeout. The connection between the current app (com.termux) and Shizuku app may be blocked by your system. Please disable all battery optimization features for both current app (com.termux) and Shizuku app.
    topResumedActivity=ActivityRecord{3fc81b2 u0 com.termux/.app.TermuxActivity t1791}
[2026-07-08T02:32:36-04:00] monkey fallback
  bash arg: -p
  bash arg: ai.x.grok
  bash arg: -c
  bash arg: android.intent.category.LAUNCHER
  bash arg: 1
    topResumedActivity=ActivityRecord{3fc81b2 u0 com.termux/.app.TermuxActivity t1791}
[2026-07-08T02:32:39-04:00] monkey fallback
Events injected: 1
## Network stats: elapsed time=129ms (0ms mobile, 0ms wifi, 129ms not connected)
Request timeout. The connection between the current app (com.termux) and Shizuku app may be blocked by your system. Please disable all battery optimization features for both current app (com.termux) and Shizuku app.
[2026-07-08T02:32:54-04:00] FAIL not foreground
[2026-07-08T02:32:55-04:00] FAIL ensure_grok_window after 5 tries
[2026-07-08T02:32:57-04:00] ensure try 1/5
[2026-07-08T02:33:03-04:00] FAIL not foreground
[2026-07-08T02:33:04-04:00] ensure try 3/5

[2026-07-08T02:33:07-04:00] resume ai.x.grok/.main.GrokActivity
    topResumedActivity=ActivityRecord{4c79cdd u0 ai.x.grok/.main.GrokActivity t1806}
Starting: Intent { flg=0x20000000 cmp=ai.x.grok/.main.GrokActivity }
    topResumedActivity=ActivityRecord{4c79cdd u0 ai.x.grok/.main.GrokActivity t1806}
[2026-07-08T02:33:23-04:00] wrong window: ? — relaunch
[2026-07-08T02:33:27-04:00] ensure try 4/5
    topResumedActivity=ActivityRecord{3fc81b2 u0 com.termux/.app.TermuxActivity t1791}
[2026-07-08T02:33:29-04:00] wrong window: ? — relaunch
[2026-07-08T02:33:29-04:00] resume ai.x.grok/.main.GrokActivity
Starting: Intent { flg=0x20000000 cmp=ai.x.grok/.main.GrokActivity }
[2026-07-08T02:33:32-04:00] ensure try 2/5
    topResumedActivity=ActivityRecord{4c79cdd u0 ai.x.grok/.main.GrokActivity t1806}
    topResumedActivity=ActivityRecord{4c79cdd u0 ai.x.grok/.main.GrokActivity t1806}
[2026-07-08T02:33:47-04:00] wrong window: ? — relaunch
[2026-07-08T02:33:48-04:00] wrong window: ? — relaunch
[2026-07-08T02:33:50-04:00] ensure try 5/5
[2026-07-08T02:33:53-04:00] ensure try 3/5

[2026-07-08T02:33:56-04:00] resume ai.x.grok/.main.GrokActivity
    topResumedActivity=ActivityRecord{4c79cdd u0 ai.x.grok/.main.GrokActivity t1806}
Request timeout. The connection between the current app (com.termux) and Shizuku app may be blocked by your system. Please disable all battery optimization features for both current app (com.termux) and Shizuku app.
[2026-07-08T02:34:10-04:00] FAIL not foreground
Starting: Intent { cmp=ai.x.grok/.main.GrokActivity }
[2026-07-08T02:34:11-04:00] ensure try 4/5
    topResumedActivity=ActivityRecord{4c79cdd u0 ai.x.grok/.main.GrokActivity t1806}
    topResumedActivity=ActivityRecord{4c79cdd u0 ai.x.grok/.main.GrokActivity t1806}
[2026-07-08T02:34:22-04:00] FAIL not foreground
[2026-07-08T02:34:23-04:00] FAIL ensure_grok_window after 5 tries
[2026-07-08T02:34:28-04:00] wrong window: ? — relaunch
[2026-07-08T02:34:31-04:00] ensure try 5/5
    topResumedActivity=ActivityRecord{3fc81b2 u0 com.termux/.app.TermuxActivity t1791}
[2026-07-08T02:34:33-04:00] resume ai.x.grok/.main.GrokActivity
Starting: Intent { flg=0x20000000 cmp=ai.x.grok/.main.GrokActivity }

[2026-07-08T02:34:40-04:00] monkey fallback
[2026-07-08T02:34:40-04:00] ensure try 1/5
  bash arg: -p
  bash arg: ai.x.grok
  bash arg: -c
  bash arg: android.intent.category.LAUNCHER
  bash arg: 1
    topResumedActivity=ActivityRecord{4c79cdd u0 ai.x.grok/.main.GrokActivity t1806}
Events injected: 1
## Network stats: elapsed time=54ms (0ms mobile, 0ms wifi, 54ms not connected)
[2026-07-08T02:34:56-04:00] wrong window: ? — relaunch
[2026-07-08T02:34:58-04:00] wrong window: ? — relaunch
[2026-07-08T02:35:00-04:00] ensure try 2/5
[2026-07-08T02:35:01-04:00] FAIL ensure_grok_window after 5 tries
    topResumedActivity=ActivityRecord{4c79cdd u0 ai.x.grok/.main.GrokActivity t1806}
[2026-07-08T02:35:15-04:00] wrong window: ? — relaunch
[2026-07-08T02:35:19-04:00] ensure try 3/5

[2026-07-08T02:35:28-04:00] resume ai.x.grok/.main.GrokActivity
Starting: Intent { flg=0x20000000 cmp=ai.x.grok/.main.GrokActivity }

[2026-07-08T02:35:46-04:00] monkey fallback
  bash arg: -p
  bash arg: ai.x.grok
  bash arg: -c
  bash arg: android.intent.category.LAUNCHER
  bash arg: 1
Events injected: 1
## Network stats: elapsed time=109ms (0ms mobile, 0ms wifi, 109ms not connected)
[2026-07-08T02:36:03-04:00] FAIL not foreground
[2026-07-08T02:36:04-04:00] ensure try 4/5
    topResumedActivity=ActivityRecord{3fc81b2 u0 com.termux/.app.TermuxActivity t1791}
[2026-07-08T02:36:07-04:00] resume ai.x.grok/.main.GrokActivity
Starting: Intent { flg=0x20000000 cmp=ai.x.grok/.main.GrokActivity }
    topResumedActivity=ActivityRecord{4c79cdd u0 ai.x.grok/.main.GrokActivity t1806}
[2026-07-08T02:36:35-04:00] wrong window: ? — relaunch
[2026-07-08T02:36:38-04:00] ensure try 5/5
    topResumedActivity=ActivityRecord{4c79cdd u0 ai.x.grok/.main.GrokActivity t1806}
[2026-07-08T02:36:58-04:00] wrong window: ? — relaunch
[2026-07-12T16:59:34-04:00] goto: try 1 screen=not_grok_ui
[2026-07-12T17:00:04-04:00] goto: OK try 2
[2026-07-12T19:31:47-04:00] goto: try 1 screen=not_grok_ui
[2026-07-12T20:12:26-04:00] goto: try 1 screen=not_grok_ui
[2026-07-12T20:15:09-04:00] goto: try 1 screen=grok_other
[2026-07-12T20:18:55-04:00] goto: try 1 screen=not_grok_ui
[2026-07-12T22:55:00-04:00] goto: try 1 screen=not_grok_ui
[2026-07-13T01:22:16-04:00] goto: try 1 screen=not_grok_ui
[2026-07-13T03:24:31-04:00] goto: try 1 screen=not_grok_ui
[2026-07-13T03:25:08-04:00] goto: OK try 2
[2026-07-13T03:26:07-04:00] goto: OK try 1
[2026-07-13T03:26:38-04:00] goto: OK try 1
[2026-07-13T03:26:57-04:00] goto: OK try 1
[2026-07-13T03:27:43-04:00] goto: OK try 1
[2026-07-13T03:28:21-04:00] goto: OK try 1
[2026-07-13T03:28:55-04:00] goto: OK try 1
[2026-07-13T03:29:27-04:00] goto: OK try 1
[2026-07-13T03:29:58-04:00] goto: OK try 1
[2026-07-13T03:30:32-04:00] goto: OK try 1
[2026-07-13T11:08:04-04:00] goto: try 1 screen=not_grok_ui
[2026-07-13T11:08:28-04:00] goto: OK try 2
[2026-07-13T11:09:13-04:00] goto: OK try 1
[2026-07-13T17:20:04-04:00] goto: try 1 screen=not_grok_ui
[2026-07-13T17:20:42-04:00] goto: try 2 screen=not_grok_ui
[2026-07-13T21:05:23-04:00] goto: try 1 screen=not_grok_ui
[2026-07-13T21:05:56-04:00] goto: try 2 screen=not_grok_ui
[2026-07-13T21:06:13-04:00] goto: OK try 3
[2026-07-13T21:10:47-04:00] goto: try 1 screen=not_grok_ui
[2026-07-13T21:11:01-04:00] goto: try 1 screen=?
[2026-07-13T21:11:03-04:00] goto: OK try 1
[2026-07-13T21:11:18-04:00] goto: OK try 2
[2026-07-13T22:20:23-04:00] goto: try 1 screen=not_grok_ui
[2026-07-13T22:20:33-04:00] goto: OK try 2
[2026-07-13T22:20:48-04:00] goto: OK try 1
[2026-07-13T22:54:23-04:00] goto: try 1 screen=not_grok_ui
[2026-07-13T22:54:35-04:00] goto: OK try 2
[2026-07-13T22:56:00-04:00] goto: OK try 1
[2026-07-13T22:56:11-04:00] goto: OK try 1
[2026-07-13T23:32:37-04:00] goto: OK try 1
[2026-07-13T23:33:12-04:00] goto: try 1 screen=not_grok_ui
[2026-07-13T23:33:25-04:00] goto: OK try 2
[2026-07-13T23:33:46-04:00] goto: OK try 1
[2026-07-13T23:36:09-04:00] goto: OK try 1
[2026-07-13T23:46:19-04:00] goto: OK try 1
[2026-07-13T23:46:45-04:00] goto: OK try 1
[2026-07-13T23:50:11-04:00] goto: OK try 1
[2026-07-13T23:52:20-04:00] goto: try 1 screen=not_grok_ui
[2026-07-13T23:52:32-04:00] goto: OK try 2
[2026-07-13T23:52:44-04:00] goto: OK try 1
[2026-07-13T23:53:28-04:00] goto: OK try 1
[2026-07-14T00:02:26-04:00] goto: OK try 1
[2026-07-14T00:06:44-04:00] goto: OK try 1
[2026-07-14T00:11:35-04:00] goto: OK try 1
[2026-07-14T00:18:12-04:00] goto: OK try 1
[2026-07-14T00:39:42-04:00] goto: OK try 1
[2026-07-14T00:40:43-04:00] goto: OK try 1
[2026-07-14T00:42:39-04:00] goto: OK try 1
[2026-07-14T00:47:21-04:00] goto: OK try 1
[2026-07-14T00:49:21-04:00] goto: OK try 1
[2026-07-14T00:51:40-04:00] goto: OK try 1
[2026-07-14T00:52:51-04:00] goto: OK try 1
[2026-07-14T00:53:54-04:00] goto: OK try 1
[2026-07-14T00:56:20-04:00] goto: OK try 1
[2026-07-14T01:04:48-04:00] goto: try 1 screen=not_grok_ui
[2026-07-14T01:04:57-04:00] goto: OK try 2
[2026-07-14T01:05:30-04:00] goto: OK try 1
[2026-07-14T01:05:56-04:00] goto: try 1 screen=not_grok_ui
[2026-07-14T01:06:05-04:00] goto: OK try 2
[2026-07-14T03:42:15-04:00] goto: OK try 1
[2026-07-14T03:42:54-04:00] goto: OK try 1
[2026-07-14T03:43:33-04:00] goto: OK try 1
[2026-07-14T12:48:25-04:00] goto: OK try 1
[2026-07-14T12:49:03-04:00] goto: try 1 screen=not_grok_ui
[2026-07-14T12:50:18-04:00] goto: try 1 screen=not_grok_ui
[2026-07-14T12:52:33-04:00] goto: try 1 screen=not_grok_ui
[2026-07-14T12:53:15-04:00] goto: try 1 screen=not_grok_ui
[2026-07-14T12:54:25-04:00] goto: try 1 screen=not_grok_ui
[2026-07-14T12:54:52-04:00] goto: OK try 1
[2026-07-14T23:54:08-04:00] goto: try 1 screen=not_grok_ui
[2026-07-15T00:03:34-04:00] goto: try 1 screen=not_grok_ui
[2026-07-18T00:55:02-04:00] goto: try 1 screen=not_grok_ui
[2026-07-18T00:55:25-04:00] goto: OK try 2
[2026-07-18T00:56:25-04:00] goto: OK try 1
[2026-07-18T00:57:10-04:00] goto: OK try 1
[2026-07-18T00:58:03-04:00] goto: OK try 1
[2026-07-18T00:58:44-04:00] goto: OK try 1
[2026-07-18T00:59:38-04:00] goto: OK try 1
[2026-07-18T01:00:25-04:00] goto: OK try 1
[2026-07-18T01:53:07-04:00] goto: OK try 1
[2026-07-18T01:53:53-04:00] goto: OK try 1
[2026-07-18T01:54:40-04:00] goto: OK try 1
[2026-07-18T01:55:24-04:00] goto: OK try 1
[2026-07-18T01:56:15-04:00] goto: OK try 1
[2026-07-18T01:56:52-04:00] goto: try 1 screen=not_grok_ui
[2026-07-18T01:57:04-04:00] goto: OK try 2
[2026-07-18T01:57:42-04:00] goto: OK try 1
[2026-07-18T01:58:27-04:00] goto: OK try 1
[2026-07-18T01:59:17-04:00] goto: OK try 1
