2026-07-07T21:17:53 ROUND len=31
2026-07-07T21:22:06 ROUND len=39 pkg=ai.x.grok
2026-07-07T21:26:36 ROUND task_len=33
2026-07-07T21:27:14 SEARCH_BOX found=False wait_dt=30.75
2026-07-07T21:28:42 INJECT ok=False
2026-07-07T21:29:13 CODEV rc=0
2026-07-07T21:36:32 ROUND attempt=1 len=33
2026-07-07T21:37:12 SEARCH_BOX found=False dt=31.81
2026-07-07T21:38:14 INJECT ok=False
2026-07-07T21:38:14 ROUND attempt=2 len=33
2026-07-07T21:38:49 SEARCH_BOX found=False dt=29.96
2026-07-07T21:40:07 INJECT ok=False
2026-07-07T21:40:41 SELFTEST {"nodes": 0, "box": null, "sends": []}
2026-07-07T21:40:41 ROUND attempt=3 len=33
2026-07-07T21:41:31 SEARCH_BOX found=False dt=43.49
2026-07-07T21:42:54 INJECT ok=False
2026-07-07T21:43:28 SELFTEST {"nodes": 0, "box": null, "sends": []}
2026-07-07T21:43:28 PERSIST exhausted -> codev
2026-07-07T21:44:00 CODEV rc=0
2026-07-07T21:50:02 COMPOSER_HAS_TASK=False candidates=0
2026-07-07T21:50:02 SKIP_SEND composer_empty_or_no_task
21:57:23 pasted
21:57:32 enter
21:57:51 done len=7545
21:58:04 no_composer
2026-07-08T00:07:23 ROUND attempt=1 len=33
2026-07-08T00:07:54 SEARCH_BOX found=False dt=25.35
2026-07-08T00:08:49 INJECT ok=False
2026-07-08T00:08:49 ROUND attempt=2 len=33
2026-07-08T00:09:28 SEARCH_BOX found=False dt=34.17
2026-07-08T00:11:13 INJECT ok=False
