2026-07-07T02:56:11 OK ui_dump_loop started
2026-07-07T02:56:12 OK dump composer=False send=False q=244 changed=True
2026-07-07T02:56:15 SKIP unchanged
2026-07-07T02:56:19 SKIP unchanged
2026-07-07T02:56:22 SKIP unchanged
2026-07-07T02:56:25 SKIP unchanged
2026-07-07T02:56:29 SKIP unchanged
2026-07-07T02:56:33 SKIP unchanged
2026-07-07T02:56:36 SKIP unchanged
2026-07-07T02:56:39 SKIP unchanged
2026-07-07T02:56:43 SKIP unchanged
2026-07-07T02:56:47 SKIP unchanged
2026-07-07T02:56:50 SKIP unchanged
2026-07-07T02:56:54 SKIP unchanged
2026-07-07T02:56:58 SKIP unchanged
2026-07-07T02:57:01 SKIP unchanged
2026-07-07T02:57:05 SKIP unchanged
2026-07-07T02:57:08 SKIP unchanged
2026-07-07T02:57:12 SKIP unchanged
2026-07-07T02:57:15 SKIP unchanged
2026-07-07T02:57:18 SKIP unchanged
2026-07-07T02:57:22 SKIP unchanged
2026-07-07T02:57:25 SKIP unchanged
2026-07-07T02:57:29 SKIP unchanged
2026-07-07T02:57:32 SKIP unchanged
2026-07-07T02:57:36 SKIP unchanged
2026-07-07T02:57:39 SKIP unchanged
2026-07-07T02:57:43 SKIP unchanged
2026-07-07T02:57:54 SKIP unchanged
2026-07-07T02:58:04 SKIP unchanged
2026-07-07T02:58:15 SKIP unchanged
2026-07-07T02:58:25 SKIP unchanged
2026-07-07T02:58:36 SKIP unchanged
2026-07-07T02:58:47 SKIP unchanged
2026-07-07T02:58:58 SKIP unchanged
2026-07-07T02:59:09 SKIP unchanged
2026-07-07T02:59:19 SKIP unchanged
2026-07-07T02:59:29 SKIP unchanged
2026-07-07T02:59:40 SKIP unchanged
2026-07-07T02:59:50 SKIP unchanged
2026-07-07T03:00:02 SKIP unchanged
2026-07-07T03:00:12 SKIP unchanged
2026-07-07T03:00:19 SKIP unchanged
2026-07-07T03:00:25 SKIP unchanged
2026-07-07T03:00:32 SKIP unchanged
2026-07-07T03:00:38 SKIP unchanged
2026-07-07T03:00:44 SKIP unchanged
2026-07-07T03:00:51 SKIP unchanged
2026-07-07T03:00:57 SKIP unchanged
2026-07-07T03:01:04 SKIP unchanged
2026-07-07T03:01:11 SKIP unchanged
2026-07-07T03:01:17 SKIP unchanged
2026-07-07T03:01:23 SKIP unchanged
2026-07-07T03:01:30 SKIP unchanged
2026-07-07T03:01:36 SKIP unchanged
2026-07-07T03:01:43 SKIP unchanged
2026-07-07T03:01:49 SKIP unchanged
2026-07-07T03:01:55 SKIP unchanged
2026-07-07T03:02:02 SKIP unchanged
2026-07-07T03:02:08 SKIP unchanged
2026-07-07T03:02:15 SKIP unchanged
2026-07-07T03:02:21 SKIP unchanged
2026-07-07T03:02:27 SKIP unchanged
2026-07-07T03:02:34 SKIP unchanged
2026-07-07T03:02:40 SKIP unchanged
2026-07-07T03:02:46 SKIP unchanged
2026-07-07T03:02:53 SKIP unchanged
2026-07-07T03:02:59 SKIP unchanged
2026-07-07T03:03:05 SKIP unchanged
2026-07-07T03:03:12 SKIP unchanged
2026-07-07T03:03:18 SKIP unchanged
2026-07-07T03:03:25 SKIP unchanged
2026-07-07T03:03:32 SKIP unchanged
2026-07-07T03:03:39 SKIP unchanged
2026-07-07T03:03:45 SKIP unchanged
2026-07-07T03:03:51 SKIP unchanged
2026-07-07T03:03:58 SKIP unchanged
2026-07-07T03:04:05 SKIP unchanged
2026-07-07T03:04:11 SKIP unchanged
2026-07-07T03:04:18 SKIP unchanged
2026-07-07T03:04:24 SKIP unchanged
2026-07-07T03:04:30 SKIP unchanged
2026-07-07T03:04:37 SKIP unchanged
2026-07-07T03:04:43 SKIP unchanged
2026-07-07T03:04:49 SKIP unchanged
2026-07-07T03:04:56 SKIP unchanged
2026-07-07T03:05:02 SKIP unchanged
2026-07-07T03:05:08 SKIP unchanged
2026-07-07T03:05:15 SKIP unchanged
2026-07-07T03:05:21 SKIP unchanged
2026-07-07T03:05:27 SKIP unchanged
2026-07-07T03:05:34 SKIP unchanged
2026-07-07T03:05:40 SKIP unchanged
2026-07-07T03:05:46 SKIP unchanged
2026-07-07T03:05:53 SKIP unchanged
2026-07-07T03:05:59 OK dump composer=False send=False q=129 changed=False
2026-07-07T03:06:02 SKIP unchanged
2026-07-07T03:06:04 SKIP unchanged
2026-07-07T03:06:06 SKIP unchanged
2026-07-07T03:06:09 SKIP unchanged
2026-07-07T03:06:11 SKIP unchanged
2026-07-07T03:06:13 SKIP unchanged
2026-07-07T03:06:15 SKIP unchanged
2026-07-07T03:06:18 SKIP unchanged
2026-07-07T03:06:20 SKIP unchanged
2026-07-07T03:06:22 SKIP unchanged
2026-07-07T03:06:25 SKIP unchanged
2026-07-07T03:06:27 SKIP unchanged
2026-07-07T03:06:29 SKIP unchanged
2026-07-07T03:06:32 SKIP unchanged
2026-07-07T03:06:34 SKIP unchanged
2026-07-07T03:06:36 SKIP unchanged
2026-07-07T03:06:39 SKIP unchanged
2026-07-07T03:06:41 SKIP unchanged
2026-07-07T03:06:44 SKIP unchanged
2026-07-07T03:06:46 SKIP unchanged
2026-07-07T03:06:48 SKIP unchanged
2026-07-07T03:06:51 SKIP unchanged
2026-07-07T03:06:53 SKIP unchanged
2026-07-07T03:06:56 SKIP unchanged
2026-07-07T03:06:58 SKIP unchanged
2026-07-07T03:07:01 SKIP unchanged
2026-07-07T03:07:03 SKIP unchanged
2026-07-07T03:07:06 SKIP unchanged
2026-07-07T03:07:12 SKIP unchanged
2026-07-07T03:07:18 SKIP unchanged
2026-07-07T03:07:24 SKIP unchanged
2026-07-07T03:07:31 SKIP unchanged
2026-07-07T03:07:37 SKIP unchanged
2026-07-07T03:07:43 SKIP unchanged
2026-07-07T03:07:50 SKIP unchanged
2026-07-07T03:07:56 SKIP unchanged
2026-07-07T03:08:02 SKIP unchanged
2026-07-07T03:08:08 SKIP unchanged
2026-07-07T03:08:15 SKIP unchanged
2026-07-07T03:08:21 SKIP unchanged
2026-07-07T03:08:28 SKIP unchanged
2026-07-07T03:08:34 SKIP unchanged
2026-07-07T03:08:40 SKIP unchanged
2026-07-07T03:08:47 SKIP unchanged
2026-07-07T03:08:53 SKIP unchanged
2026-07-07T03:08:59 SKIP unchanged
2026-07-07T03:09:06 SKIP unchanged
2026-07-07T03:09:12 SKIP unchanged
2026-07-07T03:09:19 OK dump composer=False send=False q=125 changed=False
2026-07-07T03:09:21 SKIP unchanged
2026-07-07T03:09:24 SKIP unchanged
2026-07-07T03:09:26 SKIP unchanged
2026-07-07T03:09:29 SKIP unchanged
2026-07-07T03:09:31 SKIP unchanged
2026-07-07T03:09:34 SKIP unchanged
2026-07-07T03:09:36 SKIP unchanged
2026-07-07T03:09:39 SKIP unchanged
2026-07-07T03:09:41 SKIP unchanged
2026-07-07T03:09:43 SKIP unchanged
2026-07-07T03:09:45 SKIP unchanged
2026-07-07T03:09:48 SKIP unchanged
2026-07-07T03:09:50 SKIP unchanged
2026-07-07T03:09:52 SKIP unchanged
2026-07-07T03:09:55 SKIP unchanged
2026-07-07T03:09:57 SKIP unchanged
2026-07-07T03:10:00 SKIP unchanged
2026-07-07T03:10:02 SKIP unchanged
2026-07-07T03:10:04 SKIP unchanged
2026-07-07T03:10:07 SKIP unchanged
2026-07-07T03:10:09 SKIP unchanged
2026-07-07T03:10:12 SKIP unchanged
2026-07-07T03:10:14 SKIP unchanged
2026-07-07T03:10:17 SKIP unchanged
2026-07-07T03:10:19 SKIP unchanged
2026-07-07T03:10:22 SKIP unchanged
2026-07-07T03:10:24 SKIP unchanged
2026-07-07T03:10:27 SKIP unchanged
2026-07-07T03:10:33 SKIP unchanged
2026-07-07T03:10:39 SKIP unchanged
2026-07-07T03:10:46 SKIP unchanged
2026-07-07T03:10:52 SKIP unchanged
2026-07-07T03:10:58 SKIP unchanged
2026-07-07T03:11:05 SKIP unchanged
2026-07-07T03:11:11 SKIP unchanged
2026-07-07T03:11:18 SKIP unchanged
2026-07-07T03:11:24 SKIP unchanged
2026-07-07T03:11:30 SKIP unchanged
2026-07-07T03:11:37 SKIP unchanged
2026-07-07T03:11:43 SKIP unchanged
2026-07-07T03:11:49 SKIP unchanged
2026-07-07T03:11:56 SKIP unchanged
2026-07-07T03:12:02 OK dump composer=False send=False q=720 changed=False
2026-07-07T03:12:05 SKIP unchanged
2026-07-07T03:12:07 SKIP unchanged
2026-07-07T03:12:09 SKIP unchanged
2026-07-07T03:12:12 SKIP unchanged
2026-07-07T03:12:14 SKIP unchanged
2026-07-07T03:12:16 SKIP unchanged
2026-07-07T03:12:19 SKIP unchanged
2026-07-07T03:12:22 SKIP unchanged
2026-07-07T03:12:24 SKIP unchanged
2026-07-07T03:12:26 SKIP unchanged
2026-07-07T03:12:28 SKIP unchanged
2026-07-07T03:12:31 SKIP unchanged
2026-07-07T03:12:33 SKIP unchanged
2026-07-07T03:12:35 SKIP unchanged
2026-07-07T03:12:38 SKIP unchanged
2026-07-07T03:12:40 SKIP unchanged
2026-07-07T03:12:43 SKIP unchanged
2026-07-07T03:12:45 SKIP unchanged
2026-07-07T03:12:48 SKIP unchanged
2026-07-07T03:12:50 SKIP unchanged
2026-07-07T03:12:52 SKIP unchanged
2026-07-07T03:12:55 SKIP unchanged
2026-07-07T03:12:57 SKIP unchanged
2026-07-07T03:12:59 SKIP unchanged
2026-07-07T03:13:01 SKIP unchanged
2026-07-07T03:13:04 SKIP unchanged
2026-07-07T03:13:06 SKIP unchanged
2026-07-07T03:13:09 SKIP unchanged
2026-07-07T03:13:11 SKIP unchanged
2026-07-07T03:13:19 SKIP unchanged
2026-07-07T03:13:27 SKIP unchanged
2026-07-07T03:13:35 SKIP unchanged
2026-07-07T03:13:44 SKIP unchanged
2026-07-07T03:13:52 SKIP unchanged
2026-07-07T03:14:00 SKIP unchanged
2026-07-07T03:14:08 SKIP unchanged
2026-07-07T03:14:16 SKIP unchanged
2026-07-07T03:14:25 SKIP unchanged
2026-07-07T03:14:33 SKIP unchanged
2026-07-07T03:14:41 SKIP unchanged
2026-07-07T03:14:49 SKIP unchanged
2026-07-07T03:14:58 SKIP unchanged
2026-07-07T03:15:06 SKIP unchanged
2026-07-07T03:15:14 SKIP unchanged
2026-07-07T03:15:22 SKIP unchanged
2026-07-07T03:15:31 SKIP unchanged
2026-07-07T03:15:39 SKIP unchanged
2026-07-07T03:15:47 SKIP unchanged
2026-07-07T03:15:56 OK dump composer=False send=False q=0 changed=True
2026-07-07T03:16:04 SKIP unchanged
2026-07-07T03:16:12 OK dump composer=False send=False q=0 changed=True
2026-07-07T03:16:20 SKIP unchanged
2026-07-07T03:16:29 SKIP unchanged
2026-07-07T03:16:37 SKIP unchanged
2026-07-07T03:16:45 SKIP unchanged
2026-07-07T03:16:53 SKIP unchanged
2026-07-07T03:17:01 SKIP unchanged
2026-07-07T03:17:09 SKIP unchanged
2026-07-07T03:17:18 SKIP unchanged
2026-07-07T03:17:26 SKIP unchanged
2026-07-07T03:17:34 SKIP unchanged
2026-07-07T03:17:42 SKIP unchanged
2026-07-07T03:17:51 SKIP unchanged
2026-07-07T03:17:59 SKIP unchanged
2026-07-07T03:18:07 SKIP unchanged
2026-07-07T03:18:15 SKIP unchanged
2026-07-07T03:18:24 SKIP unchanged
2026-07-07T03:18:32 SKIP unchanged
2026-07-07T03:18:40 SKIP unchanged
2026-07-07T03:18:49 SKIP unchanged
2026-07-07T03:18:57 SKIP unchanged
2026-07-07T03:19:05 SKIP unchanged
2026-07-07T03:19:14 SKIP unchanged
2026-07-07T03:19:22 SKIP unchanged
2026-07-07T03:19:30 SKIP unchanged
2026-07-07T03:19:39 SKIP unchanged
2026-07-07T03:19:47 SKIP unchanged
2026-07-07T03:19:56 SKIP unchanged
2026-07-07T03:20:04 SKIP unchanged
2026-07-07T03:20:12 SKIP unchanged
2026-07-07T03:20:20 SKIP unchanged
2026-07-07T03:20:28 SKIP unchanged
2026-07-07T03:20:37 SKIP unchanged
2026-07-07T03:20:45 SKIP unchanged
2026-07-07T03:20:53 SKIP unchanged
2026-07-07T03:21:02 SKIP unchanged
2026-07-07T03:21:10 SKIP unchanged
2026-07-07T03:21:18 SKIP unchanged
2026-07-07T03:21:27 SKIP unchanged
2026-07-07T03:21:35 SKIP unchanged
2026-07-07T03:21:44 SKIP unchanged
2026-07-07T03:21:52 SKIP unchanged
2026-07-07T03:22:00 SKIP unchanged
2026-07-07T03:22:09 SKIP unchanged
2026-07-07T03:22:17 SKIP unchanged
2026-07-07T03:22:25 SKIP unchanged
2026-07-07T03:22:34 OK dump composer=False send=False q=88 changed=False
2026-07-07T03:22:36 SKIP unchanged
2026-07-07T03:22:39 SKIP unchanged
2026-07-07T03:22:41 SKIP unchanged
2026-07-07T03:22:43 SKIP unchanged
2026-07-07T03:22:46 SKIP unchanged
2026-07-07T03:22:48 SKIP unchanged
2026-07-07T03:22:51 SKIP unchanged
2026-07-07T03:22:53 SKIP unchanged
2026-07-07T03:22:55 SKIP unchanged
2026-07-07T03:22:58 SKIP unchanged
2026-07-07T03:23:00 SKIP unchanged
2026-07-07T03:23:03 SKIP unchanged
2026-07-07T03:23:06 SKIP unchanged
2026-07-07T03:23:08 SKIP unchanged
2026-07-07T03:23:10 SKIP unchanged
2026-07-07T03:23:13 SKIP unchanged
2026-07-07T03:23:15 SKIP unchanged
2026-07-07T03:23:17 SKIP unchanged
2026-07-07T03:23:20 SKIP unchanged
2026-07-07T03:23:23 SKIP unchanged
2026-07-07T03:23:25 SKIP unchanged
2026-07-07T03:23:27 SKIP unchanged
2026-07-07T03:23:30 SKIP unchanged
2026-07-07T03:23:32 SKIP unchanged
2026-07-07T03:23:34 SKIP unchanged
2026-07-07T03:23:37 SKIP unchanged
2026-07-07T03:23:39 SKIP unchanged
2026-07-07T03:23:42 SKIP unchanged
2026-07-07T03:23:44 SKIP unchanged
2026-07-07T03:23:47 SKIP unchanged
2026-07-07T03:23:50 SKIP unchanged
2026-07-07T03:23:52 SKIP unchanged
2026-07-07T03:24:00 SKIP unchanged
2026-07-07T03:24:09 SKIP unchanged
2026-07-07T03:24:17 SKIP unchanged
2026-07-07T03:24:26 SKIP unchanged
2026-07-07T03:24:35 SKIP unchanged
2026-07-07T03:24:43 SKIP unchanged
2026-07-07T03:24:51 SKIP unchanged
2026-07-07T03:25:00 SKIP unchanged
2026-07-07T03:25:09 SKIP unchanged
2026-07-07T03:25:18 SKIP unchanged
2026-07-07T03:25:26 SKIP unchanged
2026-07-07T03:25:35 OK dump composer=False send=False q=88 changed=False
2026-07-07T03:25:38 SKIP unchanged
2026-07-07T03:25:41 SKIP unchanged
2026-07-07T03:25:44 SKIP unchanged
2026-07-07T03:25:46 SKIP unchanged
2026-07-07T03:25:49 SKIP unchanged
2026-07-07T03:25:52 SKIP unchanged
2026-07-07T03:25:55 SKIP unchanged
2026-07-07T03:25:58 SKIP unchanged
2026-07-07T03:26:02 SKIP unchanged
2026-07-07T03:26:04 SKIP unchanged
2026-07-07T03:26:07 SKIP unchanged
2026-07-07T03:26:10 SKIP unchanged
2026-07-07T03:26:12 SKIP unchanged
2026-07-07T03:26:15 SKIP unchanged
2026-07-07T03:26:18 SKIP unchanged
2026-07-07T03:26:20 SKIP unchanged
2026-07-07T03:26:23 SKIP unchanged
2026-07-07T03:26:25 SKIP unchanged
2026-07-07T03:26:29 SKIP unchanged
2026-07-07T03:26:32 SKIP unchanged
2026-07-07T03:26:35 SKIP unchanged
2026-07-07T03:26:38 SKIP unchanged
2026-07-07T03:26:41 SKIP unchanged
2026-07-07T03:26:43 SKIP unchanged
2026-07-07T03:26:46 SKIP unchanged
2026-07-07T03:26:48 SKIP unchanged
2026-07-07T03:26:50 SKIP unchanged
2026-07-07T03:26:53 SKIP unchanged
2026-07-07T03:26:55 SKIP unchanged
2026-07-07T03:26:57 SKIP unchanged
2026-07-07T03:27:00 SKIP unchanged
2026-07-07T03:27:02 SKIP unchanged
2026-07-07T03:27:04 SKIP unchanged
2026-07-07T03:27:07 SKIP unchanged
2026-07-07T03:27:09 SKIP unchanged
2026-07-07T03:27:13 SKIP unchanged
2026-07-07T03:27:16 SKIP unchanged
2026-07-07T03:27:19 SKIP unchanged
2026-07-07T03:27:21 SKIP unchanged
2026-07-07T03:27:23 SKIP unchanged
2026-07-07T03:27:26 SKIP unchanged
2026-07-07T03:27:29 SKIP unchanged
2026-07-07T03:27:31 SKIP unchanged
2026-07-07T03:27:33 SKIP unchanged
2026-07-07T03:27:36 SKIP unchanged
2026-07-07T03:27:38 SKIP unchanged
2026-07-07T03:27:47 SKIP unchanged
2026-07-07T03:27:55 SKIP unchanged
2026-07-07T03:28:03 SKIP unchanged
2026-07-07T03:28:11 SKIP unchanged
2026-07-07T03:28:20 SKIP unchanged
2026-07-07T03:28:28 SKIP unchanged
2026-07-07T03:28:36 SKIP unchanged
2026-07-07T03:28:45 SKIP unchanged
2026-07-07T03:28:53 SKIP unchanged
2026-07-07T03:29:01 SKIP unchanged
2026-07-07T03:29:09 SKIP unchanged
2026-07-07T03:29:18 SKIP unchanged
2026-07-07T03:29:26 SKIP unchanged
2026-07-07T03:29:34 SKIP unchanged
2026-07-07T03:29:42 SKIP unchanged
2026-07-07T03:29:50 SKIP unchanged
2026-07-07T03:29:58 SKIP unchanged
2026-07-07T03:30:07 SKIP unchanged
2026-07-07T03:30:15 SKIP unchanged
2026-07-07T03:30:23 SKIP unchanged
2026-07-07T03:30:32 SKIP unchanged
2026-07-07T03:30:40 SKIP unchanged
2026-07-07T03:30:48 SKIP unchanged
2026-07-07T03:30:56 SKIP unchanged
2026-07-07T03:31:04 SKIP unchanged
2026-07-07T03:31:12 SKIP unchanged
2026-07-07T03:31:21 SKIP unchanged
2026-07-07T03:31:29 SKIP unchanged
2026-07-07T03:31:37 SKIP unchanged
2026-07-07T03:31:45 SKIP unchanged
2026-07-07T03:31:53 SKIP unchanged
2026-07-07T03:32:01 SKIP unchanged
2026-07-07T03:32:10 SKIP unchanged
2026-07-07T03:32:18 SKIP unchanged
2026-07-07T03:32:26 SKIP unchanged
2026-07-07T03:32:34 SKIP unchanged
2026-07-07T03:32:43 OK dump composer=False send=False q=821 changed=False
2026-07-07T03:32:45 SKIP unchanged
2026-07-07T03:32:47 SKIP unchanged
2026-07-07T03:32:50 SKIP unchanged
2026-07-07T03:32:52 SKIP unchanged
2026-07-07T03:32:54 SKIP unchanged
2026-07-07T03:32:56 SKIP unchanged
2026-07-07T03:32:59 SKIP unchanged
2026-07-07T03:33:02 SKIP unchanged
2026-07-07T03:33:04 SKIP unchanged
2026-07-07T03:33:06 SKIP unchanged
2026-07-07T03:33:09 SKIP unchanged
2026-07-07T03:33:11 SKIP unchanged
2026-07-07T03:33:13 SKIP unchanged
2026-07-07T03:33:15 SKIP unchanged
2026-07-07T03:33:18 SKIP unchanged
2026-07-07T03:33:20 SKIP unchanged
2026-07-07T03:33:22 SKIP unchanged
2026-07-07T03:33:24 SKIP unchanged
2026-07-07T03:33:27 SKIP unchanged
2026-07-07T03:33:29 SKIP unchanged
2026-07-07T03:33:31 SKIP unchanged
2026-07-07T03:33:39 SKIP unchanged
2026-07-07T03:33:47 SKIP unchanged
2026-07-07T03:33:56 SKIP unchanged
2026-07-07T03:34:04 SKIP unchanged
2026-07-07T03:34:12 SKIP unchanged
2026-07-07T03:34:20 SKIP unchanged
2026-07-07T03:34:29 SKIP unchanged
2026-07-07T03:34:37 SKIP unchanged
2026-07-07T03:34:45 SKIP unchanged
2026-07-07T03:34:54 SKIP unchanged
2026-07-07T03:35:02 SKIP unchanged
2026-07-07T03:35:10 SKIP unchanged
2026-07-07T03:35:19 SKIP unchanged
2026-07-07T03:35:27 SKIP unchanged
2026-07-07T03:35:35 SKIP unchanged
2026-07-07T03:35:43 SKIP unchanged
2026-07-07T03:35:51 SKIP unchanged
2026-07-07T03:36:00 SKIP unchanged
2026-07-07T03:36:08 SKIP unchanged
2026-07-07T03:36:16 SKIP unchanged
2026-07-07T03:36:24 SKIP unchanged
2026-07-07T03:36:32 SKIP unchanged
2026-07-07T03:36:41 SKIP unchanged
2026-07-07T03:36:49 SKIP unchanged
2026-07-07T03:36:57 SKIP unchanged
2026-07-07T03:37:06 SKIP unchanged
2026-07-07T03:37:14 SKIP unchanged
2026-07-07T03:37:22 SKIP unchanged
2026-07-07T03:37:30 SKIP unchanged
2026-07-07T03:37:38 SKIP unchanged
2026-07-07T03:37:47 SKIP unchanged
2026-07-07T03:37:55 SKIP unchanged
2026-07-07T03:38:03 SKIP unchanged
2026-07-07T03:38:11 SKIP unchanged
2026-07-07T03:38:20 SKIP unchanged
2026-07-07T03:38:28 SKIP unchanged
2026-07-07T03:38:36 SKIP unchanged
2026-07-07T03:38:44 SKIP unchanged
2026-07-07T03:38:53 SKIP unchanged
2026-07-07T03:39:01 SKIP unchanged
2026-07-07T03:39:10 SKIP unchanged
2026-07-07T03:39:18 SKIP unchanged
2026-07-07T03:39:26 SKIP unchanged
2026-07-07T03:39:34 SKIP unchanged
2026-07-07T03:39:43 SKIP unchanged
2026-07-07T03:39:51 SKIP unchanged
2026-07-07T03:39:59 SKIP unchanged
2026-07-07T03:40:07 SKIP unchanged
2026-07-07T03:40:16 SKIP unchanged
2026-07-07T03:40:24 SKIP unchanged
2026-07-07T03:40:32 SKIP unchanged
2026-07-07T03:40:41 SKIP unchanged
2026-07-07T03:40:49 SKIP unchanged
2026-07-07T03:40:57 SKIP unchanged
2026-07-07T03:41:05 SKIP unchanged
2026-07-07T03:41:13 SKIP unchanged
2026-07-07T03:41:22 SKIP unchanged
2026-07-07T03:41:30 SKIP unchanged
2026-07-07T03:41:38 SKIP unchanged
2026-07-07T03:41:47 SKIP unchanged
2026-07-07T03:41:55 SKIP unchanged
2026-07-07T03:42:03 SKIP unchanged
2026-07-07T03:42:12 SKIP unchanged
2026-07-07T03:42:21 SKIP unchanged
2026-07-07T03:42:29 SKIP unchanged
2026-07-07T03:42:37 SKIP unchanged
2026-07-07T03:42:46 SKIP unchanged
2026-07-07T03:42:54 SKIP unchanged
2026-07-07T03:43:02 SKIP unchanged
2026-07-07T03:43:10 SKIP unchanged
2026-07-07T03:43:19 SKIP unchanged
2026-07-07T03:43:27 SKIP unchanged
2026-07-07T03:43:35 SKIP unchanged
2026-07-07T03:43:43 SKIP unchanged
2026-07-07T03:43:51 SKIP unchanged
2026-07-07T03:44:00 SKIP unchanged
2026-07-07T03:44:08 SKIP unchanged
2026-07-07T03:44:17 SKIP unchanged
2026-07-07T03:44:25 SKIP unchanged
2026-07-07T03:44:34 SKIP unchanged
2026-07-07T03:44:42 SKIP unchanged
2026-07-07T03:44:50 SKIP unchanged
2026-07-07T03:44:59 SKIP unchanged
2026-07-07T03:45:07 SKIP unchanged
2026-07-07T03:45:16 SKIP unchanged
2026-07-07T03:45:24 SKIP unchanged
2026-07-07T03:45:32 SKIP unchanged
2026-07-07T03:45:40 SKIP unchanged
2026-07-07T03:45:48 SKIP unchanged
2026-07-07T03:45:56 SKIP unchanged
2026-07-07T03:46:05 SKIP unchanged
2026-07-07T03:46:13 SKIP unchanged
2026-07-07T03:46:21 SKIP unchanged
2026-07-07T03:46:29 SKIP unchanged
2026-07-07T03:46:37 SKIP unchanged
2026-07-07T03:46:46 SKIP unchanged
2026-07-07T03:46:54 SKIP unchanged
2026-07-07T03:47:02 SKIP unchanged
2026-07-07T03:47:10 SKIP unchanged
2026-07-07T03:47:19 SKIP unchanged
2026-07-07T03:47:27 SKIP unchanged
2026-07-07T03:47:35 SKIP unchanged
2026-07-07T03:47:43 SKIP unchanged
2026-07-07T03:47:52 SKIP unchanged
2026-07-07T03:48:00 SKIP unchanged
2026-07-07T03:48:08 SKIP unchanged
2026-07-07T03:48:16 SKIP unchanged
2026-07-07T03:48:24 SKIP unchanged
2026-07-07T03:48:33 SKIP unchanged
2026-07-07T03:48:41 SKIP unchanged
2026-07-07T03:48:49 SKIP unchanged
2026-07-07T03:48:57 SKIP unchanged
2026-07-07T03:49:05 SKIP unchanged
2026-07-07T03:49:14 SKIP unchanged
2026-07-07T03:49:22 SKIP unchanged
2026-07-07T03:49:30 SKIP unchanged
2026-07-07T03:49:38 SKIP unchanged
2026-07-07T03:49:46 SKIP unchanged
2026-07-07T03:49:55 SKIP unchanged
2026-07-07T03:50:03 SKIP unchanged
2026-07-07T03:50:11 SKIP unchanged
2026-07-07T03:50:20 SKIP unchanged
2026-07-07T03:50:28 SKIP unchanged
2026-07-07T03:50:36 SKIP unchanged
2026-07-07T03:50:45 SKIP unchanged
2026-07-07T03:50:53 SKIP unchanged
2026-07-07T03:51:03 SKIP unchanged
2026-07-07T03:51:11 SKIP unchanged
2026-07-07T03:51:20 SKIP unchanged
2026-07-07T03:51:28 SKIP unchanged
2026-07-07T03:51:36 SKIP unchanged
2026-07-07T03:51:45 SKIP unchanged
2026-07-07T03:51:53 SKIP unchanged
2026-07-07T03:52:01 SKIP unchanged
2026-07-07T03:52:10 OK dump composer=False send=False q=416 changed=False
2026-07-07T03:52:12 SKIP unchanged
2026-07-07T03:52:15 SKIP unchanged
2026-07-07T03:52:17 SKIP unchanged
2026-07-07T03:52:19 SKIP unchanged
2026-07-07T03:52:21 SKIP unchanged
2026-07-07T03:52:24 SKIP unchanged
2026-07-07T03:52:26 SKIP unchanged
2026-07-07T03:52:29 SKIP unchanged
2026-07-07T03:52:31 SKIP unchanged
2026-07-07T03:52:33 SKIP unchanged
2026-07-07T03:52:36 SKIP unchanged
2026-07-07T03:52:38 SKIP unchanged
2026-07-07T03:52:41 SKIP unchanged
2026-07-07T03:52:43 SKIP unchanged
2026-07-07T03:52:46 SKIP unchanged
2026-07-07T03:52:49 SKIP unchanged
2026-07-07T03:52:51 SKIP unchanged
2026-07-07T03:52:54 SKIP unchanged
2026-07-07T03:52:56 SKIP unchanged
2026-07-07T03:52:59 SKIP unchanged
2026-07-07T03:53:01 SKIP unchanged
2026-07-07T03:53:04 SKIP unchanged
2026-07-07T03:53:07 SKIP unchanged
2026-07-07T03:53:09 SKIP unchanged
2026-07-07T03:53:12 SKIP unchanged
2026-07-07T03:53:14 SKIP unchanged
2026-07-07T03:53:17 SKIP unchanged
2026-07-07T03:53:20 SKIP unchanged
2026-07-07T03:53:22 SKIP unchanged
2026-07-07T03:53:25 SKIP unchanged
2026-07-07T03:53:27 SKIP unchanged
2026-07-07T03:53:30 SKIP unchanged
2026-07-07T03:53:32 SKIP unchanged
2026-07-07T03:53:35 SKIP unchanged
2026-07-07T03:53:38 SKIP unchanged
2026-07-07T03:53:40 SKIP unchanged
2026-07-07T03:53:43 SKIP unchanged
2026-07-07T03:53:46 SKIP unchanged
2026-07-07T03:53:48 SKIP unchanged
2026-07-07T03:53:51 SKIP unchanged
2026-07-07T03:53:53 SKIP unchanged
2026-07-07T03:53:56 SKIP unchanged
2026-07-07T03:53:58 SKIP unchanged
2026-07-07T03:54:01 SKIP unchanged
2026-07-07T03:54:03 SKIP unchanged
2026-07-07T03:54:05 SKIP unchanged
2026-07-07T03:54:08 SKIP unchanged
2026-07-07T03:54:10 SKIP unchanged
2026-07-07T03:54:13 SKIP unchanged
2026-07-07T03:54:15 SKIP unchanged
2026-07-07T03:54:17 SKIP unchanged
2026-07-07T03:54:19 SKIP unchanged
2026-07-07T03:54:22 SKIP unchanged
2026-07-07T03:54:24 SKIP unchanged
2026-07-07T03:54:26 SKIP unchanged
2026-07-07T03:54:29 SKIP unchanged
2026-07-07T03:54:31 SKIP unchanged
2026-07-07T03:54:33 SKIP unchanged
2026-07-07T03:54:36 SKIP unchanged
2026-07-07T03:54:38 SKIP unchanged
2026-07-07T03:54:40 SKIP unchanged
2026-07-07T03:54:48 SKIP unchanged
2026-07-07T03:54:57 SKIP unchanged
2026-07-07T03:55:05 SKIP unchanged
2026-07-07T03:55:14 SKIP unchanged
2026-07-07T03:55:22 SKIP unchanged
2026-07-07T03:55:30 SKIP unchanged
2026-07-07T03:55:38 SKIP unchanged
2026-07-07T03:55:47 SKIP unchanged
2026-07-07T03:55:55 SKIP unchanged
2026-07-07T03:56:03 SKIP unchanged
2026-07-07T03:56:11 SKIP unchanged
2026-07-07T03:56:19 SKIP unchanged
2026-07-07T03:56:27 SKIP unchanged
2026-07-07T03:56:36 SKIP unchanged
2026-07-07T03:56:44 SKIP unchanged
2026-07-07T03:56:52 SKIP unchanged
2026-07-07T03:57:00 SKIP unchanged
2026-07-07T03:57:08 SKIP unchanged
2026-07-07T03:57:16 SKIP unchanged
2026-07-07T03:57:25 SKIP unchanged
2026-07-07T03:57:33 SKIP unchanged
2026-07-07T03:57:42 SKIP unchanged
2026-07-07T03:57:50 SKIP unchanged
2026-07-07T03:57:58 SKIP unchanged
2026-07-07T03:58:07 SKIP unchanged
2026-07-07T03:58:15 SKIP unchanged
2026-07-07T03:58:23 SKIP unchanged
2026-07-07T03:58:32 SKIP unchanged
2026-07-07T03:58:40 SKIP unchanged
2026-07-07T03:58:48 SKIP unchanged
2026-07-07T03:58:56 SKIP unchanged
2026-07-07T03:59:04 SKIP unchanged
2026-07-07T03:59:13 SKIP unchanged
2026-07-07T03:59:21 SKIP unchanged
2026-07-07T03:59:29 SKIP unchanged
2026-07-07T03:59:38 SKIP unchanged
2026-07-07T03:59:46 SKIP unchanged
2026-07-07T03:59:54 SKIP unchanged
2026-07-07T04:00:02 SKIP unchanged
2026-07-07T04:00:11 SKIP unchanged
2026-07-07T04:00:20 SKIP unchanged
2026-07-07T04:00:28 SKIP unchanged
2026-07-07T04:00:36 SKIP unchanged
2026-07-07T04:00:45 SKIP unchanged
2026-07-07T04:00:53 SKIP unchanged
2026-07-07T04:01:02 SKIP unchanged
2026-07-07T04:01:10 SKIP unchanged
2026-07-07T04:01:19 SKIP unchanged
2026-07-07T04:01:27 SKIP unchanged
2026-07-07T04:01:35 SKIP unchanged
2026-07-07T04:01:44 SKIP unchanged
2026-07-07T04:01:53 SKIP unchanged
2026-07-07T04:02:01 SKIP unchanged
2026-07-07T04:02:10 SKIP unchanged
2026-07-07T04:02:18 SKIP unchanged
2026-07-07T04:02:27 SKIP unchanged
2026-07-07T04:02:35 SKIP unchanged
2026-07-07T04:02:44 SKIP unchanged
2026-07-07T04:02:53 SKIP unchanged
2026-07-07T04:03:02 SKIP unchanged
2026-07-07T04:03:10 SKIP unchanged
2026-07-07T12:25:08 OK ui_dump_loop started
2026-07-07T12:25:08 OK dump composer=False send=False q=0 changed=True
2026-07-07T12:25:17 SKIP unchanged
2026-07-07T12:25:25 SKIP unchanged
2026-07-07T12:25:34 SKIP unchanged
2026-07-07T12:25:43 SKIP unchanged
2026-07-07T12:25:51 SKIP unchanged
2026-07-07T12:26:00 SKIP unchanged
2026-07-07T12:26:08 SKIP unchanged
2026-07-07T12:26:17 SKIP unchanged
2026-07-07T12:26:25 SKIP unchanged
2026-07-07T12:26:33 SKIP unchanged
2026-07-07T12:26:42 SKIP unchanged
2026-07-07T12:26:50 SKIP unchanged
2026-07-07T12:27:00 SKIP unchanged
2026-07-07T12:27:09 SKIP unchanged
2026-07-07T12:27:17 SKIP unchanged
2026-07-07T12:27:25 SKIP unchanged
2026-07-07T12:27:35 SKIP unchanged
2026-07-07T12:27:45 SKIP unchanged
2026-07-07T12:27:54 SKIP unchanged
2026-07-07T12:28:03 SKIP unchanged
2026-07-07T12:28:11 SKIP unchanged
2026-07-07T12:28:20 SKIP unchanged
2026-07-07T12:28:28 SKIP unchanged
2026-07-07T12:28:36 SKIP unchanged
2026-07-07T12:28:44 SKIP unchanged
2026-07-07T12:28:53 SKIP unchanged
2026-07-07T12:29:01 SKIP unchanged
2026-07-07T12:29:09 SKIP unchanged
2026-07-07T12:29:18 SKIP unchanged
2026-07-07T12:29:26 SKIP unchanged
2026-07-07T12:29:34 SKIP unchanged
2026-07-07T12:29:42 SKIP unchanged
2026-07-07T12:29:51 SKIP unchanged
2026-07-07T12:29:59 SKIP unchanged
2026-07-07T12:30:07 SKIP unchanged
2026-07-07T12:30:16 SKIP unchanged
2026-07-07T12:30:24 SKIP unchanged
2026-07-07T12:30:32 SKIP unchanged
2026-07-07T12:30:41 SKIP unchanged
2026-07-07T12:30:49 SKIP unchanged
2026-07-07T12:30:57 SKIP unchanged
2026-07-07T12:31:05 SKIP unchanged
2026-07-07T12:31:14 SKIP unchanged
2026-07-07T12:31:22 SKIP unchanged
2026-07-07T12:31:30 SKIP unchanged
2026-07-07T12:31:39 SKIP unchanged
2026-07-07T12:31:47 SKIP unchanged
2026-07-07T12:31:55 SKIP unchanged
2026-07-07T12:32:03 SKIP unchanged
2026-07-07T12:32:12 SKIP unchanged
2026-07-07T12:32:20 SKIP unchanged
2026-07-07T12:32:28 SKIP unchanged
2026-07-07T12:32:37 SKIP unchanged
2026-07-07T12:32:46 SKIP unchanged
2026-07-07T12:32:54 SKIP unchanged
2026-07-07T12:33:02 SKIP unchanged
2026-07-07T12:33:11 SKIP unchanged
2026-07-07T12:33:20 SKIP unchanged
2026-07-07T12:33:28 SKIP unchanged
2026-07-07T12:33:37 SKIP unchanged
2026-07-07T12:33:45 SKIP unchanged
2026-07-07T12:33:53 SKIP unchanged
2026-07-07T12:34:02 SKIP unchanged
2026-07-07T12:34:11 SKIP unchanged
2026-07-07T12:34:20 SKIP unchanged
2026-07-07T12:34:28 SKIP unchanged
2026-07-07T12:34:36 SKIP unchanged
2026-07-07T12:34:44 SKIP unchanged
2026-07-07T12:34:53 SKIP unchanged
2026-07-07T12:35:01 SKIP unchanged
2026-07-07T12:35:09 SKIP unchanged
2026-07-07T12:35:18 SKIP unchanged
2026-07-07T12:35:26 SKIP unchanged
2026-07-07T12:35:34 SKIP unchanged
2026-07-07T12:35:43 SKIP unchanged
2026-07-07T12:35:51 SKIP unchanged
2026-07-07T12:36:00 SKIP unchanged
2026-07-07T12:36:09 SKIP unchanged
2026-07-07T12:36:19 SKIP unchanged
2026-07-07T12:36:27 SKIP unchanged
2026-07-07T12:36:37 SKIP unchanged
2026-07-07T12:36:46 SKIP unchanged
2026-07-07T12:36:54 SKIP unchanged
2026-07-07T12:37:02 SKIP unchanged
2026-07-07T12:37:10 SKIP unchanged
2026-07-07T12:37:19 SKIP unchanged
2026-07-07T12:37:27 SKIP unchanged
2026-07-07T12:37:36 SKIP unchanged
2026-07-07T12:37:44 SKIP unchanged
2026-07-07T12:37:53 SKIP unchanged
2026-07-07T12:38:01 SKIP unchanged
2026-07-07T12:38:09 SKIP unchanged
2026-07-07T12:38:18 SKIP unchanged
2026-07-07T12:38:26 SKIP unchanged
2026-07-07T12:38:34 SKIP unchanged
2026-07-07T12:38:43 SKIP unchanged
2026-07-07T12:38:51 SKIP unchanged
2026-07-07T12:38:59 SKIP unchanged
2026-07-07T12:39:07 SKIP unchanged
2026-07-07T12:39:16 SKIP unchanged
2026-07-07T12:39:24 SKIP unchanged
2026-07-07T12:39:33 SKIP unchanged
2026-07-07T12:39:41 SKIP unchanged
2026-07-07T12:39:50 SKIP unchanged
2026-07-07T12:39:59 SKIP unchanged
2026-07-07T12:40:08 SKIP unchanged
2026-07-07T12:40:18 SKIP unchanged
2026-07-07T12:40:26 SKIP unchanged
2026-07-07T12:40:35 SKIP unchanged
2026-07-07T12:40:43 SKIP unchanged
2026-07-07T12:40:53 SKIP unchanged
2026-07-07T12:41:01 SKIP unchanged
2026-07-07T12:41:10 SKIP unchanged
2026-07-07T12:41:18 SKIP unchanged
2026-07-07T12:41:26 SKIP unchanged
2026-07-07T12:41:35 SKIP unchanged
2026-07-07T12:41:43 SKIP unchanged
2026-07-07T12:41:51 SKIP unchanged
2026-07-07T12:42:00 SKIP unchanged
2026-07-07T12:42:08 SKIP unchanged
2026-07-07T12:42:16 SKIP unchanged
2026-07-07T12:42:24 SKIP unchanged
2026-07-07T12:42:33 SKIP unchanged
2026-07-07T12:42:41 SKIP unchanged
2026-07-07T12:42:50 SKIP unchanged
2026-07-07T12:42:58 SKIP unchanged
2026-07-07T12:43:06 SKIP unchanged
2026-07-07T12:43:15 SKIP unchanged
2026-07-07T12:43:23 SKIP unchanged
2026-07-07T12:43:32 SKIP unchanged
2026-07-07T12:43:41 SKIP unchanged
2026-07-07T12:43:49 SKIP unchanged
2026-07-07T12:43:57 SKIP unchanged
2026-07-07T12:44:06 SKIP unchanged
2026-07-07T12:44:14 SKIP unchanged
2026-07-07T12:44:22 SKIP unchanged
2026-07-07T12:44:30 SKIP unchanged
2026-07-07T12:44:39 SKIP unchanged
2026-07-07T12:44:47 SKIP unchanged
2026-07-07T12:44:56 SKIP unchanged
2026-07-07T12:45:04 SKIP unchanged
2026-07-07T12:45:12 SKIP unchanged
2026-07-07T12:45:21 SKIP unchanged
2026-07-07T12:45:29 SKIP unchanged
2026-07-07T12:45:37 SKIP unchanged
2026-07-07T12:45:45 SKIP unchanged
2026-07-07T12:45:54 SKIP unchanged
2026-07-07T12:46:02 SKIP unchanged
2026-07-07T12:46:10 SKIP unchanged
2026-07-07T12:46:18 SKIP unchanged
2026-07-07T12:46:27 SKIP unchanged
2026-07-07T12:46:35 SKIP unchanged
2026-07-07T12:46:43 SKIP unchanged
2026-07-07T12:46:51 SKIP unchanged
2026-07-07T12:47:00 OK dump composer=False send=False q=491 changed=False
2026-07-07T12:47:02 SKIP unchanged
2026-07-07T12:47:04 SKIP unchanged
2026-07-07T12:47:06 SKIP unchanged
2026-07-07T12:47:09 SKIP unchanged
2026-07-07T12:47:11 SKIP unchanged
2026-07-07T12:47:13 SKIP unchanged
2026-07-07T12:47:15 SKIP unchanged
2026-07-07T12:47:18 SKIP unchanged
2026-07-07T12:47:20 SKIP unchanged
2026-07-07T12:47:22 SKIP unchanged
2026-07-07T12:47:25 SKIP unchanged
2026-07-07T12:47:27 SKIP unchanged
2026-07-07T12:47:29 SKIP unchanged
2026-07-07T12:47:32 SKIP unchanged
2026-07-07T12:47:34 SKIP unchanged
2026-07-07T12:47:36 SKIP unchanged
2026-07-07T12:47:39 SKIP unchanged
2026-07-07T12:47:41 SKIP unchanged
2026-07-07T12:47:44 SKIP unchanged
2026-07-07T12:47:47 SKIP unchanged
2026-07-07T12:47:49 SKIP unchanged
2026-07-07T12:47:52 SKIP unchanged
2026-07-07T12:47:55 SKIP unchanged
2026-07-07T12:47:57 SKIP unchanged
2026-07-07T12:48:00 SKIP unchanged
2026-07-07T12:48:02 SKIP unchanged
2026-07-07T12:48:05 SKIP unchanged
2026-07-07T12:48:07 SKIP unchanged
2026-07-07T12:48:10 SKIP unchanged
2026-07-07T12:48:12 SKIP unchanged
2026-07-07T12:48:14 SKIP unchanged
2026-07-07T12:48:23 SKIP unchanged
2026-07-07T12:48:31 SKIP unchanged
2026-07-07T12:48:40 SKIP unchanged
2026-07-07T12:48:48 SKIP unchanged
2026-07-07T12:48:56 SKIP unchanged
2026-07-07T12:49:05 SKIP unchanged
2026-07-07T12:49:13 SKIP unchanged
2026-07-07T12:49:21 SKIP unchanged
2026-07-07T12:49:30 SKIP unchanged
2026-07-07T12:49:38 SKIP unchanged
2026-07-07T12:49:46 SKIP unchanged
2026-07-07T12:49:55 SKIP unchanged
2026-07-07T12:50:03 SKIP unchanged
2026-07-07T12:50:11 SKIP unchanged
2026-07-07T12:50:20 SKIP unchanged
2026-07-07T12:50:28 SKIP unchanged
2026-07-07T12:50:37 SKIP unchanged
2026-07-07T12:50:45 SKIP unchanged
2026-07-07T12:50:54 SKIP unchanged
2026-07-07T12:51:02 OK dump composer=False send=False q=0 changed=True
2026-07-07T12:51:11 SKIP unchanged
2026-07-07T12:51:19 SKIP unchanged
2026-07-07T12:51:28 OK dump composer=False send=False q=0 changed=True
2026-07-07T12:51:37 SKIP not_foreground
2026-07-07T12:51:45 SKIP not_foreground
2026-07-07T12:51:53 SKIP not_foreground
2026-07-07T12:52:02 SKIP not_foreground
2026-07-07T12:52:10 SKIP not_foreground
2026-07-07T12:52:18 SKIP not_foreground
2026-07-07T12:52:27 SKIP not_foreground
2026-07-07T12:52:35 SKIP not_foreground
2026-07-07T12:52:43 SKIP not_foreground
2026-07-07T12:52:52 SKIP not_foreground
2026-07-07T12:53:00 SKIP not_foreground
2026-07-07T12:53:08 SKIP not_foreground
2026-07-07T12:53:17 SKIP not_foreground
2026-07-07T12:53:25 SKIP not_foreground
2026-07-07T12:53:33 SKIP not_foreground
2026-07-07T12:53:42 SKIP not_foreground
2026-07-07T12:53:50 SKIP not_foreground
2026-07-07T12:53:59 SKIP not_foreground
2026-07-07T12:54:07 SKIP not_foreground
2026-07-07T12:54:15 SKIP not_foreground
2026-07-07T12:54:24 SKIP not_foreground
2026-07-07T12:54:32 SKIP not_foreground
2026-07-07T12:54:41 SKIP not_foreground
2026-07-07T12:54:50 SKIP not_foreground
2026-07-07T12:54:59 SKIP not_foreground
2026-07-07T12:55:07 SKIP not_foreground
2026-07-07T12:55:15 SKIP not_foreground
2026-07-07T12:55:23 SKIP not_foreground
2026-07-07T12:55:32 SKIP not_foreground
2026-07-07T12:55:40 SKIP not_foreground
2026-07-07T12:55:48 SKIP not_foreground
2026-07-07T12:55:57 SKIP not_foreground
2026-07-07T12:56:05 SKIP not_foreground
2026-07-07T12:56:14 SKIP not_foreground
2026-07-07T12:56:22 SKIP not_foreground
2026-07-07T12:56:30 SKIP not_foreground
2026-07-07T12:56:39 SKIP not_foreground
2026-07-07T12:56:48 SKIP not_foreground
2026-07-07T12:56:57 SKIP not_foreground
2026-07-07T12:57:05 SKIP not_foreground
2026-07-07T12:57:14 SKIP not_foreground
2026-07-07T12:57:23 SKIP not_foreground
2026-07-07T12:57:31 SKIP not_foreground
2026-07-07T12:57:40 SKIP not_foreground
2026-07-07T12:57:48 SKIP not_foreground
2026-07-07T12:57:56 SKIP not_foreground
2026-07-07T12:58:05 SKIP not_foreground
2026-07-07T12:58:13 SKIP not_foreground
2026-07-07T12:58:21 SKIP not_foreground
2026-07-07T12:58:30 SKIP not_foreground
2026-07-07T12:58:38 SKIP not_foreground
2026-07-07T12:58:47 SKIP not_foreground
2026-07-07T12:58:55 SKIP not_foreground
2026-07-07T12:59:03 SKIP not_foreground
2026-07-07T12:59:12 SKIP not_foreground
2026-07-07T12:59:20 SKIP not_foreground
2026-07-07T12:59:28 SKIP not_foreground
2026-07-07T12:59:37 SKIP not_foreground
2026-07-07T12:59:45 SKIP not_foreground
2026-07-07T12:59:54 SKIP not_foreground
2026-07-07T13:00:02 SKIP not_foreground
2026-07-07T13:00:10 SKIP not_foreground
2026-07-07T13:00:19 SKIP not_foreground
2026-07-07T13:00:27 SKIP not_foreground
2026-07-07T13:00:35 SKIP not_foreground
2026-07-07T13:00:43 SKIP not_foreground
2026-07-07T13:00:52 SKIP not_foreground
2026-07-07T13:01:00 SKIP not_foreground
2026-07-07T13:01:08 SKIP not_foreground
2026-07-07T13:01:17 SKIP not_foreground
2026-07-07T13:01:25 SKIP not_foreground
2026-07-07T13:01:33 SKIP not_foreground
2026-07-07T13:01:42 SKIP not_foreground
2026-07-07T13:01:50 SKIP not_foreground
2026-07-07T13:01:59 SKIP not_foreground
2026-07-07T13:02:07 SKIP not_foreground
2026-07-07T13:02:16 SKIP not_foreground
2026-07-07T13:02:24 SKIP not_foreground
2026-07-07T13:02:32 SKIP not_foreground
2026-07-07T13:02:41 SKIP not_foreground
2026-07-07T13:02:49 SKIP not_foreground
2026-07-07T13:02:57 SKIP not_foreground
2026-07-07T13:03:06 SKIP not_foreground
2026-07-07T13:03:14 SKIP not_foreground
2026-07-07T13:03:22 SKIP not_foreground
2026-07-07T13:03:31 SKIP not_foreground
2026-07-07T13:03:39 SKIP not_foreground
2026-07-07T13:03:47 SKIP not_foreground
2026-07-07T13:03:56 SKIP not_foreground
2026-07-07T13:04:04 SKIP not_foreground
2026-07-07T13:04:13 SKIP not_foreground
2026-07-07T13:04:22 SKIP not_foreground
2026-07-07T13:04:31 SKIP not_foreground
2026-07-07T13:04:39 SKIP not_foreground
2026-07-07T13:04:48 SKIP not_foreground
2026-07-07T13:04:57 SKIP not_foreground
2026-07-07T13:05:05 SKIP not_foreground
2026-07-07T13:05:13 SKIP not_foreground
2026-07-07T13:05:22 SKIP not_foreground
2026-07-07T13:05:30 SKIP not_foreground
2026-07-07T13:05:39 SKIP not_foreground
2026-07-07T13:05:47 SKIP not_foreground
2026-07-07T13:05:55 SKIP not_foreground
2026-07-07T13:06:04 SKIP not_foreground
2026-07-07T13:06:12 SKIP not_foreground
2026-07-07T13:06:21 SKIP not_foreground
2026-07-07T13:06:29 SKIP not_foreground
2026-07-07T13:06:37 SKIP not_foreground
2026-07-07T13:06:46 SKIP not_foreground
2026-07-07T13:06:54 SKIP not_foreground
2026-07-07T13:07:03 SKIP not_foreground
2026-07-07T13:07:11 SKIP not_foreground
2026-07-07T13:07:19 SKIP not_foreground
2026-07-07T13:07:28 SKIP not_foreground
2026-07-07T13:07:36 SKIP not_foreground
2026-07-07T13:07:44 SKIP not_foreground
2026-07-07T13:07:52 SKIP not_foreground
2026-07-07T13:08:01 SKIP not_foreground
2026-07-07T13:08:09 SKIP not_foreground
2026-07-07T13:08:17 SKIP not_foreground
2026-07-07T13:08:25 SKIP not_foreground
2026-07-07T13:08:33 SKIP not_foreground
2026-07-07T13:08:42 SKIP not_foreground
2026-07-07T13:08:50 SKIP not_foreground
2026-07-07T13:08:58 SKIP not_foreground
2026-07-07T13:09:06 SKIP not_foreground
2026-07-07T13:09:14 SKIP not_foreground
2026-07-07T13:09:23 SKIP not_foreground
2026-07-07T13:09:31 SKIP not_foreground
2026-07-07T13:09:39 SKIP not_foreground
2026-07-07T13:09:48 SKIP not_foreground
2026-07-07T13:09:56 SKIP not_foreground
2026-07-07T13:10:04 SKIP not_foreground
2026-07-07T13:10:12 SKIP not_foreground
2026-07-07T13:10:21 SKIP not_foreground
2026-07-07T13:10:29 SKIP not_foreground
2026-07-07T13:10:37 SKIP not_foreground
2026-07-07T13:10:45 SKIP not_foreground
2026-07-07T13:10:53 SKIP not_foreground
2026-07-07T13:11:02 SKIP not_foreground
2026-07-07T13:11:10 SKIP not_foreground
2026-07-07T13:11:18 SKIP not_foreground
2026-07-07T13:11:26 SKIP not_foreground
2026-07-07T13:11:34 SKIP not_foreground
2026-07-07T13:11:43 SKIP not_foreground
2026-07-07T13:11:51 SKIP not_foreground
2026-07-07T13:11:59 SKIP not_foreground
2026-07-07T13:12:07 SKIP not_foreground
2026-07-07T13:12:16 SKIP not_foreground
2026-07-07T13:12:24 SKIP not_foreground
2026-07-07T13:12:32 SKIP not_foreground
2026-07-07T13:12:41 SKIP not_foreground
2026-07-07T13:12:49 SKIP not_foreground
2026-07-07T13:12:58 SKIP not_foreground
2026-07-07T13:13:06 SKIP not_foreground
2026-07-07T13:13:14 SKIP not_foreground
2026-07-07T13:13:23 SKIP not_foreground
2026-07-07T13:13:31 SKIP not_foreground
2026-07-07T13:13:39 SKIP not_foreground
2026-07-07T13:13:48 SKIP not_foreground
2026-07-07T13:13:56 SKIP not_foreground
2026-07-07T13:14:04 SKIP not_foreground
2026-07-07T13:14:13 SKIP not_foreground
2026-07-07T13:14:21 SKIP not_foreground
2026-07-07T13:14:29 SKIP not_foreground
2026-07-07T13:14:37 SKIP not_foreground
2026-07-07T13:14:46 SKIP not_foreground
2026-07-07T13:14:54 SKIP not_foreground
2026-07-07T13:15:03 SKIP not_foreground
2026-07-07T13:15:11 SKIP not_foreground
2026-07-07T13:15:20 SKIP not_foreground
2026-07-07T13:15:28 SKIP not_foreground
2026-07-07T13:15:37 SKIP not_foreground
2026-07-07T13:15:45 SKIP not_foreground
2026-07-07T13:15:53 SKIP not_foreground
2026-07-07T13:16:02 SKIP not_foreground
2026-07-07T13:16:10 SKIP not_foreground
2026-07-07T13:16:18 SKIP not_foreground
2026-07-07T13:16:27 SKIP not_foreground
2026-07-07T13:16:36 SKIP not_foreground
2026-07-07T13:16:44 SKIP not_foreground
2026-07-07T13:16:53 SKIP not_foreground
2026-07-07T13:17:01 SKIP not_foreground
2026-07-07T13:17:09 SKIP not_foreground
2026-07-07T13:17:18 SKIP not_foreground
2026-07-07T13:17:26 SKIP not_foreground
2026-07-07T13:17:34 SKIP not_foreground
2026-07-07T13:17:43 SKIP not_foreground
2026-07-07T13:17:51 SKIP not_foreground
2026-07-07T13:18:00 SKIP not_foreground
2026-07-07T13:18:09 SKIP not_foreground
2026-07-07T13:18:17 SKIP not_foreground
2026-07-07T13:18:26 SKIP not_foreground
2026-07-07T13:18:34 SKIP not_foreground
2026-07-07T13:18:42 SKIP not_foreground
2026-07-07T13:18:51 SKIP not_foreground
2026-07-07T13:18:59 SKIP not_foreground
2026-07-07T13:19:07 SKIP not_foreground
2026-07-07T13:19:15 SKIP not_foreground
2026-07-07T13:19:23 SKIP not_foreground
2026-07-07T13:19:32 SKIP not_foreground
2026-07-07T13:19:40 SKIP not_foreground
2026-07-07T13:19:48 SKIP not_foreground
2026-07-07T13:19:56 SKIP not_foreground
2026-07-07T13:20:04 SKIP not_foreground
2026-07-07T13:20:13 SKIP not_foreground
2026-07-07T13:20:21 SKIP not_foreground
2026-07-07T13:20:29 SKIP not_foreground
2026-07-07T13:20:38 SKIP not_foreground
2026-07-07T13:20:46 SKIP not_foreground
2026-07-07T13:20:55 SKIP not_foreground
2026-07-07T13:21:04 SKIP not_foreground
2026-07-07T13:21:12 SKIP not_foreground
2026-07-07T13:21:20 SKIP not_foreground
2026-07-07T13:21:29 SKIP not_foreground
2026-07-07T13:21:37 SKIP not_foreground
2026-07-07T13:21:45 SKIP not_foreground
2026-07-07T13:21:53 SKIP not_foreground
2026-07-07T13:22:02 SKIP not_foreground
2026-07-07T13:22:10 SKIP not_foreground
2026-07-07T13:22:18 SKIP not_foreground
2026-07-07T13:22:27 SKIP not_foreground
2026-07-07T13:22:35 SKIP not_foreground
2026-07-07T13:22:43 SKIP not_foreground
2026-07-07T13:22:51 SKIP not_foreground
2026-07-07T13:23:00 SKIP not_foreground
2026-07-07T13:23:08 SKIP not_foreground
2026-07-07T13:23:16 SKIP not_foreground
2026-07-07T13:23:24 SKIP not_foreground
2026-07-07T13:23:33 SKIP not_foreground
2026-07-07T13:23:41 SKIP not_foreground
2026-07-07T13:23:49 SKIP not_foreground
2026-07-07T13:23:57 SKIP not_foreground
2026-07-07T13:24:05 SKIP not_foreground
2026-07-07T13:24:14 SKIP not_foreground
2026-07-07T13:24:22 SKIP not_foreground
2026-07-07T13:24:30 SKIP not_foreground
2026-07-07T13:24:38 SKIP not_foreground
2026-07-07T13:24:47 SKIP not_foreground
2026-07-07T13:24:57 SKIP not_foreground
2026-07-07T13:25:05 SKIP not_foreground
2026-07-07T13:25:14 SKIP not_foreground
2026-07-07T13:25:22 SKIP not_foreground
2026-07-07T13:25:31 SKIP not_foreground
2026-07-07T13:25:39 SKIP not_foreground
2026-07-07T13:25:48 SKIP not_foreground
2026-07-07T13:25:56 SKIP not_foreground
2026-07-07T13:26:04 SKIP not_foreground
2026-07-07T13:26:13 SKIP not_foreground
2026-07-07T13:26:21 SKIP not_foreground
2026-07-07T13:26:29 SKIP not_foreground
2026-07-07T13:26:38 SKIP not_foreground
2026-07-07T13:26:46 SKIP not_foreground
2026-07-07T13:26:54 SKIP not_foreground
2026-07-07T13:27:03 SKIP not_foreground
2026-07-07T13:27:11 SKIP not_foreground
2026-07-07T13:27:20 SKIP not_foreground
2026-07-07T13:27:28 SKIP not_foreground
2026-07-07T13:27:36 SKIP not_foreground
2026-07-07T13:27:45 SKIP not_foreground
2026-07-07T13:27:53 SKIP not_foreground
2026-07-07T13:28:02 SKIP not_foreground
2026-07-07T13:28:10 SKIP not_foreground
2026-07-07T13:28:18 SKIP not_foreground
2026-07-07T13:28:27 SKIP not_foreground
2026-07-07T13:28:35 SKIP not_foreground
2026-07-07T13:28:43 SKIP not_foreground
2026-07-07T13:28:52 SKIP not_foreground
2026-07-07T13:29:00 SKIP not_foreground
2026-07-07T13:29:09 SKIP not_foreground
2026-07-07T13:29:17 SKIP not_foreground
2026-07-07T13:29:25 SKIP not_foreground
2026-07-07T13:29:34 SKIP not_foreground
2026-07-07T13:29:42 SKIP not_foreground
2026-07-07T13:29:50 SKIP not_foreground
2026-07-07T13:29:59 SKIP not_foreground
2026-07-07T13:30:07 SKIP not_foreground
2026-07-07T13:30:16 SKIP not_foreground
2026-07-07T13:30:24 SKIP not_foreground
2026-07-07T13:30:32 SKIP not_foreground
2026-07-07T13:30:41 SKIP not_foreground
2026-07-07T13:30:49 SKIP not_foreground
2026-07-07T13:30:57 SKIP not_foreground
2026-07-07T13:31:06 SKIP not_foreground
2026-07-07T13:31:14 SKIP not_foreground
2026-07-07T13:31:22 SKIP not_foreground
2026-07-07T13:31:31 SKIP not_foreground
2026-07-07T13:31:39 SKIP not_foreground
2026-07-07T13:31:48 SKIP not_foreground
2026-07-07T13:31:56 SKIP not_foreground
2026-07-07T13:32:04 SKIP not_foreground
2026-07-07T13:32:13 SKIP not_foreground
2026-07-07T13:32:21 SKIP not_foreground
2026-07-07T13:32:29 SKIP not_foreground
2026-07-07T13:32:38 SKIP not_foreground
2026-07-07T13:32:47 SKIP not_foreground
2026-07-07T13:32:55 SKIP not_foreground
2026-07-07T13:33:03 SKIP not_foreground
2026-07-07T13:33:12 SKIP not_foreground
2026-07-07T13:33:20 SKIP not_foreground
2026-07-07T13:33:29 SKIP not_foreground
2026-07-07T13:33:37 SKIP not_foreground
2026-07-07T13:33:45 SKIP not_foreground
2026-07-07T13:33:54 SKIP not_foreground
2026-07-07T13:34:02 SKIP not_foreground
2026-07-07T13:34:11 SKIP not_foreground
2026-07-07T13:34:19 SKIP not_foreground
2026-07-07T13:34:28 SKIP not_foreground
2026-07-07T13:34:36 SKIP not_foreground
2026-07-07T13:34:44 SKIP not_foreground
2026-07-07T13:34:53 SKIP not_foreground
2026-07-07T13:35:01 SKIP not_foreground
2026-07-07T13:35:10 SKIP not_foreground
2026-07-07T13:35:18 SKIP not_foreground
2026-07-07T13:35:26 SKIP not_foreground
2026-07-07T13:35:35 SKIP not_foreground
2026-07-07T13:35:43 SKIP not_foreground
2026-07-07T13:35:52 SKIP not_foreground
2026-07-07T13:36:00 SKIP not_foreground
2026-07-07T13:36:09 SKIP not_foreground
2026-07-07T13:36:17 SKIP not_foreground
2026-07-07T13:36:25 SKIP not_foreground
2026-07-07T13:36:34 SKIP not_foreground
2026-07-07T13:36:43 SKIP not_foreground
2026-07-07T13:36:51 SKIP not_foreground
2026-07-07T13:37:00 SKIP not_foreground
2026-07-07T13:37:08 SKIP not_foreground
2026-07-07T13:37:17 SKIP not_foreground
2026-07-07T13:37:25 SKIP not_foreground
2026-07-07T13:37:33 SKIP not_foreground
2026-07-07T13:37:42 SKIP not_foreground
2026-07-07T13:37:50 SKIP not_foreground
2026-07-07T13:37:59 SKIP not_foreground
2026-07-07T13:38:07 SKIP not_foreground
2026-07-07T13:38:15 SKIP not_foreground
2026-07-07T13:38:23 SKIP not_foreground
2026-07-07T13:38:32 SKIP not_foreground
2026-07-07T13:38:40 SKIP not_foreground
2026-07-07T13:38:48 SKIP not_foreground
2026-07-07T13:38:57 SKIP not_foreground
2026-07-07T13:39:05 SKIP not_foreground
2026-07-07T13:39:13 SKIP not_foreground
2026-07-07T13:39:22 SKIP not_foreground
2026-07-07T13:39:30 SKIP not_foreground
2026-07-07T13:39:39 SKIP not_foreground
2026-07-07T13:39:47 SKIP not_foreground
2026-07-07T13:39:56 SKIP not_foreground
2026-07-07T13:40:04 SKIP not_foreground
2026-07-07T13:40:13 SKIP not_foreground
2026-07-07T13:40:21 SKIP not_foreground
2026-07-07T13:40:29 SKIP not_foreground
2026-07-07T13:40:37 SKIP not_foreground
2026-07-07T13:40:46 SKIP not_foreground
2026-07-07T13:40:54 SKIP not_foreground
2026-07-07T13:41:02 SKIP not_foreground
2026-07-07T13:41:10 SKIP not_foreground
2026-07-07T13:41:19 SKIP not_foreground
2026-07-07T13:41:27 SKIP not_foreground
2026-07-07T13:41:35 SKIP not_foreground
2026-07-07T13:41:43 SKIP not_foreground
2026-07-07T13:41:51 SKIP not_foreground
2026-07-07T13:42:00 SKIP not_foreground
2026-07-07T13:42:08 SKIP not_foreground
2026-07-07T13:42:16 SKIP not_foreground
2026-07-07T13:42:25 SKIP not_foreground
2026-07-07T13:42:33 SKIP not_foreground
2026-07-07T13:42:41 SKIP not_foreground
2026-07-07T13:42:49 SKIP not_foreground
2026-07-07T13:42:58 SKIP not_foreground
2026-07-07T13:43:07 SKIP not_foreground
2026-07-07T13:43:15 SKIP not_foreground
2026-07-07T13:43:24 SKIP not_foreground
2026-07-07T13:43:32 SKIP not_foreground
2026-07-07T13:43:40 SKIP not_foreground
2026-07-07T13:43:49 SKIP not_foreground
2026-07-07T13:43:57 SKIP not_foreground
2026-07-07T13:44:06 SKIP not_foreground
2026-07-07T13:44:14 SKIP not_foreground
2026-07-07T13:44:22 SKIP not_foreground
2026-07-07T13:44:31 SKIP not_foreground
2026-07-07T13:44:39 SKIP not_foreground
2026-07-07T13:44:48 SKIP not_foreground
2026-07-07T13:44:56 SKIP not_foreground
2026-07-07T13:45:04 SKIP not_foreground
2026-07-07T13:45:13 SKIP not_foreground
2026-07-07T13:45:21 SKIP not_foreground
2026-07-07T13:45:30 SKIP not_foreground
2026-07-07T13:45:38 SKIP not_foreground
2026-07-07T13:45:46 SKIP not_foreground
2026-07-07T13:45:55 SKIP not_foreground
2026-07-07T13:46:03 SKIP not_foreground
2026-07-07T13:46:11 SKIP not_foreground
2026-07-07T13:46:20 SKIP not_foreground
2026-07-07T13:46:28 SKIP not_foreground
2026-07-07T13:46:37 SKIP not_foreground
2026-07-07T13:46:45 SKIP not_foreground
2026-07-07T13:46:54 SKIP not_foreground
2026-07-07T13:47:02 SKIP not_foreground
2026-07-07T13:47:11 SKIP not_foreground
2026-07-07T13:47:19 SKIP not_foreground
2026-07-07T13:47:27 SKIP not_foreground
2026-07-07T13:47:36 SKIP not_foreground
2026-07-07T13:47:44 SKIP not_foreground
2026-07-07T13:47:52 SKIP not_foreground
2026-07-07T13:48:01 SKIP not_foreground
2026-07-07T13:48:09 SKIP not_foreground
2026-07-07T13:48:18 SKIP not_foreground
2026-07-07T13:48:26 SKIP not_foreground
2026-07-07T13:48:34 SKIP not_foreground
2026-07-07T13:48:43 SKIP not_foreground
2026-07-07T13:48:51 SKIP not_foreground
2026-07-07T13:48:59 SKIP not_foreground
2026-07-07T13:49:08 SKIP not_foreground
2026-07-07T13:49:17 SKIP not_foreground
2026-07-07T13:49:25 SKIP not_foreground
2026-07-07T13:49:33 SKIP not_foreground
2026-07-07T13:49:42 SKIP not_foreground
2026-07-07T13:49:50 SKIP not_foreground
2026-07-07T13:49:59 SKIP not_foreground
2026-07-07T13:50:07 SKIP not_foreground
2026-07-07T13:50:15 SKIP not_foreground
2026-07-07T13:50:24 SKIP not_foreground
2026-07-07T13:50:32 SKIP not_foreground
2026-07-07T13:50:40 SKIP not_foreground
2026-07-07T13:50:49 SKIP not_foreground
2026-07-07T13:50:57 SKIP not_foreground
2026-07-07T13:51:05 SKIP not_foreground
2026-07-07T13:51:14 SKIP not_foreground
2026-07-07T13:51:22 SKIP not_foreground
2026-07-07T13:51:30 SKIP not_foreground
2026-07-07T13:51:39 SKIP not_foreground
2026-07-07T13:51:47 SKIP not_foreground
2026-07-07T13:51:55 SKIP not_foreground
2026-07-07T13:52:04 SKIP not_foreground
2026-07-07T13:52:12 SKIP not_foreground
2026-07-07T13:52:21 SKIP not_foreground
2026-07-07T13:52:29 SKIP not_foreground
2026-07-07T13:52:38 SKIP not_foreground
2026-07-07T13:52:46 SKIP not_foreground
2026-07-07T13:52:54 SKIP not_foreground
2026-07-07T13:53:03 SKIP not_foreground
2026-07-07T13:53:11 SKIP not_foreground
2026-07-07T13:53:19 SKIP not_foreground
2026-07-07T13:53:28 SKIP not_foreground
2026-07-07T13:53:36 SKIP not_foreground
2026-07-07T13:53:44 SKIP not_foreground
2026-07-07T13:53:53 SKIP not_foreground
2026-07-07T13:54:01 SKIP not_foreground
2026-07-07T13:54:09 SKIP not_foreground
2026-07-07T13:54:18 SKIP not_foreground
2026-07-07T13:54:26 SKIP not_foreground
2026-07-07T13:54:35 SKIP not_foreground
2026-07-07T13:54:43 SKIP not_foreground
2026-07-07T13:54:52 SKIP not_foreground
2026-07-07T13:55:00 SKIP not_foreground
2026-07-07T13:55:08 SKIP not_foreground
2026-07-07T13:55:17 SKIP not_foreground
2026-07-07T13:55:25 SKIP not_foreground
2026-07-07T13:55:33 SKIP not_foreground
2026-07-07T13:55:42 SKIP not_foreground
2026-07-07T13:55:50 SKIP not_foreground
2026-07-07T13:55:59 SKIP not_foreground
2026-07-07T13:56:07 SKIP not_foreground
2026-07-07T13:56:15 SKIP not_foreground
2026-07-07T13:56:24 SKIP not_foreground
2026-07-07T13:56:32 SKIP not_foreground
2026-07-07T13:56:41 SKIP not_foreground
2026-07-07T13:56:49 SKIP not_foreground
2026-07-07T13:56:57 SKIP not_foreground
2026-07-07T13:57:05 SKIP not_foreground
2026-07-07T13:57:14 SKIP not_foreground
2026-07-07T13:57:22 SKIP not_foreground
2026-07-07T13:57:31 SKIP not_foreground
2026-07-07T13:57:39 SKIP not_foreground
2026-07-07T13:57:47 SKIP not_foreground
2026-07-07T13:57:55 SKIP not_foreground
2026-07-07T13:58:04 SKIP not_foreground
2026-07-07T13:58:12 SKIP not_foreground
2026-07-07T13:58:20 SKIP not_foreground
2026-07-07T13:58:28 SKIP not_foreground
2026-07-07T13:58:37 SKIP not_foreground
2026-07-07T13:58:45 SKIP not_foreground
2026-07-07T13:58:54 SKIP not_foreground
2026-07-07T13:59:02 SKIP not_foreground
2026-07-07T13:59:11 SKIP not_foreground
2026-07-07T13:59:19 SKIP not_foreground
2026-07-07T13:59:27 SKIP not_foreground
2026-07-07T13:59:35 SKIP not_foreground
2026-07-07T13:59:44 SKIP not_foreground
2026-07-07T13:59:52 SKIP not_foreground
2026-07-07T14:00:00 SKIP not_foreground
2026-07-07T14:00:09 SKIP not_foreground
2026-07-07T14:00:17 SKIP not_foreground
2026-07-07T14:00:26 SKIP not_foreground
2026-07-07T14:00:35 SKIP not_foreground
2026-07-07T14:00:43 SKIP not_foreground
2026-07-07T14:00:52 SKIP not_foreground
2026-07-07T14:01:00 SKIP not_foreground
2026-07-07T14:01:08 SKIP not_foreground
2026-07-07T14:01:16 SKIP not_foreground
2026-07-07T14:01:25 SKIP not_foreground
2026-07-07T14:01:33 SKIP not_foreground
2026-07-07T14:01:41 SKIP not_foreground
2026-07-07T14:01:49 SKIP not_foreground
2026-07-07T14:01:57 SKIP not_foreground
2026-07-07T14:02:06 SKIP not_foreground
2026-07-07T14:02:14 SKIP not_foreground
2026-07-07T14:02:22 SKIP not_foreground
2026-07-07T14:02:30 SKIP not_foreground
2026-07-07T14:02:38 SKIP not_foreground
2026-07-07T14:02:46 SKIP not_foreground
2026-07-07T14:02:55 SKIP not_foreground
2026-07-07T14:03:03 SKIP not_foreground
2026-07-07T14:03:11 SKIP not_foreground
2026-07-07T14:03:19 SKIP not_foreground
2026-07-07T14:03:27 SKIP not_foreground
2026-07-07T14:03:35 SKIP not_foreground
2026-07-07T14:03:44 SKIP not_foreground
2026-07-07T14:03:52 SKIP not_foreground
2026-07-07T14:04:00 SKIP not_foreground
2026-07-07T14:04:08 SKIP not_foreground
2026-07-07T14:04:16 SKIP not_foreground
2026-07-07T14:04:25 SKIP not_foreground
2026-07-07T14:04:33 SKIP not_foreground
2026-07-07T14:04:41 SKIP not_foreground
2026-07-07T14:04:50 SKIP not_foreground
2026-07-07T14:04:58 SKIP not_foreground
2026-07-07T14:05:06 SKIP not_foreground
2026-07-07T14:05:15 SKIP not_foreground
2026-07-07T14:05:23 SKIP not_foreground
2026-07-07T14:05:31 SKIP not_foreground
2026-07-07T14:05:40 SKIP not_foreground
2026-07-07T14:05:48 SKIP not_foreground
2026-07-07T14:05:57 SKIP not_foreground
2026-07-07T14:06:05 SKIP not_foreground
2026-07-07T14:06:13 SKIP not_foreground
2026-07-07T14:06:21 SKIP not_foreground
2026-07-07T14:06:30 SKIP not_foreground
2026-07-07T14:06:38 SKIP not_foreground
2026-07-07T14:06:46 SKIP not_foreground
2026-07-07T14:06:54 SKIP not_foreground
2026-07-07T14:07:03 SKIP not_foreground
2026-07-07T14:07:11 SKIP not_foreground
2026-07-07T14:07:19 SKIP not_foreground
2026-07-07T14:07:27 SKIP not_foreground
2026-07-07T14:07:35 SKIP not_foreground
2026-07-07T14:07:44 SKIP not_foreground
2026-07-07T14:07:52 SKIP not_foreground
2026-07-07T14:08:00 SKIP not_foreground
2026-07-07T14:08:08 SKIP not_foreground
2026-07-07T14:08:16 SKIP not_foreground
2026-07-07T14:08:25 SKIP not_foreground
2026-07-07T14:08:33 SKIP not_foreground
2026-07-07T14:08:41 SKIP not_foreground
2026-07-07T14:08:49 SKIP not_foreground
2026-07-07T14:08:58 SKIP not_foreground
2026-07-07T14:09:06 SKIP not_foreground
2026-07-07T14:09:15 SKIP not_foreground
2026-07-07T14:09:23 SKIP not_foreground
2026-07-07T14:09:32 SKIP not_foreground
2026-07-07T14:09:40 SKIP not_foreground
2026-07-07T14:09:48 SKIP not_foreground
2026-07-07T14:09:57 SKIP not_foreground
2026-07-07T14:10:05 SKIP not_foreground
2026-07-07T14:10:14 SKIP not_foreground
2026-07-07T14:10:23 SKIP not_foreground
2026-07-07T14:10:32 SKIP not_foreground
2026-07-07T14:10:41 SKIP not_foreground
2026-07-07T14:10:49 SKIP not_foreground
2026-07-07T14:10:58 SKIP not_foreground
2026-07-07T14:11:06 SKIP not_foreground
2026-07-07T14:11:15 SKIP not_foreground
2026-07-07T14:11:23 SKIP not_foreground
2026-07-07T14:11:31 SKIP not_foreground
2026-07-07T14:11:40 SKIP not_foreground
2026-07-07T14:11:48 SKIP not_foreground
2026-07-07T14:11:57 SKIP not_foreground
2026-07-07T14:12:06 SKIP not_foreground
2026-07-07T14:12:14 SKIP not_foreground
2026-07-07T14:12:24 SKIP not_foreground
2026-07-07T14:12:32 SKIP not_foreground
2026-07-07T14:12:41 SKIP not_foreground
2026-07-07T14:12:49 SKIP not_foreground
2026-07-07T14:12:57 SKIP not_foreground
2026-07-07T14:13:06 SKIP not_foreground
2026-07-07T14:13:14 SKIP not_foreground
2026-07-07T14:13:22 SKIP not_foreground
2026-07-07T14:13:31 SKIP not_foreground
2026-07-07T14:13:39 SKIP not_foreground
2026-07-07T14:13:47 SKIP not_foreground
2026-07-07T14:13:55 SKIP not_foreground
2026-07-07T14:14:04 SKIP not_foreground
2026-07-07T14:14:12 SKIP not_foreground
2026-07-07T14:14:20 SKIP not_foreground
2026-07-07T14:14:28 SKIP not_foreground
2026-07-07T14:14:37 SKIP not_foreground
2026-07-07T14:14:45 SKIP not_foreground
2026-07-07T14:14:54 SKIP not_foreground
2026-07-07T14:15:02 SKIP not_foreground
2026-07-07T14:15:11 SKIP not_foreground
2026-07-07T14:15:19 SKIP not_foreground
2026-07-07T14:15:28 SKIP not_foreground
2026-07-07T14:15:36 SKIP not_foreground
2026-07-07T14:15:45 SKIP not_foreground
2026-07-07T14:15:53 SKIP not_foreground
2026-07-07T14:16:02 SKIP not_foreground
2026-07-07T14:16:10 SKIP not_foreground
2026-07-07T14:16:19 SKIP not_foreground
2026-07-07T14:16:27 SKIP not_foreground
2026-07-07T14:16:35 SKIP not_foreground
2026-07-07T14:16:44 SKIP not_foreground
2026-07-07T14:16:52 SKIP not_foreground
2026-07-07T14:17:00 SKIP not_foreground
2026-07-07T14:17:08 SKIP not_foreground
2026-07-07T14:17:17 SKIP not_foreground
2026-07-07T14:17:25 SKIP not_foreground
2026-07-07T14:17:33 SKIP not_foreground
2026-07-07T14:17:41 SKIP not_foreground
2026-07-07T14:17:49 SKIP not_foreground
2026-07-07T14:17:58 SKIP not_foreground
2026-07-07T14:18:06 SKIP not_foreground
2026-07-07T14:18:14 SKIP not_foreground
2026-07-07T14:18:23 SKIP not_foreground
2026-07-07T14:18:31 SKIP not_foreground
2026-07-07T14:18:39 SKIP not_foreground
2026-07-07T14:18:47 SKIP not_foreground
2026-07-07T14:18:56 SKIP not_foreground
2026-07-07T14:19:05 SKIP not_foreground
2026-07-07T14:19:13 SKIP not_foreground
2026-07-07T14:19:22 SKIP not_foreground
2026-07-07T14:19:31 SKIP not_foreground
2026-07-07T14:19:39 SKIP not_foreground
2026-07-07T14:19:48 SKIP not_foreground
2026-07-07T14:19:57 SKIP not_foreground
2026-07-07T14:20:06 SKIP not_foreground
2026-07-07T14:20:14 SKIP not_foreground
2026-07-07T14:20:23 SKIP not_foreground
2026-07-07T14:20:31 SKIP not_foreground
2026-07-07T14:20:40 SKIP not_foreground
2026-07-07T14:20:48 SKIP not_foreground
2026-07-07T14:20:56 SKIP not_foreground
2026-07-07T14:21:05 SKIP not_foreground
2026-07-07T14:21:14 SKIP not_foreground
2026-07-07T14:21:22 SKIP not_foreground
2026-07-07T14:21:30 SKIP not_foreground
2026-07-07T14:21:39 SKIP not_foreground
2026-07-07T14:21:47 SKIP not_foreground
2026-07-07T14:21:56 SKIP not_foreground
2026-07-07T14:22:05 SKIP not_foreground
2026-07-07T14:22:14 SKIP not_foreground
2026-07-07T14:22:22 SKIP not_foreground
2026-07-07T14:22:31 SKIP not_foreground
2026-07-07T14:22:39 SKIP not_foreground
2026-07-07T14:22:48 SKIP not_foreground
2026-07-07T14:22:56 SKIP not_foreground
2026-07-07T14:23:04 SKIP not_foreground
2026-07-07T14:23:13 SKIP not_foreground
2026-07-07T14:23:22 SKIP not_foreground
2026-07-07T14:23:30 SKIP not_foreground
2026-07-07T14:23:39 SKIP not_foreground
2026-07-07T14:23:47 SKIP not_foreground
2026-07-07T14:23:56 SKIP not_foreground
2026-07-07T14:24:04 SKIP not_foreground
2026-07-07T14:24:13 SKIP not_foreground
2026-07-07T14:24:21 SKIP not_foreground
2026-07-07T14:24:30 SKIP not_foreground
2026-07-07T14:24:38 SKIP not_foreground
2026-07-07T14:24:47 SKIP not_foreground
2026-07-07T14:24:55 SKIP not_foreground
2026-07-07T14:25:03 SKIP not_foreground
2026-07-07T14:25:12 SKIP not_foreground
2026-07-07T14:25:20 SKIP not_foreground
2026-07-07T14:25:28 SKIP not_foreground
2026-07-07T14:25:37 SKIP not_foreground
2026-07-07T14:25:46 SKIP not_foreground
2026-07-07T14:25:54 SKIP not_foreground
2026-07-07T14:26:03 SKIP not_foreground
2026-07-07T14:26:12 SKIP not_foreground
2026-07-07T14:26:21 SKIP not_foreground
2026-07-07T14:26:29 SKIP not_foreground
2026-07-07T14:26:37 SKIP not_foreground
2026-07-07T14:26:46 SKIP not_foreground
2026-07-07T14:26:54 SKIP not_foreground
2026-07-07T14:27:02 SKIP not_foreground
2026-07-07T14:27:11 SKIP not_foreground
2026-07-07T14:27:19 SKIP not_foreground
2026-07-07T14:27:28 SKIP not_foreground
2026-07-07T14:27:36 SKIP not_foreground
2026-07-07T14:27:44 SKIP not_foreground
2026-07-07T14:27:53 SKIP not_foreground
2026-07-07T14:28:01 SKIP not_foreground
2026-07-07T14:28:09 SKIP not_foreground
2026-07-07T14:28:17 SKIP not_foreground
2026-07-07T14:28:26 SKIP not_foreground
2026-07-07T14:28:34 SKIP not_foreground
2026-07-07T14:28:42 SKIP not_foreground
2026-07-07T14:28:51 SKIP not_foreground
2026-07-07T14:28:59 SKIP not_foreground
2026-07-07T14:29:07 SKIP not_foreground
2026-07-07T14:29:16 SKIP not_foreground
2026-07-07T14:29:24 SKIP not_foreground
2026-07-07T14:29:33 SKIP not_foreground
2026-07-07T14:29:41 SKIP not_foreground
2026-07-07T14:29:49 SKIP not_foreground
2026-07-07T14:29:58 SKIP not_foreground
2026-07-07T14:30:07 SKIP not_foreground
2026-07-07T14:30:15 SKIP not_foreground
2026-07-07T14:30:24 SKIP not_foreground
2026-07-07T14:30:33 SKIP not_foreground
2026-07-07T14:30:41 SKIP not_foreground
2026-07-07T14:30:49 SKIP not_foreground
2026-07-07T14:30:58 SKIP not_foreground
2026-07-07T14:31:06 SKIP not_foreground
2026-07-07T14:31:15 SKIP not_foreground
2026-07-07T14:31:23 SKIP not_foreground
2026-07-07T14:31:31 SKIP not_foreground
2026-07-07T14:31:40 SKIP not_foreground
2026-07-07T14:31:48 SKIP not_foreground
2026-07-07T14:31:56 SKIP not_foreground
2026-07-07T14:32:05 SKIP not_foreground
2026-07-07T14:32:13 SKIP not_foreground
2026-07-07T14:32:22 SKIP not_foreground
2026-07-07T14:32:31 SKIP not_foreground
2026-07-07T14:32:39 SKIP not_foreground
2026-07-07T14:32:47 SKIP not_foreground
2026-07-07T14:32:56 SKIP not_foreground
2026-07-07T14:33:04 SKIP not_foreground
2026-07-07T14:33:12 SKIP not_foreground
2026-07-07T14:33:21 SKIP not_foreground
2026-07-07T14:33:29 SKIP not_foreground
2026-07-07T14:33:38 SKIP not_foreground
2026-07-07T14:33:46 SKIP not_foreground
2026-07-07T14:33:54 SKIP not_foreground
2026-07-07T14:34:03 SKIP not_foreground
2026-07-07T14:34:11 SKIP not_foreground
2026-07-07T14:34:20 SKIP not_foreground
2026-07-07T14:34:28 SKIP not_foreground
2026-07-07T14:34:36 SKIP not_foreground
2026-07-07T14:34:45 SKIP not_foreground
2026-07-07T14:34:53 SKIP not_foreground
2026-07-07T14:35:01 SKIP not_foreground
2026-07-07T14:35:10 SKIP not_foreground
2026-07-07T14:35:18 SKIP not_foreground
2026-07-07T14:35:26 SKIP not_foreground
2026-07-07T14:35:35 SKIP not_foreground
2026-07-07T14:35:43 SKIP not_foreground
2026-07-07T14:35:51 SKIP not_foreground
2026-07-07T14:35:59 SKIP not_foreground
2026-07-07T14:36:07 SKIP not_foreground
2026-07-07T14:36:16 SKIP not_foreground
2026-07-07T14:36:24 SKIP not_foreground
2026-07-07T14:36:32 SKIP not_foreground
2026-07-07T14:36:40 SKIP not_foreground
2026-07-07T14:36:48 SKIP not_foreground
2026-07-07T14:36:57 SKIP not_foreground
2026-07-07T14:37:05 SKIP not_foreground
2026-07-07T14:37:13 SKIP not_foreground
2026-07-07T14:37:21 SKIP not_foreground
2026-07-07T14:37:29 SKIP not_foreground
2026-07-07T14:37:38 SKIP not_foreground
2026-07-07T14:37:46 SKIP not_foreground
2026-07-07T14:37:54 SKIP not_foreground
2026-07-07T14:38:02 SKIP not_foreground
2026-07-07T14:38:10 SKIP not_foreground
2026-07-07T14:38:18 SKIP not_foreground
2026-07-07T14:38:27 SKIP not_foreground
2026-07-07T14:38:35 SKIP not_foreground
2026-07-07T14:38:44 SKIP not_foreground
2026-07-07T14:38:52 SKIP not_foreground
2026-07-07T14:39:01 SKIP not_foreground
2026-07-07T14:39:09 SKIP not_foreground
2026-07-07T14:39:17 SKIP not_foreground
2026-07-07T14:39:25 SKIP not_foreground
2026-07-07T14:39:34 SKIP not_foreground
2026-07-07T14:39:42 SKIP not_foreground
2026-07-07T14:39:50 SKIP not_foreground
2026-07-07T14:39:59 SKIP not_foreground
2026-07-07T14:40:07 SKIP not_foreground
2026-07-07T14:40:15 SKIP not_foreground
2026-07-07T14:40:23 SKIP not_foreground
2026-07-07T14:40:32 SKIP not_foreground
2026-07-07T14:40:40 SKIP not_foreground
2026-07-07T14:40:48 SKIP not_foreground
2026-07-07T14:40:56 SKIP not_foreground
2026-07-07T14:41:04 SKIP not_foreground
2026-07-07T14:41:13 SKIP not_foreground
2026-07-07T14:41:21 SKIP not_foreground
2026-07-07T14:41:29 SKIP not_foreground
2026-07-07T14:41:37 SKIP not_foreground
2026-07-07T14:41:45 SKIP not_foreground
2026-07-07T14:41:54 SKIP not_foreground
2026-07-07T14:42:02 SKIP not_foreground
2026-07-07T14:42:10 SKIP not_foreground
2026-07-07T14:42:18 SKIP not_foreground
2026-07-07T14:42:26 SKIP not_foreground
2026-07-07T14:42:34 SKIP not_foreground
2026-07-07T14:42:43 SKIP not_foreground
2026-07-07T14:42:51 SKIP not_foreground
2026-07-07T14:42:59 SKIP not_foreground
2026-07-07T14:43:07 SKIP not_foreground
2026-07-07T14:43:15 SKIP not_foreground
2026-07-07T14:43:23 SKIP not_foreground
2026-07-07T14:43:32 SKIP not_foreground
2026-07-07T14:43:40 SKIP not_foreground
2026-07-07T14:43:48 SKIP not_foreground
2026-07-07T14:43:56 SKIP not_foreground
2026-07-07T14:44:04 SKIP not_foreground
2026-07-07T14:44:13 SKIP not_foreground
2026-07-07T14:44:21 SKIP not_foreground
2026-07-07T14:44:29 SKIP not_foreground
2026-07-07T14:44:37 SKIP not_foreground
2026-07-07T14:44:45 SKIP not_foreground
2026-07-07T14:44:53 SKIP not_foreground
2026-07-07T14:45:02 SKIP not_foreground
2026-07-07T14:45:10 SKIP not_foreground
2026-07-07T14:45:18 SKIP not_foreground
2026-07-07T14:45:26 SKIP not_foreground
2026-07-07T14:45:34 SKIP not_foreground
2026-07-07T14:45:42 SKIP not_foreground
2026-07-07T14:45:51 SKIP not_foreground
2026-07-07T14:45:59 SKIP not_foreground
2026-07-07T14:46:07 SKIP not_foreground
2026-07-07T14:46:15 SKIP not_foreground
2026-07-07T14:46:23 SKIP not_foreground
2026-07-07T14:46:32 SKIP not_foreground
2026-07-07T14:46:40 SKIP not_foreground
2026-07-07T14:46:48 SKIP not_foreground
2026-07-07T14:46:56 SKIP not_foreground
2026-07-07T14:47:04 SKIP not_foreground
2026-07-07T14:47:12 SKIP not_foreground
2026-07-07T14:47:21 SKIP not_foreground
2026-07-07T14:47:29 SKIP not_foreground
2026-07-07T14:47:37 SKIP not_foreground
2026-07-07T14:47:45 SKIP not_foreground
2026-07-07T14:47:53 SKIP not_foreground
2026-07-07T14:48:01 SKIP not_foreground
2026-07-07T14:48:10 SKIP not_foreground
2026-07-07T14:48:18 SKIP not_foreground
2026-07-07T14:48:26 SKIP not_foreground
2026-07-07T14:48:34 SKIP not_foreground
2026-07-07T14:48:42 SKIP not_foreground
2026-07-07T14:48:51 SKIP not_foreground
2026-07-07T14:48:59 SKIP not_foreground
2026-07-07T14:49:07 SKIP not_foreground
2026-07-07T14:49:15 SKIP not_foreground
2026-07-07T14:49:23 SKIP not_foreground
2026-07-07T14:49:31 SKIP not_foreground
2026-07-07T14:49:40 SKIP not_foreground
2026-07-07T14:49:48 SKIP not_foreground
2026-07-07T14:49:56 SKIP not_foreground
2026-07-07T14:50:04 SKIP not_foreground
2026-07-07T14:50:12 SKIP not_foreground
2026-07-07T14:50:21 SKIP not_foreground
2026-07-07T14:50:29 SKIP not_foreground
2026-07-07T14:50:37 SKIP not_foreground
2026-07-07T14:50:45 SKIP not_foreground
2026-07-07T14:50:54 SKIP not_foreground
2026-07-07T14:51:02 SKIP not_foreground
2026-07-07T14:51:10 SKIP not_foreground
2026-07-07T14:51:18 SKIP not_foreground
2026-07-07T14:51:26 SKIP not_foreground
2026-07-07T14:51:34 SKIP not_foreground
2026-07-07T14:51:43 SKIP not_foreground
2026-07-07T14:51:51 SKIP not_foreground
2026-07-07T14:51:59 SKIP not_foreground
2026-07-07T14:52:07 SKIP not_foreground
2026-07-07T14:52:15 SKIP not_foreground
2026-07-07T14:52:24 SKIP not_foreground
2026-07-07T14:52:32 SKIP not_foreground
2026-07-07T14:52:40 SKIP not_foreground
2026-07-07T14:52:48 SKIP not_foreground
2026-07-07T14:52:56 SKIP not_foreground
2026-07-07T14:53:04 SKIP not_foreground
2026-07-07T14:53:13 SKIP not_foreground
2026-07-07T14:53:21 SKIP not_foreground
2026-07-07T14:53:29 SKIP not_foreground
2026-07-07T14:53:37 SKIP not_foreground
2026-07-07T14:53:45 SKIP not_foreground
2026-07-07T14:53:53 SKIP not_foreground
2026-07-07T14:54:02 SKIP not_foreground
2026-07-07T14:54:10 SKIP not_foreground
2026-07-07T14:54:18 SKIP not_foreground
2026-07-07T14:54:26 SKIP not_foreground
2026-07-07T14:54:34 SKIP not_foreground
2026-07-07T14:54:43 SKIP not_foreground
2026-07-07T14:54:51 SKIP not_foreground
2026-07-07T14:54:59 SKIP not_foreground
2026-07-07T14:55:07 SKIP not_foreground
2026-07-07T14:55:15 SKIP not_foreground
2026-07-07T14:55:24 SKIP not_foreground
2026-07-07T14:55:32 SKIP not_foreground
2026-07-07T14:55:40 SKIP not_foreground
2026-07-07T14:55:48 SKIP not_foreground
2026-07-07T14:55:56 SKIP not_foreground
2026-07-07T14:56:04 SKIP not_foreground
2026-07-07T14:56:13 SKIP not_foreground
2026-07-07T14:56:21 SKIP not_foreground
2026-07-07T14:56:29 SKIP not_foreground
2026-07-07T14:56:37 SKIP not_foreground
2026-07-07T14:56:45 SKIP not_foreground
2026-07-07T14:56:53 SKIP not_foreground
2026-07-07T14:57:02 SKIP not_foreground
2026-07-07T14:57:10 SKIP not_foreground
2026-07-07T14:57:18 SKIP not_foreground
2026-07-07T14:57:26 SKIP not_foreground
2026-07-07T14:57:34 SKIP not_foreground
2026-07-07T14:57:42 SKIP not_foreground
2026-07-07T14:57:51 SKIP not_foreground
2026-07-07T14:57:59 SKIP not_foreground
2026-07-07T14:58:07 SKIP not_foreground
2026-07-07T14:58:15 SKIP not_foreground
2026-07-07T14:58:23 SKIP not_foreground
2026-07-07T14:58:32 SKIP not_foreground
2026-07-07T14:58:40 SKIP not_foreground
2026-07-07T14:58:48 SKIP not_foreground
2026-07-07T14:58:56 SKIP not_foreground
2026-07-07T14:59:04 SKIP not_foreground
2026-07-07T14:59:12 SKIP not_foreground
2026-07-07T14:59:21 SKIP not_foreground
2026-07-07T14:59:29 SKIP not_foreground
2026-07-07T14:59:37 SKIP not_foreground
2026-07-07T14:59:45 SKIP not_foreground
2026-07-07T14:59:53 SKIP not_foreground
2026-07-07T15:00:02 SKIP not_foreground
2026-07-07T15:00:10 SKIP not_foreground
2026-07-07T15:00:18 SKIP not_foreground
2026-07-07T15:00:26 SKIP not_foreground
2026-07-07T15:00:34 SKIP not_foreground
2026-07-07T15:00:42 SKIP not_foreground
2026-07-07T15:00:51 SKIP not_foreground
2026-07-07T15:00:59 SKIP not_foreground
2026-07-07T15:01:07 SKIP not_foreground
2026-07-07T15:01:16 SKIP not_foreground
2026-07-07T15:01:25 SKIP not_foreground
2026-07-07T15:01:33 SKIP not_foreground
2026-07-07T15:01:42 SKIP not_foreground
2026-07-07T15:01:50 SKIP not_foreground
2026-07-07T15:01:59 SKIP not_foreground
2026-07-07T15:02:07 SKIP not_foreground
2026-07-07T15:02:15 SKIP not_foreground
2026-07-07T15:02:23 SKIP not_foreground
2026-07-07T15:02:32 SKIP not_foreground
2026-07-07T15:02:40 SKIP not_foreground
2026-07-07T15:02:48 SKIP not_foreground
2026-07-07T15:02:56 SKIP not_foreground
2026-07-07T15:03:04 SKIP not_foreground
2026-07-07T15:03:12 SKIP not_foreground
2026-07-07T15:03:21 SKIP not_foreground
2026-07-07T15:03:29 SKIP not_foreground
2026-07-07T15:03:37 SKIP not_foreground
2026-07-07T15:03:45 SKIP not_foreground
2026-07-07T15:03:53 SKIP not_foreground
2026-07-07T15:04:02 SKIP not_foreground
2026-07-07T15:04:10 SKIP not_foreground
2026-07-07T15:04:18 SKIP not_foreground
2026-07-07T15:04:26 SKIP not_foreground
2026-07-07T15:04:34 SKIP not_foreground
2026-07-07T15:04:42 SKIP not_foreground
2026-07-07T15:04:51 SKIP not_foreground
2026-07-07T15:04:59 SKIP not_foreground
2026-07-07T15:05:07 SKIP not_foreground
2026-07-07T15:05:15 SKIP not_foreground
2026-07-07T15:05:23 SKIP not_foreground
2026-07-07T15:05:31 SKIP not_foreground
2026-07-07T15:05:40 SKIP not_foreground
2026-07-07T15:05:48 SKIP not_foreground
2026-07-07T15:05:56 SKIP not_foreground
2026-07-07T15:06:04 SKIP not_foreground
2026-07-07T15:06:12 SKIP not_foreground
2026-07-07T15:06:21 SKIP not_foreground
2026-07-07T15:06:30 SKIP not_foreground
2026-07-07T15:06:38 SKIP not_foreground
2026-07-07T15:06:46 SKIP not_foreground
2026-07-07T15:06:55 SKIP not_foreground
2026-07-07T15:07:03 SKIP not_foreground
2026-07-07T15:07:11 SKIP not_foreground
2026-07-07T15:07:19 SKIP not_foreground
2026-07-07T15:07:27 SKIP not_foreground
2026-07-07T15:07:36 SKIP not_foreground
2026-07-07T15:07:44 SKIP not_foreground
2026-07-07T15:07:52 SKIP not_foreground
2026-07-07T15:08:00 SKIP not_foreground
2026-07-07T15:08:09 SKIP not_foreground
2026-07-07T15:08:18 SKIP not_foreground
2026-07-07T15:08:27 SKIP not_foreground
2026-07-07T15:08:35 SKIP not_foreground
2026-07-07T15:08:44 SKIP not_foreground
2026-07-07T15:08:53 SKIP not_foreground
2026-07-07T15:09:01 SKIP not_foreground
2026-07-07T15:09:09 SKIP not_foreground
2026-07-07T15:09:18 SKIP not_foreground
2026-07-07T15:09:26 SKIP not_foreground
2026-07-07T15:09:34 SKIP not_foreground
2026-07-07T15:09:43 SKIP not_foreground
2026-07-07T15:09:51 SKIP not_foreground
2026-07-07T15:10:00 SKIP not_foreground
2026-07-07T15:10:08 SKIP not_foreground
2026-07-07T15:10:16 SKIP not_foreground
2026-07-07T15:10:24 SKIP not_foreground
2026-07-07T15:10:33 SKIP not_foreground
2026-07-07T15:10:41 SKIP not_foreground
2026-07-07T15:10:49 SKIP not_foreground
2026-07-07T15:10:57 SKIP not_foreground
2026-07-07T15:11:05 SKIP not_foreground
2026-07-07T15:11:13 SKIP not_foreground
2026-07-07T15:11:22 SKIP not_foreground
2026-07-07T15:11:30 SKIP not_foreground
2026-07-07T15:11:38 SKIP not_foreground
2026-07-07T15:11:46 SKIP not_foreground
2026-07-07T15:11:55 SKIP not_foreground
2026-07-07T15:12:03 SKIP not_foreground
2026-07-07T15:12:11 SKIP not_foreground
2026-07-07T15:12:19 SKIP not_foreground
2026-07-07T15:12:27 SKIP not_foreground
2026-07-07T15:12:35 SKIP not_foreground
2026-07-07T15:12:44 SKIP not_foreground
2026-07-07T15:12:52 SKIP not_foreground
2026-07-07T15:13:00 SKIP not_foreground
2026-07-07T15:13:09 SKIP not_foreground
2026-07-07T15:13:17 SKIP not_foreground
2026-07-07T15:13:25 SKIP not_foreground
2026-07-07T15:13:33 SKIP not_foreground
2026-07-07T15:13:42 SKIP not_foreground
2026-07-07T15:13:50 SKIP not_foreground
2026-07-07T15:13:58 SKIP not_foreground
2026-07-07T15:14:07 SKIP not_foreground
2026-07-07T15:14:15 SKIP not_foreground
2026-07-07T15:14:23 SKIP not_foreground
2026-07-07T15:14:31 SKIP not_foreground
2026-07-07T15:14:39 SKIP not_foreground
2026-07-07T15:14:48 SKIP not_foreground
2026-07-07T15:14:56 SKIP not_foreground
2026-07-07T15:15:04 SKIP not_foreground
2026-07-07T15:15:12 SKIP not_foreground
2026-07-07T15:15:20 SKIP not_foreground
2026-07-07T15:15:28 SKIP not_foreground
2026-07-07T15:15:37 SKIP not_foreground
2026-07-07T15:15:45 SKIP not_foreground
2026-07-07T15:15:53 SKIP not_foreground
2026-07-07T15:16:01 SKIP not_foreground
2026-07-07T15:16:09 SKIP not_foreground
2026-07-07T15:16:18 SKIP not_foreground
2026-07-07T15:16:26 SKIP not_foreground
2026-07-07T15:16:35 SKIP not_foreground
2026-07-07T15:16:43 SKIP not_foreground
2026-07-07T15:16:52 SKIP not_foreground
2026-07-07T15:17:00 SKIP not_foreground
2026-07-07T15:17:08 SKIP not_foreground
2026-07-07T15:17:17 SKIP not_foreground
2026-07-07T15:17:25 SKIP not_foreground
2026-07-07T15:17:33 SKIP not_foreground
2026-07-07T15:17:42 SKIP not_foreground
2026-07-07T15:17:50 SKIP not_foreground
2026-07-07T15:17:58 SKIP not_foreground
2026-07-07T15:18:07 SKIP not_foreground
2026-07-07T15:18:15 SKIP not_foreground
2026-07-07T15:18:24 SKIP not_foreground
2026-07-07T15:18:32 SKIP not_foreground
2026-07-07T15:18:41 SKIP not_foreground
2026-07-07T15:18:49 SKIP not_foreground
2026-07-07T15:18:57 SKIP not_foreground
2026-07-07T15:19:06 SKIP not_foreground
2026-07-07T15:19:14 SKIP not_foreground
2026-07-07T15:19:23 SKIP not_foreground
2026-07-07T15:19:32 SKIP not_foreground
2026-07-07T15:19:41 SKIP not_foreground
2026-07-07T15:19:49 SKIP not_foreground
2026-07-07T15:19:58 SKIP not_foreground
2026-07-07T15:20:06 SKIP not_foreground
2026-07-07T15:20:15 SKIP not_foreground
2026-07-07T15:20:23 SKIP not_foreground
2026-07-07T15:20:31 SKIP not_foreground
2026-07-07T15:20:40 SKIP not_foreground
2026-07-07T15:20:48 SKIP not_foreground
2026-07-07T15:20:56 SKIP not_foreground
2026-07-07T15:21:04 SKIP not_foreground
2026-07-07T15:21:13 SKIP not_foreground
2026-07-07T15:21:21 SKIP not_foreground
2026-07-07T15:21:30 SKIP not_foreground
2026-07-07T15:21:38 SKIP not_foreground
2026-07-07T15:21:46 SKIP not_foreground
2026-07-07T15:21:55 SKIP not_foreground
2026-07-07T15:22:03 SKIP not_foreground
2026-07-07T15:22:11 SKIP not_foreground
2026-07-07T15:22:19 SKIP not_foreground
2026-07-07T15:22:28 SKIP not_foreground
2026-07-07T15:22:36 SKIP not_foreground
2026-07-07T15:22:45 SKIP not_foreground
2026-07-07T15:22:53 SKIP not_foreground
2026-07-07T15:23:02 SKIP not_foreground
2026-07-07T15:23:10 SKIP not_foreground
2026-07-07T15:23:19 SKIP not_foreground
2026-07-07T15:23:28 SKIP not_foreground
2026-07-07T15:23:37 SKIP not_foreground
2026-07-07T15:23:45 SKIP not_foreground
2026-07-07T15:23:54 SKIP not_foreground
2026-07-07T15:24:02 SKIP not_foreground
2026-07-07T15:24:11 SKIP not_foreground
2026-07-07T15:24:20 SKIP not_foreground
2026-07-07T15:24:28 SKIP not_foreground
2026-07-07T15:24:36 SKIP not_foreground
2026-07-07T15:24:45 SKIP not_foreground
2026-07-07T15:24:53 SKIP not_foreground
2026-07-07T15:25:02 SKIP not_foreground
2026-07-07T15:25:10 SKIP not_foreground
2026-07-07T15:25:19 SKIP not_foreground
2026-07-07T15:25:28 SKIP not_foreground
2026-07-07T15:25:36 SKIP not_foreground
2026-07-07T15:25:44 SKIP not_foreground
2026-07-07T15:25:53 SKIP not_foreground
2026-07-07T15:26:01 SKIP not_foreground
2026-07-07T15:26:10 SKIP not_foreground
2026-07-07T15:26:19 SKIP not_foreground
2026-07-07T15:26:28 SKIP not_foreground
2026-07-07T15:26:37 SKIP not_foreground
2026-07-07T15:26:46 SKIP not_foreground
2026-07-07T15:26:55 SKIP not_foreground
2026-07-07T15:27:03 SKIP not_foreground
2026-07-07T15:27:11 SKIP not_foreground
2026-07-07T15:27:20 SKIP not_foreground
2026-07-07T15:27:28 SKIP not_foreground
2026-07-07T15:27:37 SKIP not_foreground
2026-07-07T15:27:45 SKIP not_foreground
2026-07-07T15:27:54 SKIP not_foreground
2026-07-07T15:28:02 SKIP not_foreground
2026-07-07T15:28:10 SKIP not_foreground
2026-07-07T15:28:19 SKIP not_foreground
2026-07-07T15:28:27 SKIP not_foreground
2026-07-07T15:28:36 SKIP not_foreground
2026-07-07T15:28:44 SKIP not_foreground
2026-07-07T15:28:53 SKIP not_foreground
2026-07-07T15:29:01 SKIP not_foreground
2026-07-07T15:29:09 SKIP not_foreground
2026-07-07T15:29:18 SKIP not_foreground
2026-07-07T15:29:27 SKIP not_foreground
2026-07-07T15:29:35 SKIP not_foreground
2026-07-07T15:29:43 SKIP not_foreground
2026-07-07T15:29:52 SKIP not_foreground
